Archive member included to satisfy reference by file (symbol)

/opt/st/stm32cubeide_1.15.1/plugins/com.st.stm32cube.ide.mcu.externaltools.gnu-tools-for-stm32.12.3.rel1.linux64_1.0.100.202403111256/tools/bin/../lib/gcc/arm-none-eabi/12.3.1/../../../../arm-none-eabi/lib/thumb/v7e-m+fp/hard/libc_nano.a(libc_a-exit.o)
                              /opt/st/stm32cubeide_1.15.1/plugins/com.st.stm32cube.ide.mcu.externaltools.gnu-tools-for-stm32.12.3.rel1.linux64_1.0.100.202403111256/tools/bin/../lib/gcc/arm-none-eabi/12.3.1/../../../../arm-none-eabi/lib/thumb/v7e-m+fp/hard/crt0.o (exit)
/opt/st/stm32cubeide_1.15.1/plugins/com.st.stm32cube.ide.mcu.externaltools.gnu-tools-for-stm32.12.3.rel1.linux64_1.0.100.202403111256/tools/bin/../lib/gcc/arm-none-eabi/12.3.1/../../../../arm-none-eabi/lib/thumb/v7e-m+fp/hard/libc_nano.a(libc_a-itoa.o)
                              ./Drivers/API/Src/API_bme280.o (itoa)
/opt/st/stm32cubeide_1.15.1/plugins/com.st.stm32cube.ide.mcu.externaltools.gnu-tools-for-stm32.12.3.rel1.linux64_1.0.100.202403111256/tools/bin/../lib/gcc/arm-none-eabi/12.3.1/../../../../arm-none-eabi/lib/thumb/v7e-m+fp/hard/libc_nano.a(libc_a-utoa.o)
                              /opt/st/stm32cubeide_1.15.1/plugins/com.st.stm32cube.ide.mcu.externaltools.gnu-tools-for-stm32.12.3.rel1.linux64_1.0.100.202403111256/tools/bin/../lib/gcc/arm-none-eabi/12.3.1/../../../../arm-none-eabi/lib/thumb/v7e-m+fp/hard/libc_nano.a(libc_a-itoa.o) (__utoa)
/opt/st/stm32cubeide_1.15.1/plugins/com.st.stm32cube.ide.mcu.externaltools.gnu-tools-for-stm32.12.3.rel1.linux64_1.0.100.202403111256/tools/bin/../lib/gcc/arm-none-eabi/12.3.1/../../../../arm-none-eabi/lib/thumb/v7e-m+fp/hard/libc_nano.a(libc_a-findfp.o)
                              /opt/st/stm32cubeide_1.15.1/plugins/com.st.stm32cube.ide.mcu.externaltools.gnu-tools-for-stm32.12.3.rel1.linux64_1.0.100.202403111256/tools/bin/../lib/gcc/arm-none-eabi/12.3.1/../../../../arm-none-eabi/lib/thumb/v7e-m+fp/hard/libc_nano.a(libc_a-exit.o) (__stdio_exit_handler)
/opt/st/stm32cubeide_1.15.1/plugins/com.st.stm32cube.ide.mcu.externaltools.gnu-tools-for-stm32.12.3.rel1.linux64_1.0.100.202403111256/tools/bin/../lib/gcc/arm-none-eabi/12.3.1/../../../../arm-none-eabi/lib/thumb/v7e-m+fp/hard/libc_nano.a(libc_a-fwalk.o)
                              /opt/st/stm32cubeide_1.15.1/plugins/com.st.stm32cube.ide.mcu.externaltools.gnu-tools-for-stm32.12.3.rel1.linux64_1.0.100.202403111256/tools/bin/../lib/gcc/arm-none-eabi/12.3.1/../../../../arm-none-eabi/lib/thumb/v7e-m+fp/hard/libc_nano.a(libc_a-findfp.o) (_fwalk_sglue)
/opt/st/stm32cubeide_1.15.1/plugins/com.st.stm32cube.ide.mcu.externaltools.gnu-tools-for-stm32.12.3.rel1.linux64_1.0.100.202403111256/tools/bin/../lib/gcc/arm-none-eabi/12.3.1/../../../../arm-none-eabi/lib/thumb/v7e-m+fp/hard/libc_nano.a(libc_a-stdio.o)
                              /opt/st/stm32cubeide_1.15.1/plugins/com.st.stm32cube.ide.mcu.externaltools.gnu-tools-for-stm32.12.3.rel1.linux64_1.0.100.202403111256/tools/bin/../lib/gcc/arm-none-eabi/12.3.1/../../../../arm-none-eabi/lib/thumb/v7e-m+fp/hard/libc_nano.a(libc_a-findfp.o) (__sread)
/opt/st/stm32cubeide_1.15.1/plugins/com.st.stm32cube.ide.mcu.externaltools.gnu-tools-for-stm32.12.3.rel1.linux64_1.0.100.202403111256/tools/bin/../lib/gcc/arm-none-eabi/12.3.1/../../../../arm-none-eabi/lib/thumb/v7e-m+fp/hard/libc_nano.a(libc_a-memset.o)
                              /opt/st/stm32cubeide_1.15.1/plugins/com.st.stm32cube.ide.mcu.externaltools.gnu-tools-for-stm32.12.3.rel1.linux64_1.0.100.202403111256/tools/bin/../lib/gcc/arm-none-eabi/12.3.1/../../../../arm-none-eabi/lib/thumb/v7e-m+fp/hard/crt0.o (memset)
/opt/st/stm32cubeide_1.15.1/plugins/com.st.stm32cube.ide.mcu.externaltools.gnu-tools-for-stm32.12.3.rel1.linux64_1.0.100.202403111256/tools/bin/../lib/gcc/arm-none-eabi/12.3.1/../../../../arm-none-eabi/lib/thumb/v7e-m+fp/hard/libc_nano.a(libc_a-strcat.o)
                              ./Drivers/API/Src/API_bme280.o (strcat)
/opt/st/stm32cubeide_1.15.1/plugins/com.st.stm32cube.ide.mcu.externaltools.gnu-tools-for-stm32.12.3.rel1.linux64_1.0.100.202403111256/tools/bin/../lib/gcc/arm-none-eabi/12.3.1/../../../../arm-none-eabi/lib/thumb/v7e-m+fp/hard/libc_nano.a(libc_a-closer.o)
                              /opt/st/stm32cubeide_1.15.1/plugins/com.st.stm32cube.ide.mcu.externaltools.gnu-tools-for-stm32.12.3.rel1.linux64_1.0.100.202403111256/tools/bin/../lib/gcc/arm-none-eabi/12.3.1/../../../../arm-none-eabi/lib/thumb/v7e-m+fp/hard/libc_nano.a(libc_a-stdio.o) (_close_r)
/opt/st/stm32cubeide_1.15.1/plugins/com.st.stm32cube.ide.mcu.externaltools.gnu-tools-for-stm32.12.3.rel1.linux64_1.0.100.202403111256/tools/bin/../lib/gcc/arm-none-eabi/12.3.1/../../../../arm-none-eabi/lib/thumb/v7e-m+fp/hard/libc_nano.a(libc_a-reent.o)
[...]
Memory Configuration

Name             Origin             Length             Attributes
CCMRAM           0x10000000         0x00010000         xrw
RAM              0x20000000         0x00030000         xrw
FLASH            0x08000000         0x00200000         xr
*default*        0x00000000         0xffffffff

Linker script and memory map

LOAD /opt/st/stm32cubeide_1.15.1/plugins/com.st.stm32cube.ide.mcu.externaltools.gnu-tools-for-stm32.12.3.rel1.linux64_1.0.100.202403111256/tools/bin/../lib/gcc/arm-none-eabi/12.3.1/thumb/v7e-m+fp/hard/crti.o
LOAD /opt/st/stm32cubeide_1.15.1/plugins/com.st.stm32cube.ide.mcu.externaltools.gnu-tools-for-stm32.12.3.rel1.linux64_1.0.100.202403111256/tools/bin/../lib/gcc/arm-none-eabi/12.3.1/thumb/v7e-m+fp/hard/crtbegin.o
LOAD /opt/st/stm32cubeide_1.15.1/plugins/com.st.stm32cube.ide.mcu.externaltools.gnu-tools-for-stm32.12.3.rel1.linux64_1.0.100.202403111256/tools/bin/../lib/gcc/arm-none-eabi/12.3.1/../../../../arm-none-eabi/lib/thumb/v7e-m+fp/hard/crt0.o
LOAD ./Core/Src/main.o
LOAD ./Core/Src/stm32f4xx_hal_msp.o
LOAD ./Core/Src/stm32f4xx_it.o
LOAD ./Core/Src/syscalls.o
LOAD ./Core/Src/sysmem.o
LOAD ./Core/Src/system_stm32f4xx.o
LOAD ./Core/Startup/startup_stm32f429zitx.o
LOAD ./Drivers/API/Src/API_bme280.o
LOAD ./Drivers/API/Src/API_delay.o
LOAD ./Drivers/API/Src/API_fsm.o
LOAD ./Drivers/API/Src/API_lcd.o
LOAD ./Drivers/API/Src/API_lcd_port.o
LOAD ./Drivers/API/Src/API_uart.o
LOAD ./Drivers/BSP/STM32F4xx_Nucleo_144/stm32f4xx_nucleo_144.o
LOAD ./Drivers/STM32F4xx_HAL_Driver/Src/stm32f4xx_hal.o
LOAD ./Drivers/STM32F4xx_HAL_Driver/Src/stm32f4xx_hal_cortex.o
LOAD ./Drivers/STM32F4xx_HAL_Driver/Src/stm32f4xx_hal_dma.o
LOAD ./Drivers/STM32F4xx_HAL_Driver/Src/stm32f4xx_hal_dma_ex.o
LOAD ./Drivers/STM32F4xx_HAL_Driver/Src/stm32f4xx_hal_eth.o
LOAD ./Drivers/STM32F4xx_HAL_Driver/Src/stm32f4xx_hal_exti.o
LOAD ./Drivers/STM32F4xx_HAL_Driver/Src/stm32f4xx_hal_flash.o
LOAD ./Drivers/STM32F4xx_HAL_Driver/Src/stm32f4xx_hal_flash_ex.o
LOAD ./Drivers/STM32F4xx_HAL_Driver/Src/stm32f4xx_hal_flash_ramfunc.o
LOAD ./Drivers/STM32F4xx_HAL_Driver/Src/stm32f4xx_hal_gpio.o
LOAD ./Drivers/STM32F4xx_HAL_Driver/Src/stm32f4xx_hal_i2c.o
LOAD ./Drivers/STM32F4xx_HAL_Driver/Src/stm32f4xx_hal_i2c_ex.o
LOAD ./Drivers/STM32F4xx_HAL_Driver/Src/stm32f4xx_hal_pcd.o
LOAD ./Drivers/STM32F4xx_HAL_Driver/Src/stm32f4xx_hal_pcd_ex.o
LOAD ./Drivers/STM32F4xx_HAL_Driver/Src/stm32f4xx_hal_pwr.o
LOAD ./Drivers/STM32F4xx_HAL_Driver/Src/stm32f4xx_hal_pwr_ex.o
LOAD ./Drivers/STM32F4xx_HAL_Driver/Src/stm32f4xx_hal_rcc.o
LOAD ./Drivers/STM32F4xx_HAL_Driver/Src/stm32f4xx_hal_rcc_ex.o
LOAD ./Drivers/STM32F4xx_HAL_Driver/Src/stm32f4xx_hal_rtc.o
LOAD ./Drivers/STM32F4xx_HAL_Driver/Src/stm32f4xx_hal_rtc_ex.o
LOAD ./Drivers/STM32F4xx_HAL_Driver/Src/stm32f4xx_hal_spi.o
LOAD ./Drivers/STM32F4xx_HAL_Driver/Src/stm32f4xx_hal_tim.o
LOAD ./Drivers/STM32F4xx_HAL_Driver/Src/stm32f4xx_hal_tim_ex.o
LOAD ./Drivers/STM32F4xx_HAL_Driver/Src/stm32f4xx_hal_uart.o
LOAD ./Drivers/STM32F4xx_HAL_Driver/Src/stm32f4xx_ll_usb.o
START GROUP
LOAD /opt/st/stm32cubeide_1.15.1/plugins/com.st.stm32cube.ide.mcu.externaltools.gnu-tools-for-stm32.12.3.rel1.linux64_1.0.100.202403111256/tools/bin/../lib/gcc/arm-none-eabi/12.3.1/../../../../arm-none-eabi/lib/thumb/v7e-m+fp/hard/libc_nano.a
LOAD /opt/st/stm32cubeide_1.15.1/plugins/com.st.stm32cube.ide.mcu.externaltools.gnu-tools-for-stm32.12.3.rel1.linux64_1.0.100.202403111256/tools/bin/../lib/gcc/arm-none-eabi/12.3.1/../../../../arm-none-eabi/lib/thumb/v7e-m+fp/hard/libm.a
END GROUP
START GROUP
LOAD /opt/st/stm32cubeide_1.15.1/plugins/com.st.stm32cube.ide.mcu.externaltools.gnu-tools-for-stm32.12.3.rel1.linux64_1.0.100.202403111256/tools/bin/../lib/gcc/arm-none-eabi/12.3.1/thumb/v7e-m+fp/hard/libgcc.a
LOAD /opt/st/stm32cubeide_1.15.1/plugins/com.st.stm32cube.ide.mcu.externaltools.gnu-tools-for-stm32.12.3.rel1.linux64_1.0.100.202403111256/tools/bin/../lib/gcc/arm-none-eabi/12.3.1/../../../../arm-none-eabi/lib/thumb/v7e-m+fp/hard/libc_nano.a
END GROUP
START GROUP
LOAD /opt/st/stm32cubeide_1.15.1/plugins/com.st.stm32cube.ide.mcu.externaltools.gnu-tools-for-stm32.12.3.rel1.linux64_1.0.100.202403111256/tools/bin/../lib/gcc/arm-none-eabi/12.3.1/thumb/v7e-m+fp/hard/libgcc.a
LOAD /opt/st/stm32cubeide_1.15.1/plugins/com.st.stm32cube.ide.mcu.externaltools.gnu-tools-for-stm32.12.3.rel1.linux64_1.0.100.202403111256/tools/bin/../lib/gcc/arm-none-eabi/12.3.1/../../../../arm-none-eabi/lib/thumb/v7e-m+fp/hard/libc_nano.a
LOAD /opt/st/stm32cubeide_1.15.1/plugins/com.st.stm32cube.ide.mcu.externaltools.gnu-tools-for-stm32.12.3.rel1.linux64_1.0.100.202403111256/tools/bin/../lib/gcc/arm-none-eabi/12.3.1/../../../../arm-none-eabi/lib/thumb/v7e-m+fp/hard/libnosys.a
END GROUP
START GROUP
LOAD /opt/st/stm32cubeide_1.15.1/plugins/com.st.stm32cube.ide.mcu.externaltools.gnu-tools-for-stm32.12.3.rel1.linux64_1.0.100.202403111256/tools/bin/../lib/gcc/arm-none-eabi/12.3.1/thumb/v7e-m+fp/hard/libgcc.a
LOAD /opt/st/stm32cubeide_1.15.1/plugins/com.st.stm32cube.ide.mcu.externaltools.gnu-tools-for-stm32.12.3.rel1.linux64_1.0.100.202403111256/tools/bin/../lib/gcc/arm-none-eabi/12.3.1/../../../../arm-none-eabi/lib/thumb/v7e-m+fp/hard/libc_nano.a
LOAD /opt/st/stm32cubeide_1.15.1/plugins/com.st.stm32cube.ide.mcu.externaltools.gnu-tools-for-stm32.12.3.rel1.linux64_1.0.100.202403111256/tools/bin/../lib/gcc/arm-none-eabi/12.3.1/../../../../arm-none-eabi/lib/thumb/v7e-m+fp/hard/libnosys.a
END GROUP
LOAD /opt/st/stm32cubeide_1.15.1/plugins/com.st.stm32cube.ide.mcu.externaltools.gnu-tools-for-stm32.12.3.rel1.linux64_1.0.100.202403111256/tools/bin/../lib/gcc/arm-none-eabi/12.3.1/thumb/v7e-m+fp/hard/crtend.o
LOAD /opt/st/stm32cubeide_1.15.1/plugins/com.st.stm32cube.ide.mcu.externaltools.gnu-tools-for-stm32.12.3.rel1.linux64_1.0.100.202403111256/tools/bin/../lib/gcc/arm-none-eabi/12.3.1/thumb/v7e-m+fp/hard/crtn.o
                0x20030000                        _estack = (ORIGIN (RAM) + LENGTH (RAM))
                0x00000200                        _Min_Heap_Size = 0x200
                0x00000400                        _Min_Stack_Size = 0x400

.isr_vector     0x08000000      0x1ac
                0x08000000                        . = ALIGN (0x4)
 *(.isr_vector)
 .isr_vector    0x08000000      0x1ac ./Core/Startup/startup_stm32f429zitx.o
                0x08000000                g_pfnVectors
                0x080001ac                        . = ALIGN (0x4)

.text           0x080001ac     0x5a1c
                0x080001ac                        . = ALIGN (0x4)
 *(.text)
 .text          0x080001ac       0x40 /opt/st/stm32cubeide_1.15.1/plugins/com.st.stm32cube.ide.mcu.externaltools.gnu-tools-for-stm32.12.3.rel1.linux64_1.0.100.202403111256/tools/bin/../lib/gcc/arm-none-eabi/12.3.1/thumb/v7e-m+fp/hard/crtbegin.o
 .text          0x080001ec       0x10 /opt/st/stm32cubeide_1.15.1/plugins/com.st.stm32cube.ide.mcu.externaltools.gnu-tools-for-stm32.12.3.rel1.linux64_1.0.100.202403111256/tools/bin/../lib/gcc/arm-none-eabi/12.3.1/../../../../arm-none-eabi/lib/thumb/v7e-m+fp/hard/libc_nano.a(libc_a-strlen.o)
                0x080001ec                strlen
 .text          0x080001fc      0x378 /opt/st/stm32cubeide_1.15.1/plugins/com.st.stm32cube.ide.mcu.externaltools.gnu-tools-for-stm32.12.3.rel1.linux64_1.0.100.202403111256/tools/bin/../lib/gcc/arm-none-eabi/12.3.1/thumb/v7e-m+fp/hard/libgcc.a(_arm_addsubdf3.o)
                0x080001fc                __aeabi_drsub
                0x08000204                __aeabi_dsub
                0x08000204                __subdf3
                0x08000208                __adddf3
                0x08000208                __aeabi_dadd
                0x08000480                __aeabi_ui2d
                0x08000480                __floatunsidf
                0x080004a0                __floatsidf
                0x080004a0                __aeabi_i2d
                0x080004c4                __extendsfdf2
                0x080004c4                __aeabi_f2d
                0x08000508                __aeabi_ul2d
                0x08000508                __floatundidf
                0x08000518                __floatdidf
                0x08000518                __aeabi_l2d
 .text          0x08000574      0x424 /opt/st/stm32cubeide_1.15.1/plugins/com.st.stm32cube.ide.mcu.externaltools.gnu-tools-for-stm32.12.3.rel1.linux64_1.0.100.202403111256/tools/bin/../lib/gcc/arm-none-eabi/12.3.1/thumb/v7e-m+fp/hard/libgcc.a(_arm_muldivdf3.o)
                0x08000574                __aeabi_dmul
                0x08000574                __muldf3
                0x080007c8                __aeabi_ddiv
                0x080007c8                __divdf3
 .text          0x08000998       0xa0 /opt/st/stm32cubeide_1.15.1/plugins/com.st.stm32cube.ide.mcu.externaltools.gnu-tools-for-stm32.12.3.rel1.linux64_1.0.100.202403111256/tools/bin/../lib/gcc/arm-none-eabi/12.3.1/thumb/v7e-m+fp/hard/libgcc.a(_arm_truncdfsf2.o)
                0x08000998                __aeabi_d2f
                0x08000998                __truncdfsf2
 .text          0x08000a38       0x30 /opt/st/stm32cubeide_1.15.1/plugins/com.st.stm32cube.ide.mcu.externaltools.gnu-tools-for-stm32.12.3.rel1.linux64_1.0.100.202403111256/tools/bin/../lib/gcc/arm-none-eabi/12.3.1/thumb/v7e-m+fp/hard/libgcc.a(_aeabi_uldivmod.o)
                0x08000a38                __aeabi_uldivmod
 .text          0x08000a68      0x2bc /opt/st/stm32cubeide_1.15.1/plugins/com.st.stm32cube.ide.mcu.externaltools.gnu-tools-for-stm32.12.3.rel1.linux64_1.0.100.202403111256/tools/bin/../lib/gcc/arm-none-eabi/12.3.1/thumb/v7e-m+fp/hard/libgcc.a(_udivmoddi4.o)
                0x08000a68                __udivmoddi4
 .text          0x08000d24        0x4 /opt/st/stm32cubeide_1.15.1/plugins/com.st.stm32cube.ide.mcu.externaltools.gnu-tools-for-stm32.12.3.rel1.linux64_1.0.100.202403111256/tools/bin/../lib/gcc/arm-none-eabi/12.3.1/thumb/v7e-m+fp/hard/libgcc.a(_dvmd_tls.o)
                0x08000d24                __aeabi_ldiv0
                0x08000d24                __aeabi_idiv0
 *(.text*)
 .text.main     0x08000d28       0x60 ./Core/Src/main.o
                0x08000d28                main
 .text.SystemClock_Config
                0x08000d88       0xd8 ./Core/Src/main.o
                0x08000d88                SystemClock_Config
 .text.MX_I2C1_Init
                0x08000e60       0xe8 ./Core/Src/main.o
 .text.MX_SPI1_Init
                0x08000f48       0x6c ./Core/Src/main.o
 .text.MX_GPIO_Init
                0x08000fb4      0x15c ./Core/Src/main.o
 .text.MX_RTC_Init
                0x08001110       0x4c ./Core/Src/main.o
 .text.Error_Handler
                0x0800115c        0xc ./Core/Src/main.o
                0x0800115c                Error_Handler
 .text.HAL_MspInit
                0x08001168       0x50 ./Core/Src/stm32f4xx_hal_msp.o
                0x08001168                HAL_MspInit
 .text.HAL_I2C_MspInit
                0x080011b8       0x90 ./Core/Src/stm32f4xx_hal_msp.o
                0x080011b8                HAL_I2C_MspInit
 .text.HAL_RTC_MspInit
                0x08001248       0x54 ./Core/Src/stm32f4xx_hal_msp.o
                0x08001248                HAL_RTC_MspInit
 .text.HAL_SPI_MspInit
                0x0800129c       0xd0 ./Core/Src/stm32f4xx_hal_msp.o
                0x0800129c                HAL_SPI_MspInit
 .text.HAL_UART_MspInit
                0x0800136c       0x90 ./Core/Src/stm32f4xx_hal_msp.o
                0x0800136c                HAL_UART_MspInit
 .text.NMI_Handler
                0x080013fc        0x8 ./Core/Src/stm32f4xx_it.o
                0x080013fc                NMI_Handler
 .text.HardFault_Handler
                0x08001404        0x8 ./Core/Src/stm32f4xx_it.o
                0x08001404                HardFault_Handler
 .text.MemManage_Handler
                0x0800140c        0x8 ./Core/Src/stm32f4xx_it.o
                0x0800140c                MemManage_Handler
 .text.BusFault_Handler
                0x08001414        0x8 ./Core/Src/stm32f4xx_it.o
                0x08001414                BusFault_Handler
 .text.UsageFault_Handler
                0x0800141c        0x8 ./Core/Src/stm32f4xx_it.o
                0x0800141c                UsageFault_Handler
 .text.SVC_Handler
                0x08001424        0xe ./Core/Src/stm32f4xx_it.o
                0x08001424                SVC_Handler
 .text.DebugMon_Handler
                0x08001432        0xe ./Core/Src/stm32f4xx_it.o
                0x08001432                DebugMon_Handler
 .text.PendSV_Handler
                0x08001440        0xe ./Core/Src/stm32f4xx_it.o
                0x08001440                PendSV_Handler
 .text.SysTick_Handler
                0x0800144e        0xc ./Core/Src/stm32f4xx_it.o
                0x0800144e                SysTick_Handler
 *fill*         0x0800145a        0x2 
 .text.SystemInit
                0x0800145c       0x24 ./Core/Src/system_stm32f4xx.o
                0x0800145c                SystemInit
 .text.Reset_Handler
                0x08001480       0x50 ./Core/Startup/startup_stm32f429zitx.o
                0x08001480                Reset_Handler
 .text.Default_Handler
                0x080014d0        0x2 ./Core/Startup/startup_stm32f429zitx.o
                0x080014d0                RTC_Alarm_IRQHandler
                0x080014d0                HASH_RNG_IRQHandler
                0x080014d0                EXTI2_IRQHandler
                0x080014d0                TIM8_CC_IRQHandler
                0x080014d0                UART8_IRQHandler
                0x080014d0                SPI4_IRQHandler
                0x080014d0                TIM1_CC_IRQHandler
                0x080014d0                DMA2_Stream5_IRQHandler
                0x080014d0                DMA1_Stream5_IRQHandler
                0x080014d0                PVD_IRQHandler
                0x080014d0                SDIO_IRQHandler
                0x080014d0                TAMP_STAMP_IRQHandler
                0x080014d0                CAN2_RX1_IRQHandler
                0x080014d0                EXTI3_IRQHandler
                0x080014d0                TIM8_TRG_COM_TIM14_IRQHandler
                0x080014d0                TIM1_UP_TIM10_IRQHandler
                0x080014d0                TIM8_UP_TIM13_IRQHandler
                0x080014d0                I2C3_ER_IRQHandler
                0x080014d0                EXTI0_IRQHandler
                0x080014d0                I2C2_EV_IRQHandler
                0x080014d0                DMA1_Stream2_IRQHandler
                0x080014d0                CAN1_RX0_IRQHandler
                0x080014d0                FPU_IRQHandler
                0x080014d0                OTG_HS_WKUP_IRQHandler
                0x080014d0                LTDC_ER_IRQHandler
                0x080014d0                CAN2_SCE_IRQHandler
                0x080014d0                DMA2_Stream2_IRQHandler
                0x080014d0                SPI1_IRQHandler
                0x080014d0                TIM6_DAC_IRQHandler
                0x080014d0                TIM1_BRK_TIM9_IRQHandler
                0x080014d0                DCMI_IRQHandler
                0x080014d0                CAN2_RX0_IRQHandler
                0x080014d0                DMA2_Stream3_IRQHandler
                0x080014d0                USART6_IRQHandler
                0x080014d0                USART3_IRQHandler
                0x080014d0                CAN1_RX1_IRQHandler
                0x080014d0                UART5_IRQHandler
                0x080014d0                DMA2_Stream0_IRQHandler
                0x080014d0                TIM4_IRQHandler
                0x080014d0                I2C1_EV_IRQHandler
                0x080014d0                DMA1_Stream6_IRQHandler
                0x080014d0                DMA1_Stream1_IRQHandler
                0x080014d0                UART4_IRQHandler
                0x080014d0                TIM3_IRQHandler
                0x080014d0                RCC_IRQHandler
                0x080014d0                TIM8_BRK_TIM12_IRQHandler
                0x080014d0                Default_Handler
                0x080014d0                EXTI15_10_IRQHandler
                0x080014d0                ADC_IRQHandler
                0x080014d0                DMA1_Stream7_IRQHandler
                0x080014d0                SPI5_IRQHandler
                0x080014d0                TIM7_IRQHandler
                0x080014d0                CAN2_TX_IRQHandler
                0x080014d0                TIM5_IRQHandler
                0x080014d0                DMA2_Stream7_IRQHandler
                0x080014d0                I2C3_EV_IRQHandler
                0x080014d0                EXTI9_5_IRQHandler
                0x080014d0                RTC_WKUP_IRQHandler
                0x080014d0                LTDC_IRQHandler
                0x080014d0                ETH_WKUP_IRQHandler
                0x080014d0                SPI2_IRQHandler
                0x080014d0                OTG_HS_EP1_IN_IRQHandler
                0x080014d0                DMA1_Stream0_IRQHandler
                0x080014d0                CAN1_TX_IRQHandler
                0x080014d0                EXTI4_IRQHandler
                0x080014d0                ETH_IRQHandler
                0x080014d0                OTG_HS_EP1_OUT_IRQHandler
                0x080014d0                WWDG_IRQHandler
                0x080014d0                SPI6_IRQHandler
                0x080014d0                TIM2_IRQHandler
                0x080014d0                OTG_FS_WKUP_IRQHandler
                0x080014d0                TIM1_TRG_COM_TIM11_IRQHandler
                0x080014d0                OTG_HS_IRQHandler
                0x080014d0                DMA2D_IRQHandler
                0x080014d0                EXTI1_IRQHandler
                0x080014d0                UART7_IRQHandler
                0x080014d0                USART2_IRQHandler
                0x080014d0                I2C2_ER_IRQHandler
                0x080014d0                DMA2_Stream1_IRQHandler
                0x080014d0                CAN1_SCE_IRQHandler
                0x080014d0                FLASH_IRQHandler
                0x080014d0                DMA2_Stream4_IRQHandler
                0x080014d0                USART1_IRQHandler
                0x080014d0                OTG_FS_IRQHandler
                0x080014d0                SPI3_IRQHandler
                0x080014d0                DMA1_Stream4_IRQHandler
                0x080014d0                I2C1_ER_IRQHandler
                0x080014d0                FMC_IRQHandler
                0x080014d0                DMA2_Stream6_IRQHandler
                0x080014d0                SAI1_IRQHandler
                0x080014d0                DMA1_Stream3_IRQHandler
 *fill*         0x080014d2        0x2 
 .text.update_lcd_clock
                0x080014d4       0x28 ./Drivers/API/Src/API_bme280.o
                0x080014d4                update_lcd_clock
 .text.clock_init_code
                0x080014fc       0x74 ./Drivers/API/Src/API_bme280.o
                0x080014fc                clock_init_code
 .text.BME280_Error_Handler
                0x08001570        0x8 ./Drivers/API/Src/API_bme280.o
                0x08001570                BME280_Error_Handler
 .text.SPI_Write
                0x08001578       0x5c ./Drivers/API/Src/API_bme280.o
 .text.SPI_Read
                0x080015d4       0x5c ./Drivers/API/Src/API_bme280.o
 .text.tempFSM_init
                0x08001630       0x18 ./Drivers/API/Src/API_bme280.o
                0x08001630                tempFSM_init
 .text.trimmingParametersRead
                0x08001648      0x1b0 ./Drivers/API/Src/API_bme280.o
 .text.BME280_init
                0x080017f8       0x72 ./Drivers/API/Src/API_bme280.o
                0x080017f8                BME280_init
 *fill*         0x0800186a        0x2 
 .text.BME280_compensate_T_int32
                0x0800186c       0x84 ./Drivers/API/Src/API_bme280.o
 .text.bme280_compensate_H_int32
                0x080018f0       0xd8 ./Drivers/API/Src/API_bme280.o
 .text.BME280_read
                0x080019c8       0x7c ./Drivers/API/Src/API_bme280.o
 .text.eval_data
                0x08001a44       0x80 ./Drivers/API/Src/API_bme280.o
                0x08001a44                eval_data
 .text.BME280_calculate
                0x08001ac4       0x8c ./Drivers/API/Src/API_bme280.o
                0x08001ac4                BME280_calculate
 .text.prepare_sensor_data_for_uart
                0x08001b50      0x178 ./Drivers/API/Src/API_bme280.o
                0x08001b50                prepare_sensor_data_for_uart
 .text.uart_display_data
                0x08001cc8       0x1e ./Drivers/API/Src/API_bme280.o
                0x08001cc8                uart_display_data
 *fill*         0x08001ce6        0x2 
 .text.prepare_sensor_data_for_lcd
                0x08001ce8      0x100 ./Drivers/API/Src/API_bme280.o
                0x08001ce8                prepare_sensor_data_for_lcd
 .text.lcd_display_sensor_data
                0x08001de8       0x3c ./Drivers/API/Src/API_bme280.o
                0x08001de8                lcd_display_sensor_data
 .text.lcd_alarm
                0x08001e24       0x18 ./Drivers/API/Src/API_bme280.o
                0x08001e24                lcd_alarm
 .text.lcd_display_clock
                0x08001e3c       0x3c ./Drivers/API/Src/API_bme280.o
                0x08001e3c                lcd_display_clock
 .text.lcd_display_date
                0x08001e78       0x3c ./Drivers/API/Src/API_bme280.o
                0x08001e78                lcd_display_date
 .text.FSM_update
                0x08001eb4       0x2c ./Drivers/API/Src/API_bme280.o
                0x08001eb4                FSM_update
 .text.APP_init
                0x08001ee0       0x14 ./Drivers/API/Src/API_bme280.o
                0x08001ee0                APP_init
 .text.APP_update
                0x08001ef4       0x46 ./Drivers/API/Src/API_bme280.o
                0x08001ef4                APP_update
 *fill*         0x08001f3a        0x2 
 .text.Init_Lcd
                0x08001f3c       0x88 ./Drivers/API/Src/API_lcd.o
                0x08001f3c                Init_Lcd
 .text.SleepLcdBlocking
                0x08001fc4       0x16 ./Drivers/API/Src/API_lcd.o
 .text.ControlLcd
                0x08001fda       0x1c ./Drivers/API/Src/API_lcd.o
 .text.DatoLcd  0x08001ff6       0x1c ./Drivers/API/Src/API_lcd.o
                0x08001ff6                DatoLcd
 .text.DatoAsciiLcd
                0x08002012       0x20 ./Drivers/API/Src/API_lcd.o
                0x08002012                DatoAsciiLcd
 .text.DatoBCD  0x08002032       0x2c ./Drivers/API/Src/API_lcd.o
                0x08002032                DatoBCD
 .text.Envia8bitsLcd
                0x0800205e       0x3a ./Drivers/API/Src/API_lcd.o
 .text.Envia4bitsLcd
                0x08002098       0x48 ./Drivers/API/Src/API_lcd.o
 .text.SacaTextoLcd
                0x080020e0       0x2a ./Drivers/API/Src/API_lcd.o
                0x080020e0                SacaTextoLcd
 .text.PosCaracHLcd
                0x0800210a       0x20 ./Drivers/API/Src/API_lcd.o
                0x0800210a                PosCaracHLcd
 .text.PosCaracLLcd
                0x0800212a       0x20 ./Drivers/API/Src/API_lcd.o
                0x0800212a                PosCaracLLcd
 *fill*         0x0800214a        0x2 
 .text.LCD_HAL_I2C_Write
                0x0800214c       0x34 ./Drivers/API/Src/API_lcd_port.o
                0x0800214c                LCD_HAL_I2C_Write
 .text.uartInit
                0x08002180       0x60 ./Drivers/API/Src/API_uart.o
                0x08002180                uartInit
 .text.uartSendString
                0x080021e0       0x50 ./Drivers/API/Src/API_uart.o
                0x080021e0                uartSendString
 .text.Error_Handler
                0x08002230        0x8 ./Drivers/API/Src/API_uart.o
 .text.BSP_LED_Init
                0x08002238       0xa0 ./Drivers/BSP/STM32F4xx_Nucleo_144/stm32f4xx_nucleo_144.o
                0x08002238                BSP_LED_Init
 .text.BSP_LED_Toggle
                0x080022d8       0x34 ./Drivers/BSP/STM32F4xx_Nucleo_144/stm32f4xx_nucleo_144.o
                0x080022d8                BSP_LED_Toggle
 .text.HAL_Init
                0x0800230c       0x44 ./Drivers/STM32F4xx_HAL_Driver/Src/stm32f4xx_hal.o
                0x0800230c                HAL_Init
 .text.HAL_InitTick
                0x08002350       0x60 ./Drivers/STM32F4xx_HAL_Driver/Src/stm32f4xx_hal.o
                0x08002350                HAL_InitTick
 .text.HAL_IncTick
                0x080023b0       0x28 ./Drivers/STM32F4xx_HAL_Driver/Src/stm32f4xx_hal.o
                0x080023b0                HAL_IncTick
 .text.HAL_GetTick
                0x080023d8       0x18 ./Drivers/STM32F4xx_HAL_Driver/Src/stm32f4xx_hal.o
                0x080023d8                HAL_GetTick
 .text.HAL_Delay
                0x080023f0       0x48 ./Drivers/STM32F4xx_HAL_Driver/Src/stm32f4xx_hal.o
                0x080023f0                HAL_Delay
 .text.__NVIC_SetPriorityGrouping
                0x08002438       0x48 ./Drivers/STM32F4xx_HAL_Driver/Src/stm32f4xx_hal_cortex.o
 .text.__NVIC_GetPriorityGrouping
                0x08002480       0x1c ./Drivers/STM32F4xx_HAL_Driver/Src/stm32f4xx_hal_cortex.o
 .text.__NVIC_SetPriority
                0x0800249c       0x54 ./Drivers/STM32F4xx_HAL_Driver/Src/stm32f4xx_hal_cortex.o
 .text.NVIC_EncodePriority
                0x080024f0       0x66 ./Drivers/STM32F4xx_HAL_Driver/Src/stm32f4xx_hal_cortex.o
 *fill*         0x08002556        0x2 
 .text.SysTick_Config
                0x08002558       0x44 ./Drivers/STM32F4xx_HAL_Driver/Src/stm32f4xx_hal_cortex.o
 .text.HAL_NVIC_SetPriorityGrouping
                0x0800259c       0x16 ./Drivers/STM32F4xx_HAL_Driver/Src/stm32f4xx_hal_cortex.o
                0x0800259c                HAL_NVIC_SetPriorityGrouping
 .text.HAL_NVIC_SetPriority
                0x080025b2       0x38 ./Drivers/STM32F4xx_HAL_Driver/Src/stm32f4xx_hal_cortex.o
                0x080025b2                HAL_NVIC_SetPriority
 .text.HAL_SYSTICK_Config
                0x080025ea       0x18 ./Drivers/STM32F4xx_HAL_Driver/Src/stm32f4xx_hal_cortex.o
                0x080025ea                HAL_SYSTICK_Config
 *fill*         0x08002602        0x2 
 .text.HAL_GPIO_Init
                0x08002604      0x358 ./Drivers/STM32F4xx_HAL_Driver/Src/stm32f4xx_hal_gpio.o
                0x08002604                HAL_GPIO_Init
 .text.HAL_GPIO_WritePin
                0x0800295c       0x32 ./Drivers/STM32F4xx_HAL_Driver/Src/stm32f4xx_hal_gpio.o
                0x0800295c                HAL_GPIO_WritePin
 .text.HAL_GPIO_TogglePin
                0x0800298e       0x34 ./Drivers/STM32F4xx_HAL_Driver/Src/stm32f4xx_hal_gpio.o
                0x0800298e                HAL_GPIO_TogglePin
 *fill*         0x080029c2        0x2 
 .text.HAL_I2C_Init
                0x080029c4      0x288 ./Drivers/STM32F4xx_HAL_Driver/Src/stm32f4xx_hal_i2c.o
                0x080029c4                HAL_I2C_Init
 .text.HAL_I2C_Master_Transmit
                0x08002c4c      0x1fc ./Drivers/STM32F4xx_HAL_Driver/Src/stm32f4xx_hal_i2c.o
                0x08002c4c                HAL_I2C_Master_Transmit
 .text.I2C_MasterRequestWrite
                0x08002e48      0x104 ./Drivers/STM32F4xx_HAL_Driver/Src/stm32f4xx_hal_i2c.o
 .text.I2C_WaitOnFlagUntilTimeout
                0x08002f4c       0xf4 ./Drivers/STM32F4xx_HAL_Driver/Src/stm32f4xx_hal_i2c.o
 .text.I2C_WaitOnMasterAddressFlagUntilTimeout
                0x08003040      0x140 ./Drivers/STM32F4xx_HAL_Driver/Src/stm32f4xx_hal_i2c.o
 .text.I2C_WaitOnTXEFlagUntilTimeout
                0x08003180       0x90 ./Drivers/STM32F4xx_HAL_Driver/Src/stm32f4xx_hal_i2c.o
 .text.I2C_WaitOnBTFFlagUntilTimeout
                0x08003210       0x90 ./Drivers/STM32F4xx_HAL_Driver/Src/stm32f4xx_hal_i2c.o
 .text.I2C_IsAcknowledgeFailed
                0x080032a0       0x5e ./Drivers/STM32F4xx_HAL_Driver/Src/stm32f4xx_hal_i2c.o
 .text.HAL_I2CEx_ConfigAnalogFilter
                0x080032fe       0x78 ./Drivers/STM32F4xx_HAL_Driver/Src/stm32f4xx_hal_i2c_ex.o
                0x080032fe                HAL_I2CEx_ConfigAnalogFilter
 .text.HAL_I2CEx_ConfigDigitalFilter
                0x08003376       0x7e ./Drivers/STM32F4xx_HAL_Driver/Src/stm32f4xx_hal_i2c_ex.o
                0x08003376                HAL_I2CEx_ConfigDigitalFilter
 .text.HAL_RCC_OscConfig
                0x080033f4      0x4f0 ./Drivers/STM32F4xx_HAL_Driver/Src/stm32f4xx_hal_rcc.o
                0x080033f4                HAL_RCC_OscConfig
 .text.HAL_RCC_ClockConfig
                0x080038e4      0x1cc ./Drivers/STM32F4xx_HAL_Driver/Src/stm32f4xx_hal_rcc.o
                0x080038e4                HAL_RCC_ClockConfig
 .text.HAL_RCC_GetSysClockFreq
                0x08003ab0      0x20c ./Drivers/STM32F4xx_HAL_Driver/Src/stm32f4xx_hal_rcc.o
                0x08003ab0                HAL_RCC_GetSysClockFreq
 .text.HAL_RCC_GetHCLKFreq
                0x08003cbc       0x18 ./Drivers/STM32F4xx_HAL_Driver/Src/stm32f4xx_hal_rcc.o
                0x08003cbc                HAL_RCC_GetHCLKFreq
 .text.HAL_RCC_GetPCLK1Freq
                0x08003cd4       0x28 ./Drivers/STM32F4xx_HAL_Driver/Src/stm32f4xx_hal_rcc.o
                0x08003cd4                HAL_RCC_GetPCLK1Freq
 .text.HAL_RCC_GetPCLK2Freq
                0x08003cfc       0x28 ./Drivers/STM32F4xx_HAL_Driver/Src/stm32f4xx_hal_rcc.o
                0x08003cfc                HAL_RCC_GetPCLK2Freq
 .text.HAL_RCCEx_PeriphCLKConfig
                0x08003d24      0x380 ./Drivers/STM32F4xx_HAL_Driver/Src/stm32f4xx_hal_rcc_ex.o
                0x08003d24                HAL_RCCEx_PeriphCLKConfig
 .text.HAL_RTC_Init
                0x080040a4      0x106 ./Drivers/STM32F4xx_HAL_Driver/Src/stm32f4xx_hal_rtc.o
                0x080040a4                HAL_RTC_Init
 .text.HAL_RTC_SetTime
                0x080041aa      0x134 ./Drivers/STM32F4xx_HAL_Driver/Src/stm32f4xx_hal_rtc.o
                0x080041aa                HAL_RTC_SetTime
 .text.HAL_RTC_GetTime
                0x080042de       0xbc ./Drivers/STM32F4xx_HAL_Driver/Src/stm32f4xx_hal_rtc.o
                0x080042de                HAL_RTC_GetTime
 .text.HAL_RTC_SetDate
                0x0800439a      0x108 ./Drivers/STM32F4xx_HAL_Driver/Src/stm32f4xx_hal_rtc.o
                0x0800439a                HAL_RTC_SetDate
 .text.HAL_RTC_GetDate
                0x080044a2       0x9e ./Drivers/STM32F4xx_HAL_Driver/Src/stm32f4xx_hal_rtc.o
                0x080044a2                HAL_RTC_GetDate
 .text.HAL_RTC_WaitForSynchro
                0x08004540       0x4c ./Drivers/STM32F4xx_HAL_Driver/Src/stm32f4xx_hal_rtc.o
                0x08004540                HAL_RTC_WaitForSynchro
 .text.RTC_EnterInitMode
                0x0800458c       0x6e ./Drivers/STM32F4xx_HAL_Driver/Src/stm32f4xx_hal_rtc.o
                0x0800458c                RTC_EnterInitMode
 .text.RTC_ExitInitMode
                0x080045fa       0x4a ./Drivers/STM32F4xx_HAL_Driver/Src/stm32f4xx_hal_rtc.o
                0x080045fa                RTC_ExitInitMode
 .text.RTC_ByteToBcd2
                0x08004644       0x3c ./Drivers/STM32F4xx_HAL_Driver/Src/stm32f4xx_hal_rtc.o
                0x08004644                RTC_ByteToBcd2
 .text.RTC_Bcd2ToByte
                0x08004680       0x3c ./Drivers/STM32F4xx_HAL_Driver/Src/stm32f4xx_hal_rtc.o
                0x08004680                RTC_Bcd2ToByte
 .text.HAL_SPI_Init
                0x080046bc      0x112 ./Drivers/STM32F4xx_HAL_Driver/Src/stm32f4xx_hal_spi.o
                0x080046bc                HAL_SPI_Init
 .text.HAL_SPI_Transmit
                0x080047ce      0x286 ./Drivers/STM32F4xx_HAL_Driver/Src/stm32f4xx_hal_spi.o
                0x080047ce                HAL_SPI_Transmit
 .text.HAL_SPI_Receive
                0x08004a54      0x230 ./Drivers/STM32F4xx_HAL_Driver/Src/stm32f4xx_hal_spi.o
                0x08004a54                HAL_SPI_Receive
 .text.HAL_SPI_TransmitReceive
                0x08004c84      0x360 ./Drivers/STM32F4xx_HAL_Driver/Src/stm32f4xx_hal_spi.o
                0x08004c84                HAL_SPI_TransmitReceive
 .text.SPI_WaitFlagStateUntilTimeout
                0x08004fe4      0x110 ./Drivers/STM32F4xx_HAL_Driver/Src/stm32f4xx_hal_spi.o
 .text.SPI_EndRxTransaction
                0x080050f4       0xca ./Drivers/STM32F4xx_HAL_Driver/Src/stm32f4xx_hal_spi.o
 *fill*         0x080051be        0x2 
 .text.SPI_EndRxTxTransaction
                0x080051c0       0xa8 ./Drivers/STM32F4xx_HAL_Driver/Src/stm32f4xx_hal_spi.o
 .text.HAL_UART_Init
                0x08005268       0xa0 ./Drivers/STM32F4xx_HAL_Driver/Src/stm32f4xx_hal_uart.o
                0x08005268                HAL_UART_Init
 .text.HAL_UART_Transmit
                0x08005308      0x116 ./Drivers/STM32F4xx_HAL_Driver/Src/stm32f4xx_hal_uart.o
                0x08005308                HAL_UART_Transmit
 .text.UART_WaitOnFlagUntilTimeout
                0x0800541e       0xb2 ./Drivers/STM32F4xx_HAL_Driver/Src/stm32f4xx_hal_uart.o
 .text.UART_EndRxTransfer
                0x080054d0       0xc6 ./Drivers/STM32F4xx_HAL_Driver/Src/stm32f4xx_hal_uart.o
 *fill*         0x08005596        0x2 
 .text.UART_SetConfig
                0x08005598      0x4e8 ./Drivers/STM32F4xx_HAL_Driver/Src/stm32f4xx_hal_uart.o
 .text.__itoa   0x08005a80       0x30 /opt/st/stm32cubeide_1.15.1/plugins/com.st.stm32cube.ide.mcu.externaltools.gnu-tools-for-stm32.12.3.rel1.linux64_1.0.100.202403111256/tools/bin/../lib/gcc/arm-none-eabi/12.3.1/../../../../arm-none-eabi/lib/thumb/v7e-m+fp/hard/libc_nano.a(libc_a-itoa.o)
                0x08005a80                __itoa
 .text.itoa     0x08005ab0        0x4 /opt/st/stm32cubeide_1.15.1/plugins/com.st.stm32cube.ide.mcu.externaltools.gnu-tools-for-stm32.12.3.rel1.linux64_1.0.100.202403111256/tools/bin/../lib/gcc/arm-none-eabi/12.3.1/../../../../arm-none-eabi/lib/thumb/v7e-m+fp/hard/libc_nano.a(libc_a-itoa.o)
                0x08005ab0                itoa
 .text.__utoa   0x08005ab4       0x84 /opt/st/stm32cubeide_1.15.1/plugins/com.st.stm32cube.ide.mcu.externaltools.gnu-tools-for-stm32.12.3.rel1.linux64_1.0.100.202403111256/tools/bin/../lib/gcc/arm-none-eabi/12.3.1/../../../../arm-none-eabi/lib/thumb/v7e-m+fp/hard/libc_nano.a(libc_a-utoa.o)
                0x08005ab4                __utoa
 .text.memset   0x08005b38       0x10 /opt/st/stm32cubeide_1.15.1/plugins/com.st.stm32cube.ide.mcu.externaltools.gnu-tools-for-stm32.12.3.rel1.linux64_1.0.100.202403111256/tools/bin/../lib/gcc/arm-none-eabi/12.3.1/../../../../arm-none-eabi/lib/thumb/v7e-m+fp/hard/libc_nano.a(libc_a-memset.o)
                0x08005b38                memset
 .text.strcat   0x08005b48       0x1e /opt/st/stm32cubeide_1.15.1/plugins/com.st.stm32cube.ide.mcu.externaltools.gnu-tools-for-stm32.12.3.rel1.linux64_1.0.100.202403111256/tools/bin/../lib/gcc/arm-none-eabi/12.3.1/../../../../arm-none-eabi/lib/thumb/v7e-m+fp/hard/libc_nano.a(libc_a-strcat.o)
                0x08005b48                strcat
 *fill*         0x08005b66        0x2 
 .text.__libc_init_array
                0x08005b68       0x48 /opt/st/stm32cubeide_1.15.1/plugins/com.st.stm32cube.ide.mcu.externaltools.gnu-tools-for-stm32.12.3.rel1.linux64_1.0.100.202403111256/tools/bin/../lib/gcc/arm-none-eabi/12.3.1/../../../../arm-none-eabi/lib/thumb/v7e-m+fp/hard/libc_nano.a(libc_a-init.o)
                0x08005b68                __libc_init_array
 *(.glue_7)
 .glue_7        0x08005bb0        0x0 linker stubs
 *(.glue_7t)
 .glue_7t       0x08005bb0        0x0 linker stubs
 *(.eh_frame)
 .eh_frame      0x08005bb0        0x0 /opt/st/stm32cubeide_1.15.1/plugins/com.st.stm32cube.ide.mcu.externaltools.gnu-tools-for-stm32.12.3.rel1.linux64_1.0.100.202403111256/tools/bin/../lib/gcc/arm-none-eabi/12.3.1/thumb/v7e-m+fp/hard/crtbegin.o
 *(.init)
 .init          0x08005bb0        0x4 /opt/st/stm32cubeide_1.15.1/plugins/com.st.stm32cube.ide.mcu.externaltools.gnu-tools-for-stm32.12.3.rel1.linux64_1.0.100.202403111256/tools/bin/../lib/gcc/arm-none-eabi/12.3.1/thumb/v7e-m+fp/hard/crti.o
                0x08005bb0                _init
 .init          0x08005bb4        0x8 /opt/st/stm32cubeide_1.15.1/plugins/com.st.stm32cube.ide.mcu.externaltools.gnu-tools-for-stm32.12.3.rel1.linux64_1.0.100.202403111256/tools/bin/../lib/gcc/arm-none-eabi/12.3.1/thumb/v7e-m+fp/hard/crtn.o
 *(.fini)
 .fini          0x08005bbc        0x4 /opt/st/stm32cubeide_1.15.1/plugins/com.st.stm32cube.ide.mcu.externaltools.gnu-tools-for-stm32.12.3.rel1.linux64_1.0.100.202403111256/tools/bin/../lib/gcc/arm-none-eabi/12.3.1/thumb/v7e-m+fp/hard/crti.o
                0x08005bbc                _fini
 .fini          0x08005bc0        0x8 /opt/st/stm32cubeide_1.15.1/plugins/com.st.stm32cube.ide.mcu.externaltools.gnu-tools-for-stm32.12.3.rel1.linux64_1.0.100.202403111256/tools/bin/../lib/gcc/arm-none-eabi/12.3.1/thumb/v7e-m+fp/hard/crtn.o
                0x08005bc8                        . = ALIGN (0x4)
                0x08005bc8                        _etext = .

.vfp11_veneer   0x08005bc8        0x0
 .vfp11_veneer  0x08005bc8        0x0 linker stubs

.v4_bx          0x08005bc8        0x0
 .v4_bx         0x08005bc8        0x0 linker stubs

.iplt           0x08005bc8        0x0
 .iplt          0x08005bc8        0x0 /opt/st/stm32cubeide_1.15.1/plugins/com.st.stm32cube.ide.mcu.externaltools.gnu-tools-for-stm32.12.3.rel1.linux64_1.0.100.202403111256/tools/bin/../lib/gcc/arm-none-eabi/12.3.1/thumb/v7e-m+fp/hard/crtbegin.o

.rodata         0x08005bc8      0x118
                0x08005bc8                        . = ALIGN (0x4)
 *(.rodata)
 .rodata        0x08005bc8       0x79 ./Drivers/API/Src/API_bme280.o
 *fill*         0x08005c41        0x3 
 .rodata        0x08005c44       0x4d ./Drivers/API/Src/API_uart.o
 *(.rodata*)
 *fill*         0x08005c91        0x3 
 .rodata.AHBPrescTable
                0x08005c94       0x10 ./Core/Src/system_stm32f4xx.o
                0x08005c94                AHBPrescTable
 .rodata.APBPrescTable
                0x08005ca4        0x8 ./Core/Src/system_stm32f4xx.o
                0x08005ca4                APBPrescTable
 .rodata.LCD_INIT_CMD
                0x08005cac        0x6 ./Drivers/API/Src/API_lcd.o
 *fill*         0x08005cb2        0x2 
 .rodata.GPIO_PIN
                0x08005cb4        0x6 ./Drivers/BSP/STM32F4xx_Nucleo_144/stm32f4xx_nucleo_144.o
                0x08005cb4                GPIO_PIN
 .rodata.__utoa.str1.1
                0x08005cba       0x25 /opt/st/stm32cubeide_1.15.1/plugins/com.st.stm32cube.ide.mcu.externaltools.gnu-tools-for-stm32.12.3.rel1.linux64_1.0.100.202403111256/tools/bin/../lib/gcc/arm-none-eabi/12.3.1/../../../../arm-none-eabi/lib/thumb/v7e-m+fp/hard/libc_nano.a(libc_a-utoa.o)
                0x08005ce0                        . = ALIGN (0x4)
 *fill*         0x08005cdf        0x1 

.ARM.extab      0x08005ce0        0x0
                0x08005ce0                        . = ALIGN (0x4)
 *(.ARM.extab* .gnu.linkonce.armextab.*)
                0x08005ce0                        . = ALIGN (0x4)

.ARM            0x08005ce0        0x8
                0x08005ce0                        . = ALIGN (0x4)
                0x08005ce0                        __exidx_start = .
 *(.ARM.exidx*)
 .ARM.exidx     0x08005ce0        0x8 /opt/st/stm32cubeide_1.15.1/plugins/com.st.stm32cube.ide.mcu.externaltools.gnu-tools-for-stm32.12.3.rel1.linux64_1.0.100.202403111256/tools/bin/../lib/gcc/arm-none-eabi/12.3.1/../../../../arm-none-eabi/lib/thumb/v7e-m+fp/hard/libc_nano.a(libc_a-strlen.o)
 .ARM.exidx     0x08005ce8        0x0 /opt/st/stm32cubeide_1.15.1/plugins/com.st.stm32cube.ide.mcu.externaltools.gnu-tools-for-stm32.12.3.rel1.linux64_1.0.100.202403111256/tools/bin/../lib/gcc/arm-none-eabi/12.3.1/thumb/v7e-m+fp/hard/libgcc.a(_udivmoddi4.o)
                                  0x8 (size before relaxing)
                0x08005ce8                        __exidx_end = .
                0x08005ce8                        . = ALIGN (0x4)

.preinit_array  0x08005ce8        0x0
                0x08005ce8                        . = ALIGN (0x4)
                0x08005ce8                        PROVIDE (__preinit_array_start = .)
 *(.preinit_array*)
                0x08005ce8                        PROVIDE (__preinit_array_end = .)
                0x08005ce8                        . = ALIGN (0x4)

.init_array     0x08005ce8        0x4
                0x08005ce8                        . = ALIGN (0x4)
                0x08005ce8                        PROVIDE (__init_array_start = .)
 *(SORT_BY_NAME(.init_array.*))
 *(.init_array*)
 .init_array    0x08005ce8        0x4 /opt/st/stm32cubeide_1.15.1/plugins/com.st.stm32cube.ide.mcu.externaltools.gnu-tools-for-stm32.12.3.rel1.linux64_1.0.100.202403111256/tools/bin/../lib/gcc/arm-none-eabi/12.3.1/thumb/v7e-m+fp/hard/crtbegin.o
                0x08005cec                        PROVIDE (__init_array_end = .)
                0x08005cec                        . = ALIGN (0x4)

.fini_array     0x08005cec        0x4
                0x08005cec                        . = ALIGN (0x4)
                [!provide]                        PROVIDE (__fini_array_start = .)
 *(SORT_BY_NAME(.fini_array.*))
 *(.fini_array*)
 .fini_array    0x08005cec        0x4 /opt/st/stm32cubeide_1.15.1/plugins/com.st.stm32cube.ide.mcu.externaltools.gnu-tools-for-stm32.12.3.rel1.linux64_1.0.100.202403111256/tools/bin/../lib/gcc/arm-none-eabi/12.3.1/thumb/v7e-m+fp/hard/crtbegin.o
                [!provide]                        PROVIDE (__fini_array_end = .)
                0x08005cf0                        . = ALIGN (0x4)
                0x08005cf0                        _sidata = LOADADDR (.data)

.rel.dyn        0x08005cf0        0x0
 .rel.iplt      0x08005cf0        0x0 /opt/st/stm32cubeide_1.15.1/plugins/com.st.stm32cube.ide.mcu.externaltools.gnu-tools-for-stm32.12.3.rel1.linux64_1.0.100.202403111256/tools/bin/../lib/gcc/arm-none-eabi/12.3.1/thumb/v7e-m+fp/hard/crtbegin.o

.data           0x20000000       0x18 load address 0x08005cf0
                0x20000000                        . = ALIGN (0x4)
                0x20000000                        _sdata = .
 *(.data)
 *(.data*)
 .data.SystemCoreClock
                0x20000000        0x4 ./Core/Src/system_stm32f4xx.o
                0x20000000                SystemCoreClock
 .data.GPIO_PORT
                0x20000004        0xc ./Drivers/BSP/STM32F4xx_Nucleo_144/stm32f4xx_nucleo_144.o
                0x20000004                GPIO_PORT
 .data.uwTickPrio
                0x20000010        0x4 ./Drivers/STM32F4xx_HAL_Driver/Src/stm32f4xx_hal.o
                0x20000010                uwTickPrio
 .data.uwTickFreq
                0x20000014        0x1 ./Drivers/STM32F4xx_HAL_Driver/Src/stm32f4xx_hal.o
                0x20000014                uwTickFreq
 *(.RamFunc)
 *(.RamFunc*)
                0x20000018                        . = ALIGN (0x4)
 *fill*         0x20000015        0x3 
                0x20000018                        _edata = .
                0x08005d08                        _siccmram = LOADADDR (.ccmram)

.igot.plt       0x20000018        0x0 load address 0x08005d08
 .igot.plt      0x20000018        0x0 /opt/st/stm32cubeide_1.15.1/plugins/com.st.stm32cube.ide.mcu.externaltools.gnu-tools-for-stm32.12.3.rel1.linux64_1.0.100.202403111256/tools/bin/../lib/gcc/arm-none-eabi/12.3.1/thumb/v7e-m+fp/hard/crtbegin.o

.ccmram         0x10000000        0x0 load address 0x08005d08
                0x10000000                        . = ALIGN (0x4)
                0x10000000                        _sccmram = .
 *(.ccmram)
 *(.ccmram*)
                0x10000000                        . = ALIGN (0x4)
                0x10000000                        _eccmram = .
                0x10000000                        . = ALIGN (0x4)

.bss            0x20000018      0x1d8
                0x20000018                        _sbss = .
                0x20000018                        __bss_start__ = _sbss
 *(.bss)
 .bss           0x20000018       0x1c /opt/st/stm32cubeide_1.15.1/plugins/com.st.stm32cube.ide.mcu.externaltools.gnu-tools-for-stm32.12.3.rel1.linux64_1.0.100.202403111256/tools/bin/../lib/gcc/arm-none-eabi/12.3.1/thumb/v7e-m+fp/hard/crtbegin.o
 *(.bss*)
 .bss.hi2c1     0x20000034       0x54 ./Core/Src/main.o
                0x20000034                hi2c1
 .bss.hspi1     0x20000088       0x58 ./Core/Src/main.o
                0x20000088                hspi1
 .bss.hrtc      0x200000e0       0x20 ./Core/Src/main.o
                0x200000e0                hrtc
 .bss.sTime     0x20000100       0x14 ./Drivers/API/Src/API_bme280.o
                0x20000100                sTime
 .bss.sDate     0x20000114        0x4 ./Drivers/API/Src/API_bme280.o
                0x20000114                sDate
 .bss.currentTempState
                0x20000118        0x1 ./Drivers/API/Src/API_bme280.o
 *fill*         0x20000119        0x1 
 .bss.dig_T1    0x2000011a        0x2 ./Drivers/API/Src/API_bme280.o
 .bss.dig_P1    0x2000011c        0x2 ./Drivers/API/Src/API_bme280.o
 .bss.dig_H1    0x2000011e        0x2 ./Drivers/API/Src/API_bme280.o
 .bss.dig_H3    0x20000120        0x2 ./Drivers/API/Src/API_bme280.o
 .bss.dig_T2    0x20000122        0x2 ./Drivers/API/Src/API_bme280.o
 .bss.dig_T3    0x20000124        0x2 ./Drivers/API/Src/API_bme280.o
 .bss.dig_P2    0x20000126        0x2 ./Drivers/API/Src/API_bme280.o
 .bss.dig_P3    0x20000128        0x2 ./Drivers/API/Src/API_bme280.o
 .bss.dig_P4    0x2000012a        0x2 ./Drivers/API/Src/API_bme280.o
 .bss.dig_P5    0x2000012c        0x2 ./Drivers/API/Src/API_bme280.o
 .bss.dig_P6    0x2000012e        0x2 ./Drivers/API/Src/API_bme280.o
 .bss.dig_P7    0x20000130        0x2 ./Drivers/API/Src/API_bme280.o
 .bss.dig_P8    0x20000132        0x2 ./Drivers/API/Src/API_bme280.o
 .bss.dig_P9    0x20000134        0x2 ./Drivers/API/Src/API_bme280.o
 .bss.dig_H2    0x20000136        0x2 ./Drivers/API/Src/API_bme280.o
 .bss.dig_H4    0x20000138        0x2 ./Drivers/API/Src/API_bme280.o
 .bss.dig_H5    0x2000013a        0x2 ./Drivers/API/Src/API_bme280.o
 .bss.dig_H6    0x2000013c        0x2 ./Drivers/API/Src/API_bme280.o
 *fill*         0x2000013e        0x2 
 .bss.tADC      0x20000140        0x4 ./Drivers/API/Src/API_bme280.o
 .bss.hADC      0x20000144        0x4 ./Drivers/API/Src/API_bme280.o
 .bss.temp      0x20000148        0x4 ./Drivers/API/Src/API_bme280.o
 .bss.hum       0x2000014c        0x4 ./Drivers/API/Src/API_bme280.o
 .bss.t_fine    0x20000150        0x4 ./Drivers/API/Src/API_bme280.o
 .bss.tempStr   0x20000154       0x14 ./Drivers/API/Src/API_bme280.o
                0x20000154                tempStr
 .bss.humStr    0x20000168       0x14 ./Drivers/API/Src/API_bme280.o
                0x20000168                humStr
 .bss.lcdTempStr
                0x2000017c       0x14 ./Drivers/API/Src/API_bme280.o
                0x2000017c                lcdTempStr
 .bss.lcdHumStr
                0x20000190       0x14 ./Drivers/API/Src/API_bme280.o
                0x20000190                lcdHumStr
 .bss.UartHandle
                0x200001a4       0x48 ./Drivers/API/Src/API_uart.o
                0x200001a4                UartHandle
 .bss.uwTick    0x200001ec        0x4 ./Drivers/STM32F4xx_HAL_Driver/Src/stm32f4xx_hal.o
                0x200001ec                uwTick
 *(COMMON)
                0x200001f0                        . = ALIGN (0x4)
                0x200001f0                        _ebss = .
                0x200001f0                        __bss_end__ = _ebss

._user_heap_stack
                0x200001f0      0x600
                0x200001f0                        . = ALIGN (0x8)
                [!provide]                        PROVIDE (end = .)
                0x200001f0                        PROVIDE (_end = .)
                0x200003f0                        . = (. + _Min_Heap_Size)
 *fill*         0x200001f0      0x200 
                0x200007f0                        . = (. + _Min_Stack_Size)
 *fill*         0x200003f0      0x400 
                0x200007f0                        . = ALIGN (0x8)

/DISCARD/
 libc.a(*)
 libm.a(*)
 libgcc.a(*)

.ARM.attributes
                0x00000000       0x30
 *(.ARM.attributes)
 .ARM.attributes
                0x00000000       0x22 /opt/st/stm32cubeide_1.15.1/plugins/com.st.stm32cube.ide.mcu.externaltools.gnu-tools-for-stm32.12.3.rel1.linux64_1.0.100.202403111256/tools/bin/../lib/gcc/arm-none-eabi/12.3.1/thumb/v7e-m+fp/hard/crti.o
 .ARM.attributes
                0x00000022       0x34 /opt/st/stm32cubeide_1.15.1/plugins/com.st.stm32cube.ide.mcu.externaltools.gnu-tools-for-stm32.12.3.rel1.linux64_1.0.100.202403111256/tools/bin/../lib/gcc/arm-none-eabi/12.3.1/thumb/v7e-m+fp/hard/crtbegin.o
 .ARM.attributes
                0x00000056       0x34 ./Core/Src/main.o
 .ARM.attributes
                0x0000008a       0x34 ./Core/Src/stm32f4xx_hal_msp.o
 .ARM.attributes
                0x000000be       0x34 ./Core/Src/stm32f4xx_it.o
 .ARM.attributes
                0x000000f2       0x34 ./Core/Src/system_stm32f4xx.o
 .ARM.attributes
                0x00000126       0x21 ./Core/Startup/startup_stm32f429zitx.o
 .ARM.attributes
                0x00000147       0x34 ./Drivers/API/Src/API_bme280.o
 .ARM.attributes
                0x0000017b       0x34 ./Drivers/API/Src/API_lcd.o
 .ARM.attributes
                0x000001af       0x34 ./Drivers/API/Src/API_lcd_port.o
 .ARM.attributes
                0x000001e3       0x34 ./Drivers/API/Src/API_uart.o
 .ARM.attributes
                0x00000217       0x34 ./Drivers/BSP/STM32F4xx_Nucleo_144/stm32f4xx_nucleo_144.o
 .ARM.attributes
                0x0000024b       0x34 ./Drivers/STM32F4xx_HAL_Driver/Src/stm32f4xx_hal.o
 .ARM.attributes
                0x0000027f       0x34 ./Drivers/STM32F4xx_HAL_Driver/Src/stm32f4xx_hal_cortex.o
 .ARM.attributes
                0x000002b3       0x34 ./Drivers/STM32F4xx_HAL_Driver/Src/stm32f4xx_hal_gpio.o
 .ARM.attributes
                0x000002e7       0x34 ./Drivers/STM32F4xx_HAL_Driver/Src/stm32f4xx_hal_i2c.o
 .ARM.attributes
                0x0000031b       0x34 ./Drivers/STM32F4xx_HAL_Driver/Src/stm32f4xx_hal_i2c_ex.o
 .ARM.attributes
                0x0000034f       0x34 ./Drivers/STM32F4xx_HAL_Driver/Src/stm32f4xx_hal_rcc.o
 .ARM.attributes
                0x00000383       0x34 ./Drivers/STM32F4xx_HAL_Driver/Src/stm32f4xx_hal_rcc_ex.o
 .ARM.attributes
                0x000003b7       0x34 ./Drivers/STM32F4xx_HAL_Driver/Src/stm32f4xx_hal_rtc.o
 .ARM.attributes
                0x000003eb       0x34 ./Drivers/STM32F4xx_HAL_Driver/Src/stm32f4xx_hal_spi.o
 .ARM.attributes
                0x0000041f       0x34 ./Drivers/STM32F4xx_HAL_Driver/Src/stm32f4xx_hal_uart.o
 .ARM.attributes
                0x00000453       0x34 /opt/st/stm32cubeide_1.15.1/plugins/com.st.stm32cube.ide.mcu.externaltools.gnu-tools-for-stm32.12.3.rel1.linux64_1.0.100.202403111256/tools/bin/../lib/gcc/arm-none-eabi/12.3.1/../../../../arm-none-eabi/lib/thumb/v7e-m+fp/hard/libc_nano.a(libc_a-itoa.o)
 .ARM.attributes
                0x00000487       0x34 /opt/st/stm32cubeide_1.15.1/plugins/com.st.stm32cube.ide.mcu.externaltools.gnu-tools-for-stm32.12.3.rel1.linux64_1.0.100.202403111256/tools/bin/../lib/gcc/arm-none-eabi/12.3.1/../../../../arm-none-eabi/lib/thumb/v7e-m+fp/hard/libc_nano.a(libc_a-utoa.o)
 .ARM.attributes
                0x000004bb       0x34 /opt/st/stm32cubeide_1.15.1/plugins/com.st.stm32cube.ide.mcu.externaltools.gnu-tools-for-stm32.12.3.rel1.linux64_1.0.100.202403111256/tools/bin/../lib/gcc/arm-none-eabi/12.3.1/../../../../arm-none-eabi/lib/thumb/v7e-m+fp/hard/libc_nano.a(libc_a-memset.o)
 .ARM.attributes
                0x000004ef       0x34 /opt/st/stm32cubeide_1.15.1/plugins/com.st.stm32cube.ide.mcu.externaltools.gnu-tools-for-stm32.12.3.rel1.linux64_1.0.100.202403111256/tools/bin/../lib/gcc/arm-none-eabi/12.3.1/../../../../arm-none-eabi/lib/thumb/v7e-m+fp/hard/libc_nano.a(libc_a-strcat.o)
 .ARM.attributes
                0x00000523       0x34 /opt/st/stm32cubeide_1.15.1/plugins/com.st.stm32cube.ide.mcu.externaltools.gnu-tools-for-stm32.12.3.rel1.linux64_1.0.100.202403111256/tools/bin/../lib/gcc/arm-none-eabi/12.3.1/../../../../arm-none-eabi/lib/thumb/v7e-m+fp/hard/libc_nano.a(libc_a-init.o)
 .ARM.attributes
                0x00000557       0x17 /opt/st/stm32cubeide_1.15.1/plugins/com.st.stm32cube.ide.mcu.externaltools.gnu-tools-for-stm32.12.3.rel1.linux64_1.0.100.202403111256/tools/bin/../lib/gcc/arm-none-eabi/12.3.1/../../../../arm-none-eabi/lib/thumb/v7e-m+fp/hard/libc_nano.a(libc_a-strlen.o)
 .ARM.attributes
                0x0000056e       0x22 /opt/st/stm32cubeide_1.15.1/plugins/com.st.stm32cube.ide.mcu.externaltools.gnu-tools-for-stm32.12.3.rel1.linux64_1.0.100.202403111256/tools/bin/../lib/gcc/arm-none-eabi/12.3.1/thumb/v7e-m+fp/hard/libgcc.a(_arm_addsubdf3.o)
 .ARM.attributes
                0x00000590       0x22 /opt/st/stm32cubeide_1.15.1/plugins/com.st.stm32cube.ide.mcu.externaltools.gnu-tools-for-stm32.12.3.rel1.linux64_1.0.100.202403111256/tools/bin/../lib/gcc/arm-none-eabi/12.3.1/thumb/v7e-m+fp/hard/libgcc.a(_arm_muldivdf3.o)
 .ARM.attributes
                0x000005b2       0x22 /opt/st/stm32cubeide_1.15.1/plugins/com.st.stm32cube.ide.mcu.externaltools.gnu-tools-for-stm32.12.3.rel1.linux64_1.0.100.202403111256/tools/bin/../lib/gcc/arm-none-eabi/12.3.1/thumb/v7e-m+fp/hard/libgcc.a(_arm_truncdfsf2.o)
 .ARM.attributes
                0x000005d4       0x22 /opt/st/stm32cubeide_1.15.1/plugins/com.st.stm32cube.ide.mcu.externaltools.gnu-tools-for-stm32.12.3.rel1.linux64_1.0.100.202403111256/tools/bin/../lib/gcc/arm-none-eabi/12.3.1/thumb/v7e-m+fp/hard/libgcc.a(_aeabi_uldivmod.o)
 .ARM.attributes
                0x000005f6       0x34 /opt/st/stm32cubeide_1.15.1/plugins/com.st.stm32cube.ide.mcu.externaltools.gnu-tools-for-stm32.12.3.rel1.linux64_1.0.100.202403111256/tools/bin/../lib/gcc/arm-none-eabi/12.3.1/thumb/v7e-m+fp/hard/libgcc.a(_udivmoddi4.o)
 .ARM.attributes
                0x0000062a       0x22 /opt/st/stm32cubeide_1.15.1/plugins/com.st.stm32cube.ide.mcu.externaltools.gnu-tools-for-stm32.12.3.rel1.linux64_1.0.100.202403111256/tools/bin/../lib/gcc/arm-none-eabi/12.3.1/thumb/v7e-m+fp/hard/libgcc.a(_dvmd_tls.o)
 .ARM.attributes
                0x0000064c       0x22 /opt/st/stm32cubeide_1.15.1/plugins/com.st.stm32cube.ide.mcu.externaltools.gnu-tools-for-stm32.12.3.rel1.linux64_1.0.100.202403111256/tools/bin/../lib/gcc/arm-none-eabi/12.3.1/thumb/v7e-m+fp/hard/crtn.o
OUTPUT(SPI_test.elf elf32-littlearm)
LOAD linker stubs
LOAD /opt/st/stm32cubeide_1.15.1/plugins/com.st.stm32cube.ide.mcu.externaltools.gnu-tools-for-stm32.12.3.rel1.linux64_1.0.100.202403111256/tools/bin/../lib/gcc/arm-none-eabi/12.3.1/../../../../arm-none-eabi/lib/thumb/v7e-m+fp/hard/libc.a
LOAD /opt/st/stm32cubeide_1.15.1/plugins/com.st.stm32cube.ide.mcu.externaltools.gnu-tools-for-stm32.12.3.rel1.linux64_1.0.100.202403111256/tools/bin/../lib/gcc/arm-none-eabi/12.3.1/../../../../arm-none-eabi/lib/thumb/v7e-m+fp/hard/libm.a
LOAD /opt/st/stm32cubeide_1.15.1/plugins/com.st.stm32cube.ide.mcu.externaltools.gnu-tools-for-stm32.12.3.rel1.linux64_1.0.100.202403111256/tools/bin/../lib/gcc/arm-none-eabi/12.3.1/thumb/v7e-m+fp/hard/libgcc.a

.debug_info     0x00000000    0x11d38
 .debug_info    0x00000000     0x139e ./Core/Src/main.o
 .debug_info    0x0000139e     0x22ed ./Core/Src/stm32f4xx_hal_msp.o
 .debug_info    0x0000368b      0x120 ./Core/Src/stm32f4xx_it.o
 .debug_info    0x000037ab      0x52e ./Core/Src/system_stm32f4xx.o
 .debug_info    0x00003cd9       0x30 ./Core/Startup/startup_stm32f429zitx.o
 .debug_info    0x00003d09     0x135f ./Drivers/API/Src/API_bme280.o
 .debug_info    0x00005068      0x351 ./Drivers/API/Src/API_lcd.o
 .debug_info    0x000053b9      0x661 ./Drivers/API/Src/API_lcd_port.o
 .debug_info    0x00005a1a      0x704 ./Drivers/API/Src/API_uart.o
 .debug_info    0x0000611e     0x12e1 ./Drivers/BSP/STM32F4xx_Nucleo_144/stm32f4xx_nucleo_144.o
 .debug_info    0x000073ff      0x9ba ./Drivers/STM32F4xx_HAL_Driver/Src/stm32f4xx_hal.o
 .debug_info    0x00007db9      0xd8d ./Drivers/STM32F4xx_HAL_Driver/Src/stm32f4xx_hal_cortex.o
 .debug_info    0x00008b46      0x6db ./Drivers/STM32F4xx_HAL_Driver/Src/stm32f4xx_hal_gpio.o
 .debug_info    0x00009221     0x2421 ./Drivers/STM32F4xx_HAL_Driver/Src/stm32f4xx_hal_i2c.o
 .debug_info    0x0000b642      0x672 ./Drivers/STM32F4xx_HAL_Driver/Src/stm32f4xx_hal_i2c_ex.o
 .debug_info    0x0000bcb4      0x8c9 ./Drivers/STM32F4xx_HAL_Driver/Src/stm32f4xx_hal_rcc.o
 .debug_info    0x0000c57d      0x651 ./Drivers/STM32F4xx_HAL_Driver/Src/stm32f4xx_hal_rcc_ex.o
 .debug_info    0x0000cbce      0xc20 ./Drivers/STM32F4xx_HAL_Driver/Src/stm32f4xx_hal_rtc.o
 .debug_info    0x0000d7ee     0x15fb ./Drivers/STM32F4xx_HAL_Driver/Src/stm32f4xx_hal_spi.o
 .debug_info    0x0000ede9     0x2f4f ./Drivers/STM32F4xx_HAL_Driver/Src/stm32f4xx_hal_uart.o

.debug_abbrev   0x00000000     0x28fc
 .debug_abbrev  0x00000000      0x2e8 ./Core/Src/main.o
 .debug_abbrev  0x000002e8      0x297 ./Core/Src/stm32f4xx_hal_msp.o
 .debug_abbrev  0x0000057f       0x73 ./Core/Src/stm32f4xx_it.o
 .debug_abbrev  0x000005f2      0x11a ./Core/Src/system_stm32f4xx.o
 .debug_abbrev  0x0000070c       0x24 ./Core/Startup/startup_stm32f429zitx.o
 .debug_abbrev  0x00000730      0x399 ./Drivers/API/Src/API_bme280.o
 .debug_abbrev  0x00000ac9      0x161 ./Drivers/API/Src/API_lcd.o
 .debug_abbrev  0x00000c2a      0x163 ./Drivers/API/Src/API_lcd_port.o
 .debug_abbrev  0x00000d8d      0x1a8 ./Drivers/API/Src/API_uart.o
 .debug_abbrev  0x00000f35      0x2ce ./Drivers/BSP/STM32F4xx_Nucleo_144/stm32f4xx_nucleo_144.o
 .debug_abbrev  0x00001203      0x214 ./Drivers/STM32F4xx_HAL_Driver/Src/stm32f4xx_hal.o
 .debug_abbrev  0x00001417      0x328 ./Drivers/STM32F4xx_HAL_Driver/Src/stm32f4xx_hal_cortex.o
 .debug_abbrev  0x0000173f      0x1d4 ./Drivers/STM32F4xx_HAL_Driver/Src/stm32f4xx_hal_gpio.o
 .debug_abbrev  0x00001913      0x2ad ./Drivers/STM32F4xx_HAL_Driver/Src/stm32f4xx_hal_i2c.o
 .debug_abbrev  0x00001bc0      0x157 ./Drivers/STM32F4xx_HAL_Driver/Src/stm32f4xx_hal_i2c_ex.o
 .debug_abbrev  0x00001d17      0x2b6 ./Drivers/STM32F4xx_HAL_Driver/Src/stm32f4xx_hal_rcc.o
 .debug_abbrev  0x00001fcd      0x1af ./Drivers/STM32F4xx_HAL_Driver/Src/stm32f4xx_hal_rcc_ex.o
 .debug_abbrev  0x0000217c      0x1ee ./Drivers/STM32F4xx_HAL_Driver/Src/stm32f4xx_hal_rtc.o
 .debug_abbrev  0x0000236a      0x284 ./Drivers/STM32F4xx_HAL_Driver/Src/stm32f4xx_hal_spi.o
 .debug_abbrev  0x000025ee      0x30e ./Drivers/STM32F4xx_HAL_Driver/Src/stm32f4xx_hal_uart.o

.debug_aranges  0x00000000      0xf00
 .debug_aranges
                0x00000000       0x50 ./Core/Src/main.o
 .debug_aranges
                0x00000050       0x80 ./Core/Src/stm32f4xx_hal_msp.o
 .debug_aranges
                0x000000d0       0x60 ./Core/Src/stm32f4xx_it.o
 .debug_aranges
                0x00000130       0x28 ./Core/Src/system_stm32f4xx.o
 .debug_aranges
                0x00000158       0x28 ./Core/Startup/startup_stm32f429zitx.o
 .debug_aranges
                0x00000180       0xe0 ./Drivers/API/Src/API_bme280.o
 .debug_aranges
                0x00000260       0x88 ./Drivers/API/Src/API_lcd.o
 .debug_aranges
                0x000002e8       0x20 ./Drivers/API/Src/API_lcd_port.o
 .debug_aranges
                0x00000308       0x40 ./Drivers/API/Src/API_uart.o
 .debug_aranges
                0x00000348       0xd0 ./Drivers/BSP/STM32F4xx_Nucleo_144/stm32f4xx_nucleo_144.o
 .debug_aranges
                0x00000418      0x100 ./Drivers/STM32F4xx_HAL_Driver/Src/stm32f4xx_hal.o
 .debug_aranges
                0x00000518      0x120 ./Drivers/STM32F4xx_HAL_Driver/Src/stm32f4xx_hal_cortex.o
 .debug_aranges
                0x00000638       0x58 ./Drivers/STM32F4xx_HAL_Driver/Src/stm32f4xx_hal_gpio.o
 .debug_aranges
                0x00000690      0x2a8 ./Drivers/STM32F4xx_HAL_Driver/Src/stm32f4xx_hal_i2c.o
 .debug_aranges
                0x00000938       0x28 ./Drivers/STM32F4xx_HAL_Driver/Src/stm32f4xx_hal_i2c_ex.o
 .debug_aranges
                0x00000960       0x88 ./Drivers/STM32F4xx_HAL_Driver/Src/stm32f4xx_hal_rcc.o
 .debug_aranges
                0x000009e8       0x58 ./Drivers/STM32F4xx_HAL_Driver/Src/stm32f4xx_hal_rcc_ex.o
 .debug_aranges
                0x00000a40       0xe8 ./Drivers/STM32F4xx_HAL_Driver/Src/stm32f4xx_hal_rtc.o
 .debug_aranges
                0x00000b28      0x1d0 ./Drivers/STM32F4xx_HAL_Driver/Src/stm32f4xx_hal_spi.o
 .debug_aranges
                0x00000cf8      0x208 ./Drivers/STM32F4xx_HAL_Driver/Src/stm32f4xx_hal_uart.o

.debug_rnglists
                0x00000000      0xba2
 .debug_rnglists
                0x00000000       0x3a ./Core/Src/main.o
 .debug_rnglists
                0x0000003a       0x60 ./Core/Src/stm32f4xx_hal_msp.o
 .debug_rnglists
                0x0000009a       0x43 ./Core/Src/stm32f4xx_it.o
 .debug_rnglists
                0x000000dd       0x1a ./Core/Src/system_stm32f4xx.o
 .debug_rnglists
                0x000000f7       0x19 ./Core/Startup/startup_stm32f429zitx.o
 .debug_rnglists
                0x00000110       0xaa ./Drivers/API/Src/API_bme280.o
 .debug_rnglists
                0x000001ba       0x62 ./Drivers/API/Src/API_lcd.o
 .debug_rnglists
                0x0000021c       0x13 ./Drivers/API/Src/API_lcd_port.o
 .debug_rnglists
                0x0000022f       0x2b ./Drivers/API/Src/API_uart.o
 .debug_rnglists
                0x0000025a       0x9d ./Drivers/BSP/STM32F4xx_Nucleo_144/stm32f4xx_nucleo_144.o
 .debug_rnglists
                0x000002f7       0xbb ./Drivers/STM32F4xx_HAL_Driver/Src/stm32f4xx_hal.o
 .debug_rnglists
                0x000003b2       0xd4 ./Drivers/STM32F4xx_HAL_Driver/Src/stm32f4xx_hal_cortex.o
 .debug_rnglists
                0x00000486       0x3f ./Drivers/STM32F4xx_HAL_Driver/Src/stm32f4xx_hal_gpio.o
 .debug_rnglists
                0x000004c5      0x23c ./Drivers/STM32F4xx_HAL_Driver/Src/stm32f4xx_hal_i2c.o
 .debug_rnglists
                0x00000701       0x19 ./Drivers/STM32F4xx_HAL_Driver/Src/stm32f4xx_hal_i2c_ex.o
 .debug_rnglists
                0x0000071a       0x66 ./Drivers/STM32F4xx_HAL_Driver/Src/stm32f4xx_hal_rcc.o
 .debug_rnglists
                0x00000780       0x43 ./Drivers/STM32F4xx_HAL_Driver/Src/stm32f4xx_hal_rcc_ex.o
 .debug_rnglists
                0x000007c3       0xb4 ./Drivers/STM32F4xx_HAL_Driver/Src/stm32f4xx_hal_rtc.o
 .debug_rnglists
                0x00000877      0x16f ./Drivers/STM32F4xx_HAL_Driver/Src/stm32f4xx_hal_spi.o
 .debug_rnglists
                0x000009e6      0x1bc ./Drivers/STM32F4xx_HAL_Driver/Src/stm32f4xx_hal_uart.o

.debug_macro    0x00000000    0x2702b
 .debug_macro   0x00000000      0x394 ./Core/Src/main.o
 .debug_macro   0x00000394      0xab4 ./Core/Src/main.o
 .debug_macro   0x00000e48       0x22 ./Core/Src/main.o
 .debug_macro   0x00000e6a       0x5b ./Core/Src/main.o
 .debug_macro   0x00000ec5       0x2a ./Core/Src/main.o
 .debug_macro   0x00000eef       0x94 ./Core/Src/main.o
 .debug_macro   0x00000f83       0x43 ./Core/Src/main.o
 .debug_macro   0x00000fc6       0x34 ./Core/Src/main.o
 .debug_macro   0x00000ffa       0x16 ./Core/Src/main.o
 .debug_macro   0x00001010       0x57 ./Core/Src/main.o
 .debug_macro   0x00001067       0x9e ./Core/Src/main.o
 .debug_macro   0x00001105      0x369 ./Core/Src/main.o
 .debug_macro   0x0000146e      0x10b ./Core/Src/main.o
 .debug_macro   0x00001579       0x10 ./Core/Src/main.o
 .debug_macro   0x00001589       0x16 ./Core/Src/main.o
 .debug_macro   0x0000159f       0x43 ./Core/Src/main.o
 .debug_macro   0x000015e2       0x34 ./Core/Src/main.o
 .debug_macro   0x00001616       0x10 ./Core/Src/main.o
 .debug_macro   0x00001626       0x58 ./Core/Src/main.o
 .debug_macro   0x0000167e       0x8e ./Core/Src/main.o
 .debug_macro   0x0000170c       0x1c ./Core/Src/main.o
 .debug_macro   0x00001728      0x177 ./Core/Src/main.o
 .debug_macro   0x0000189f       0x16 ./Core/Src/main.o
 .debug_macro   0x000018b5       0x16 ./Core/Src/main.o
 .debug_macro   0x000018cb      0x146 ./Core/Src/main.o
 .debug_macro   0x00001a11       0x22 ./Core/Src/main.o
 .debug_macro   0x00001a33      0x2b3 ./Core/Src/main.o
 .debug_macro   0x00001ce6       0x2e ./Core/Src/main.o
 .debug_macro   0x00001d14       0x28 ./Core/Src/main.o
 .debug_macro   0x00001d3c      0x103 ./Core/Src/main.o
 .debug_macro   0x00001e3f       0x6a ./Core/Src/main.o
 .debug_macro   0x00001ea9      0x1df ./Core/Src/main.o
 .debug_macro   0x00002088       0x1c ./Core/Src/main.o
 .debug_macro   0x000020a4       0x22 ./Core/Src/main.o
 .debug_macro   0x000020c6       0xfb ./Core/Src/main.o
 .debug_macro   0x000021c1     0x1011 ./Core/Src/main.o
 .debug_macro   0x000031d2      0x11f ./Core/Src/main.o
 .debug_macro   0x000032f1    0x17fd8 ./Core/Src/main.o
 .debug_macro   0x0001b2c9       0x6d ./Core/Src/main.o
 .debug_macro   0x0001b336     0x3703 ./Core/Src/main.o
 .debug_macro   0x0001ea39       0x56 ./Core/Src/main.o
 .debug_macro   0x0001ea8f      0xcba ./Core/Src/main.o
 .debug_macro   0x0001f749      0x9e9 ./Core/Src/main.o
 .debug_macro   0x00020132      0x115 ./Core/Src/main.o
 .debug_macro   0x00020247      0x156 ./Core/Src/main.o
 .debug_macro   0x0002039d       0xa5 ./Core/Src/main.o
 .debug_macro   0x00020442      0x182 ./Core/Src/main.o
 .debug_macro   0x000205c4      0x287 ./Core/Src/main.o
 .debug_macro   0x0002084b       0x5f ./Core/Src/main.o
 .debug_macro   0x000208aa      0x236 ./Core/Src/main.o
 .debug_macro   0x00020ae0      0xd44 ./Core/Src/main.o
 .debug_macro   0x00021824      0x132 ./Core/Src/main.o
 .debug_macro   0x00021956      0x41d ./Core/Src/main.o
 .debug_macro   0x00021d73       0x2e ./Core/Src/main.o
 .debug_macro   0x00021da1      0x1b5 ./Core/Src/main.o
 .debug_macro   0x00021f56       0x22 ./Core/Src/main.o
 .debug_macro   0x00021f78       0xd6 ./Core/Src/main.o
 .debug_macro   0x0002204e      0x127 ./Core/Src/main.o
 .debug_macro   0x00022175       0xe2 ./Core/Src/main.o
 .debug_macro   0x00022257       0x89 ./Core/Src/main.o
 .debug_macro   0x000222e0      0x30c ./Core/Src/main.o
 .debug_macro   0x000225ec      0x44b ./Core/Src/main.o
 .debug_macro   0x00022a37       0xeb ./Core/Src/main.o
 .debug_macro   0x00022b22      0x225 ./Core/Src/main.o
 .debug_macro   0x00022d47      0x2aa ./Core/Src/main.o
 .debug_macro   0x00022ff1      0x293 ./Core/Src/main.o
 .debug_macro   0x00023284       0xba ./Core/Src/main.o
 .debug_macro   0x0002333e      0x134 ./Core/Src/main.o
 .debug_macro   0x00023472      0x250 ./Core/Src/main.o
 .debug_macro   0x000236c2       0x9a ./Core/Src/main.o
 .debug_macro   0x0002375c       0x16 ./Core/Src/main.o
 .debug_macro   0x00023772       0x35 ./Core/Src/main.o
 .debug_macro   0x000237a7       0x20 ./Core/Src/main.o
 .debug_macro   0x000237c7       0x64 ./Core/Src/main.o
 .debug_macro   0x0002382b       0x88 ./Core/Src/main.o
 .debug_macro   0x000238b3      0x130 ./Core/Src/main.o
 .debug_macro   0x000239e3      0x375 ./Core/Src/stm32f4xx_hal_msp.o
 .debug_macro   0x00023d58       0x8e ./Core/Src/stm32f4xx_hal_msp.o
 .debug_macro   0x00023de6       0x51 ./Core/Src/stm32f4xx_hal_msp.o
 .debug_macro   0x00023e37      0x189 ./Core/Src/stm32f4xx_hal_msp.o
 .debug_macro   0x00023fc0       0x5c ./Core/Src/stm32f4xx_hal_msp.o
 .debug_macro   0x0002401c       0x61 ./Core/Src/stm32f4xx_hal_msp.o
 .debug_macro   0x0002407d      0x37f ./Core/Src/stm32f4xx_it.o
 .debug_macro   0x000243fc      0x224 ./Core/Src/system_stm32f4xx.o
 .debug_macro   0x00024620      0x3cc ./Drivers/API/Src/API_bme280.o
 .debug_macro   0x000249ec      0x19b ./Drivers/API/Src/API_bme280.o
 .debug_macro   0x00024b87      0x31f ./Drivers/API/Src/API_lcd.o
 .debug_macro   0x00024ea6      0x323 ./Drivers/API/Src/API_lcd_port.o
 .debug_macro   0x000251c9      0x33e ./Drivers/API/Src/API_uart.o
 .debug_macro   0x00025507       0x10 ./Drivers/API/Src/API_uart.o
 .debug_macro   0x00025517       0x1c ./Drivers/API/Src/API_uart.o
 .debug_macro   0x00025533      0x25d ./Drivers/BSP/STM32F4xx_Nucleo_144/stm32f4xx_nucleo_144.o
 .debug_macro   0x00025790      0x24a ./Drivers/BSP/STM32F4xx_Nucleo_144/stm32f4xx_nucleo_144.o
 .debug_macro   0x000259da      0x284 ./Drivers/STM32F4xx_HAL_Driver/Src/stm32f4xx_hal.o
 .debug_macro   0x00025c5e      0x224 ./Drivers/STM32F4xx_HAL_Driver/Src/stm32f4xx_hal_cortex.o
 .debug_macro   0x00025e82      0x22a ./Drivers/STM32F4xx_HAL_Driver/Src/stm32f4xx_hal_gpio.o
 .debug_macro   0x000260ac      0x272 ./Drivers/STM32F4xx_HAL_Driver/Src/stm32f4xx_hal_i2c.o
 .debug_macro   0x0002631e      0x224 ./Drivers/STM32F4xx_HAL_Driver/Src/stm32f4xx_hal_i2c_ex.o
 .debug_macro   0x00026542      0x248 ./Drivers/STM32F4xx_HAL_Driver/Src/stm32f4xx_hal_rcc.o
 .debug_macro   0x0002678a      0x224 ./Drivers/STM32F4xx_HAL_Driver/Src/stm32f4xx_hal_rcc_ex.o
 .debug_macro   0x000269ae      0x225 ./Drivers/STM32F4xx_HAL_Driver/Src/stm32f4xx_hal_rtc.o
 .debug_macro   0x00026bd3      0x233 ./Drivers/STM32F4xx_HAL_Driver/Src/stm32f4xx_hal_spi.o
 .debug_macro   0x00026e06      0x225 ./Drivers/STM32F4xx_HAL_Driver/Src/stm32f4xx_hal_uart.o

.debug_line     0x00000000    0x1395d
 .debug_line    0x00000000      0xb7c ./Core/Src/main.o
 .debug_line    0x00000b7c      0xbb6 ./Core/Src/stm32f4xx_hal_msp.o
 .debug_line    0x00001732      0xa50 ./Core/Src/stm32f4xx_it.o
 .debug_line    0x00002182      0x7be ./Core/Src/system_stm32f4xx.o
 .debug_line    0x00002940       0x7a ./Core/Startup/startup_stm32f429zitx.o
 .debug_line    0x000029ba      0xf3a ./Drivers/API/Src/API_bme280.o
 .debug_line    0x000038f4      0xae7 ./Drivers/API/Src/API_lcd.o
 .debug_line    0x000043db      0x94c ./Drivers/API/Src/API_lcd_port.o
 .debug_line    0x00004d27      0x9bf ./Drivers/API/Src/API_uart.o
 .debug_line    0x000056e6      0xb77 ./Drivers/BSP/STM32F4xx_Nucleo_144/stm32f4xx_nucleo_144.o
 .debug_line    0x0000625d      0xa5d ./Drivers/STM32F4xx_HAL_Driver/Src/stm32f4xx_hal.o
 .debug_line    0x00006cba      0xcef ./Drivers/STM32F4xx_HAL_Driver/Src/stm32f4xx_hal_cortex.o
 .debug_line    0x000079a9      0xbdb ./Drivers/STM32F4xx_HAL_Driver/Src/stm32f4xx_hal_gpio.o
 .debug_line    0x00008584     0x3b6d ./Drivers/STM32F4xx_HAL_Driver/Src/stm32f4xx_hal_i2c.o
 .debug_line    0x0000c0f1      0x7b4 ./Drivers/STM32F4xx_HAL_Driver/Src/stm32f4xx_hal_i2c_ex.o
 .debug_line    0x0000c8a5      0xd9a ./Drivers/STM32F4xx_HAL_Driver/Src/stm32f4xx_hal_rcc.o
 .debug_line    0x0000d63f      0xbf8 ./Drivers/STM32F4xx_HAL_Driver/Src/stm32f4xx_hal_rcc_ex.o
 .debug_line    0x0000e237     0x110b ./Drivers/STM32F4xx_HAL_Driver/Src/stm32f4xx_hal_rtc.o
 .debug_line    0x0000f342     0x1d22 ./Drivers/STM32F4xx_HAL_Driver/Src/stm32f4xx_hal_spi.o
 .debug_line    0x00011064     0x28f9 ./Drivers/STM32F4xx_HAL_Driver/Src/stm32f4xx_hal_uart.o

.debug_str      0x00000000    0xe50da
 .debug_str     0x00000000    0xe0352 ./Core/Src/main.o
                              0xe06d5 (size before relaxing)
 .debug_str     0x000e0352      0xc17 ./Core/Src/stm32f4xx_hal_msp.o
                              0xe0eba (size before relaxing)
 .debug_str     0x000e0f69       0xc9 ./Core/Src/stm32f4xx_it.o
                              0xdf892 (size before relaxing)
 .debug_str     0x000e1032       0xdb ./Core/Src/system_stm32f4xx.o
                              0xdaa10 (size before relaxing)
 .debug_str     0x000e110d       0x44 ./Core/Startup/startup_stm32f429zitx.o
                                 0x77 (size before relaxing)
 .debug_str     0x000e1151      0xdae ./Drivers/API/Src/API_bme280.o
                              0xe09fe (size before relaxing)
 .debug_str     0x000e1eff       0xc8 ./Drivers/API/Src/API_lcd.o
                              0xdf1eb (size before relaxing)
 .debug_str     0x000e1fc7       0x3a ./Drivers/API/Src/API_lcd_port.o
                              0xdf610 (size before relaxing)
 .debug_str     0x000e2001       0x8b ./Drivers/API/Src/API_uart.o
                              0xde75d (size before relaxing)
 .debug_str     0x000e208c      0x9c2 ./Drivers/BSP/STM32F4xx_Nucleo_144/stm32f4xx_nucleo_144.o
                              0xdc8a3 (size before relaxing)
 .debug_str     0x000e2a4e      0x63e ./Drivers/STM32F4xx_HAL_Driver/Src/stm32f4xx_hal.o
                              0xdb633 (size before relaxing)
 .debug_str     0x000e308c      0x31f ./Drivers/STM32F4xx_HAL_Driver/Src/stm32f4xx_hal_cortex.o
                              0xdb32f (size before relaxing)
 .debug_str     0x000e33ab       0xf8 ./Drivers/STM32F4xx_HAL_Driver/Src/stm32f4xx_hal_gpio.o
                              0xdab8b (size before relaxing)
 .debug_str     0x000e34a3      0xb44 ./Drivers/STM32F4xx_HAL_Driver/Src/stm32f4xx_hal_i2c.o
                              0xdba20 (size before relaxing)
 .debug_str     0x000e3fe7       0x3b ./Drivers/STM32F4xx_HAL_Driver/Src/stm32f4xx_hal_i2c_ex.o
                              0xdaddf (size before relaxing)
 .debug_str     0x000e4022      0x213 ./Drivers/STM32F4xx_HAL_Driver/Src/stm32f4xx_hal_rcc.o
                              0xdae44 (size before relaxing)
 .debug_str     0x000e4235      0x133 ./Drivers/STM32F4xx_HAL_Driver/Src/stm32f4xx_hal_rcc_ex.o
                              0xdac0b (size before relaxing)
 .debug_str     0x000e4368      0x285 ./Drivers/STM32F4xx_HAL_Driver/Src/stm32f4xx_hal_rtc.o
                              0xdae6c (size before relaxing)
 .debug_str     0x000e45ed      0x507 ./Drivers/STM32F4xx_HAL_Driver/Src/stm32f4xx_hal_spi.o
                              0xdb2c1 (size before relaxing)
 .debug_str     0x000e4af4      0x5e6 ./Drivers/STM32F4xx_HAL_Driver/Src/stm32f4xx_hal_uart.o
                              0xdb412 (size before relaxing)

.comment        0x00000000       0x43
 .comment       0x00000000       0x43 ./Core/Src/main.o
                                 0x44 (size before relaxing)
 .comment       0x00000043       0x44 ./Core/Src/stm32f4xx_hal_msp.o
 .comment       0x00000043       0x44 ./Core/Src/stm32f4xx_it.o
 .comment       0x00000043       0x44 ./Core/Src/system_stm32f4xx.o
 .comment       0x00000043       0x44 ./Drivers/API/Src/API_bme280.o
 .comment       0x00000043       0x44 ./Drivers/API/Src/API_lcd.o
 .comment       0x00000043       0x44 ./Drivers/API/Src/API_lcd_port.o
 .comment       0x00000043       0x44 ./Drivers/API/Src/API_uart.o
 .comment       0x00000043       0x44 ./Drivers/BSP/STM32F4xx_Nucleo_144/stm32f4xx_nucleo_144.o
 .comment       0x00000043       0x44 ./Drivers/STM32F4xx_HAL_Driver/Src/stm32f4xx_hal.o
 .comment       0x00000043       0x44 ./Drivers/STM32F4xx_HAL_Driver/Src/stm32f4xx_hal_cortex.o
 .comment       0x00000043       0x44 ./Drivers/STM32F4xx_HAL_Driver/Src/stm32f4xx_hal_gpio.o
 .comment       0x00000043       0x44 ./Drivers/STM32F4xx_HAL_Driver/Src/stm32f4xx_hal_i2c.o
 .comment       0x00000043       0x44 ./Drivers/STM32F4xx_HAL_Driver/Src/stm32f4xx_hal_i2c_ex.o
 .comment       0x00000043       0x44 ./Drivers/STM32F4xx_HAL_Driver/Src/stm32f4xx_hal_rcc.o
 .comment       0x00000043       0x44 ./Drivers/STM32F4xx_HAL_Driver/Src/stm32f4xx_hal_rcc_ex.o
 .comment       0x00000043       0x44 ./Drivers/STM32F4xx_HAL_Driver/Src/stm32f4xx_hal_rtc.o
 .comment       0x00000043       0x44 ./Drivers/STM32F4xx_HAL_Driver/Src/stm32f4xx_hal_spi.o
 .comment       0x00000043       0x44 ./Drivers/STM32F4xx_HAL_Driver/Src/stm32f4xx_hal_uart.o

.debug_frame    0x00000000     0x3f40
 .debug_frame   0x00000000       0xec ./Core/Src/main.o
 .debug_frame   0x000000ec      0x1ec ./Core/Src/stm32f4xx_hal_msp.o
 .debug_frame   0x000002d8      0x104 ./Core/Src/stm32f4xx_it.o
 .debug_frame   0x000003dc       0x58 ./Core/Src/system_stm32f4xx.o
 .debug_frame   0x00000434      0x350 ./Drivers/API/Src/API_bme280.o
 .debug_frame   0x00000784      0x1f0 ./Drivers/API/Src/API_lcd.o
 .debug_frame   0x00000974       0x34 ./Drivers/API/Src/API_lcd_port.o
 .debug_frame   0x000009a8       0xb0 ./Drivers/API/Src/API_uart.o
 .debug_frame   0x00000a58      0x338 ./Drivers/BSP/STM32F4xx_Nucleo_144/stm32f4xx_nucleo_144.o
 .debug_frame   0x00000d90      0x3b4 ./Drivers/STM32F4xx_HAL_Driver/Src/stm32f4xx_hal.o
 .debug_frame   0x00001144      0x4b8 ./Drivers/STM32F4xx_HAL_Driver/Src/stm32f4xx_hal_cortex.o
 .debug_frame   0x000015fc      0x14c ./Drivers/STM32F4xx_HAL_Driver/Src/stm32f4xx_hal_gpio.o
 .debug_frame   0x00001748      0xc84 ./Drivers/STM32F4xx_HAL_Driver/Src/stm32f4xx_hal_i2c.o
 .debug_frame   0x000023cc       0x60 ./Drivers/STM32F4xx_HAL_Driver/Src/stm32f4xx_hal_i2c_ex.o
 .debug_frame   0x0000242c      0x1f4 ./Drivers/STM32F4xx_HAL_Driver/Src/stm32f4xx_hal_rcc.o
 .debug_frame   0x00002620      0x13c ./Drivers/STM32F4xx_HAL_Driver/Src/stm32f4xx_hal_rcc_ex.o
 .debug_frame   0x0000275c      0x3f4 ./Drivers/STM32F4xx_HAL_Driver/Src/stm32f4xx_hal_rtc.o
 .debug_frame   0x00002b50      0x828 ./Drivers/STM32F4xx_HAL_Driver/Src/stm32f4xx_hal_spi.o
 .debug_frame   0x00003378      0x954 ./Drivers/STM32F4xx_HAL_Driver/Src/stm32f4xx_hal_uart.o
 .debug_frame   0x00003ccc       0x38 /opt/st/stm32cubeide_1.15.1/plugins/com.st.stm32cube.ide.mcu.externaltools.gnu-tools-for-stm32.12.3.rel1.linux64_1.0.100.202403111256/tools/bin/../lib/gcc/arm-none-eabi/12.3.1/../../../../arm-none-eabi/lib/thumb/v7e-m+fp/hard/libc_nano.a(libc_a-itoa.o)
 .debug_frame   0x00003d04       0x48 /opt/st/stm32cubeide_1.15.1/plugins/com.st.stm32cube.ide.mcu.externaltools.gnu-tools-for-stm32.12.3.rel1.linux64_1.0.100.202403111256/tools/bin/../lib/gcc/arm-none-eabi/12.3.1/../../../../arm-none-eabi/lib/thumb/v7e-m+fp/hard/libc_nano.a(libc_a-utoa.o)
 .debug_frame   0x00003d4c       0x20 /opt/st/stm32cubeide_1.15.1/plugins/com.st.stm32cube.ide.mcu.externaltools.gnu-tools-for-stm32.12.3.rel1.linux64_1.0.100.202403111256/tools/bin/../lib/gcc/arm-none-eabi/12.3.1/../../../../arm-none-eabi/lib/thumb/v7e-m+fp/hard/libc_nano.a(libc_a-memset.o)
 .debug_frame   0x00003d6c       0x28 /opt/st/stm32cubeide_1.15.1/plugins/com.st.stm32cube.ide.mcu.externaltools.gnu-tools-for-stm32.12.3.rel1.linux64_1.0.100.202403111256/tools/bin/../lib/gcc/arm-none-eabi/12.3.1/../../../../arm-none-eabi/lib/thumb/v7e-m+fp/hard/libc_nano.a(libc_a-strcat.o)
 .debug_frame   0x00003d94       0x2c /opt/st/stm32cubeide_1.15.1/plugins/com.st.stm32cube.ide.mcu.externaltools.gnu-tools-for-stm32.12.3.rel1.linux64_1.0.100.202403111256/tools/bin/../lib/gcc/arm-none-eabi/12.3.1/../../../../arm-none-eabi/lib/thumb/v7e-m+fp/hard/libc_nano.a(libc_a-init.o)
 .debug_frame   0x00003dc0       0xac /opt/st/stm32cubeide_1.15.1/plugins/com.st.stm32cube.ide.mcu.externaltools.gnu-tools-for-stm32.12.3.rel1.linux64_1.0.100.202403111256/tools/bin/../lib/gcc/arm-none-eabi/12.3.1/thumb/v7e-m+fp/hard/libgcc.a(_arm_addsubdf3.o)
 .debug_frame   0x00003e6c       0x50 /opt/st/stm32cubeide_1.15.1/plugins/com.st.stm32cube.ide.mcu.externaltools.gnu-tools-for-stm32.12.3.rel1.linux64_1.0.100.202403111256/tools/bin/../lib/gcc/arm-none-eabi/12.3.1/thumb/v7e-m+fp/hard/libgcc.a(_arm_muldivdf3.o)
 .debug_frame   0x00003ebc       0x24 /opt/st/stm32cubeide_1.15.1/plugins/com.st.stm32cube.ide.mcu.externaltools.gnu-tools-for-stm32.12.3.rel1.linux64_1.0.100.202403111256/tools/bin/../lib/gcc/arm-none-eabi/12.3.1/thumb/v7e-m+fp/hard/libgcc.a(_arm_truncdfsf2.o)
 .debug_frame   0x00003ee0       0x2c /opt/st/stm32cubeide_1.15.1/plugins/com.st.stm32cube.ide.mcu.externaltools.gnu-tools-for-stm32.12.3.rel1.linux64_1.0.100.202403111256/tools/bin/../lib/gcc/arm-none-eabi/12.3.1/thumb/v7e-m+fp/hard/libgcc.a(_aeabi_uldivmod.o)
 .debug_frame   0x00003f0c       0x34 /opt/st/stm32cubeide_1.15.1/plugins/com.st.stm32cube.ide.mcu.externaltools.gnu-tools-for-stm32.12.3.rel1.linux64_1.0.100.202403111256/tools/bin/../lib/gcc/arm-none-eabi/12.3.1/thumb/v7e-m+fp/hard/libgcc.a(_udivmoddi4.o)

.debug_line_str
                0x00000000       0x5b
 .debug_line_str
                0x00000000       0x5b ./Core/Startup/startup_stm32f429zitx.o
