Archive member included to satisfy reference by file (symbol)

/opt/st/stm32cubeide_1.15.1/plugins/com.st.stm32cube.ide.mcu.externaltools.gnu-tools-for-stm32.12.3.rel1.linux64_1.0.100.202403111256/tools/bin/../lib/gcc/arm-none-eabi/12.3.1/../../../../arm-none-eabi/lib/thumb/v7e-m+fp/hard/libc_nano.a(libc_a-exit.o)
                              /opt/st/stm32cubeide_1.15.1/plugins/com.st.stm32cube.ide.mcu.externaltools.gnu-tools-for-stm32.12.3.rel1.linux64_1.0.100.202403111256/tools/bin/../lib/gcc/arm-none-eabi/12.3.1/../../../../arm-none-eabi/lib/thumb/v7e-m+fp/hard/crt0.o (exit)
/opt/st/stm32cubeide_1.15.1/plugins/com.st.stm32cube.ide.mcu.externaltools.gnu-tools-for-stm32.12.3.rel1.linux64_1.0.100.202403111256/tools/bin/../lib/gcc/arm-none-eabi/12.3.1/../../../../arm-none-eabi/lib/thumb/v7e-m+fp/hard/libc_nano.a(libc_a-itoa.o)
                              ./Drivers/API/Src/API_fsm.o (itoa)
/opt/st/stm32cubeide_1.15.1/plugins/com.st.stm32cube.ide.mcu.externaltools.gnu-tools-for-stm32.12.3.rel1.linux64_1.0.100.202403111256/tools/bin/../lib/gcc/arm-none-eabi/12.3.1/../../../../arm-none-eabi/lib/thumb/v7e-m+fp/hard/libc_nano.a(libc_a-utoa.o)
                              /opt/st/stm32cubeide_1.15.1/plugins/com.st.stm32cube.ide.mcu.externaltools.gnu-tools-for-stm32.12.3.rel1.linux64_1.0.100.202403111256/tools/bin/../lib/gcc/arm-none-eabi/12.3.1/../../../../arm-none-eabi/lib/thumb/v7e-m+fp/hard/libc_nano.a(libc_a-itoa.o) (__utoa)
/opt/st/stm32cubeide_1.15.1/plugins/com.st.stm32cube.ide.mcu.externaltools.gnu-tools-for-stm32.12.3.rel1.linux64_1.0.100.202403111256/tools/bin/../lib/gcc/arm-none-eabi/12.3.1/../../../../arm-none-eabi/lib/thumb/v7e-m+fp/hard/libc_nano.a(libc_a-findfp.o)
                              /opt/st/stm32cubeide_1.15.1/plugins/com.st.stm32cube.ide.mcu.externaltools.gnu-tools-for-stm32.12.3.rel1.linux64_1.0.100.202403111256/tools/bin/../lib/gcc/arm-none-eabi/12.3.1/../../../../arm-none-eabi/lib/thumb/v7e-m+fp/hard/libc_nano.a(libc_a-exit.o) (__stdio_exit_handler)
/opt/st/stm32cubeide_1.15.1/plugins/com.st.stm32cube.ide.mcu.externaltools.gnu-tools-for-stm32.12.3.rel1.linux64_1.0.100.202403111256/tools/bin/../lib/gcc/arm-none-eabi/12.3.1/../../../../arm-none-eabi/lib/thumb/v7e-m+fp/hard/libc_nano.a(libc_a-fwalk.o)
                              /opt/st/stm32cubeide_1.15.1/plugins/com.st.stm32cube.ide.mcu.externaltools.gnu-tools-for-stm32.12.3.rel1.linux64_1.0.100.202403111256/tools/bin/../lib/gcc/arm-none-eabi/12.3.1/../../../../arm-none-eabi/lib/thumb/v7e-m+fp/hard/libc_nano.a(libc_a-findfp.o) (_fwalk_sglue)
/opt/st/stm32cubeide_1.15.1/plugins/com.st.stm32cube.ide.mcu.externaltools.gnu-tools-for-stm32.12.3.rel1.linux64_1.0.100.202403111256/tools/bin/../lib/gcc/arm-none-eabi/12.3.1/../../../../arm-none-eabi/lib/thumb/v7e-m+fp/hard/libc_nano.a(libc_a-stdio.o)
                              /opt/st/stm32cubeide_1.15.1/plugins/com.st.stm32cube.ide.mcu.externaltools.gnu-tools-for-stm32.12.3.rel1.linux64_1.0.100.202403111256/tools/bin/../lib/gcc/arm-none-eabi/12.3.1/../../../../arm-none-eabi/lib/thumb/v7e-m+fp/hard/libc_nano.a(libc_a-findfp.o) (__sread)
/opt/st/stm32cubeide_1.15.1/plugins/com.st.stm32cube.ide.mcu.externaltools.gnu-tools-for-stm32.12.3.rel1.linux64_1.0.100.202403111256/tools/bin/../lib/gcc/arm-none-eabi/12.3.1/../../../../arm-none-eabi/lib/thumb/v7e-m+fp/hard/libc_nano.a(libc_a-memset.o)
                              /opt/st/stm32cubeide_1.15.1/plugins/com.st.stm32cube.ide.mcu.externaltools.gnu-tools-for-stm32.12.3.rel1.linux64_1.0.100.202403111256/tools/bin/../lib/gcc/arm-none-eabi/12.3.1/../../../../arm-none-eabi/lib/thumb/v7e-m+fp/hard/crt0.o (memset)
/opt/st/stm32cubeide_1.15.1/plugins/com.st.stm32cube.ide.mcu.externaltools.gnu-tools-for-stm32.12.3.rel1.linux64_1.0.100.202403111256/tools/bin/../lib/gcc/arm-none-eabi/12.3.1/../../../../arm-none-eabi/lib/thumb/v7e-m+fp/hard/libc_nano.a(libc_a-strcat.o)
                              ./Drivers/API/Src/API_fsm.o (strcat)
/opt/st/stm32cubeide_1.15.1/plugins/com.st.stm32cube.ide.mcu.externaltools.gnu-tools-for-stm32.12.3.rel1.linux64_1.0.100.202403111256/tools/bin/../lib/gcc/arm-none-eabi/12.3.1/../../../../arm-none-eabi/lib/thumb/v7e-m+fp/hard/libc_nano.a(libc_a-closer.o)
                              /opt/st/stm32cubeide_1.15.1/plugins/com.st.stm32cube.ide.mcu.externaltools.gnu-tools-for-stm32.12.3.rel1.linux64_1.0.100.202403111256/tools/bin/../lib/gcc/arm-none-eabi/12.3.1/../../../../arm-none-eabi/lib/thumb/v7e-m+fp/hard/libc_nano.a(libc_a-stdio.o) (_close_r)
/opt/st/stm32cubeide_1.15.1/plugins/com.st.stm32cube.ide.mcu.externaltools.gnu-tools-for-stm32.12.3.rel1.linux64_1.0.100.202403111256/tools/bin/../lib/gcc/arm-none-eabi/12.3.1/../../../../arm-none-eabi/lib/thumb/v7e-m+fp/hard/libc_nano.a(libc_a-reent.o)
[...]
Memory Configuration

Name             Origin             Length             Attributes
CCMRAM           0x10000000         0x00010000         xrw
RAM              0x20000000         0x00030000         xrw
FLASH            0x08000000         0x00200000         xr
*default*        0x00000000         0xffffffff

Linker script and memory map

LOAD /opt/st/stm32cubeide_1.15.1/plugins/com.st.stm32cube.ide.mcu.externaltools.gnu-tools-for-stm32.12.3.rel1.linux64_1.0.100.202403111256/tools/bin/../lib/gcc/arm-none-eabi/12.3.1/thumb/v7e-m+fp/hard/crti.o
LOAD /opt/st/stm32cubeide_1.15.1/plugins/com.st.stm32cube.ide.mcu.externaltools.gnu-tools-for-stm32.12.3.rel1.linux64_1.0.100.202403111256/tools/bin/../lib/gcc/arm-none-eabi/12.3.1/thumb/v7e-m+fp/hard/crtbegin.o
LOAD /opt/st/stm32cubeide_1.15.1/plugins/com.st.stm32cube.ide.mcu.externaltools.gnu-tools-for-stm32.12.3.rel1.linux64_1.0.100.202403111256/tools/bin/../lib/gcc/arm-none-eabi/12.3.1/../../../../arm-none-eabi/lib/thumb/v7e-m+fp/hard/crt0.o
LOAD ./Core/Src/main.o
LOAD ./Core/Src/stm32f4xx_hal_msp.o
LOAD ./Core/Src/stm32f4xx_it.o
LOAD ./Core/Src/syscalls.o
LOAD ./Core/Src/sysmem.o
LOAD ./Core/Src/system_stm32f4xx.o
LOAD ./Core/Startup/startup_stm32f429zitx.o
LOAD ./Drivers/API/Src/API_bme280.o
LOAD ./Drivers/API/Src/API_bme280_port.o
LOAD ./Drivers/API/Src/API_clock_date.o
LOAD ./Drivers/API/Src/API_delay.o
LOAD ./Drivers/API/Src/API_fsm.o
LOAD ./Drivers/API/Src/API_lcd.o
LOAD ./Drivers/API/Src/API_lcd_port.o
LOAD ./Drivers/API/Src/API_uart.o
LOAD ./Drivers/BSP/STM32F4xx_Nucleo_144/stm32f4xx_nucleo_144.o
LOAD ./Drivers/STM32F4xx_HAL_Driver/Src/stm32f4xx_hal.o
LOAD ./Drivers/STM32F4xx_HAL_Driver/Src/stm32f4xx_hal_cortex.o
LOAD ./Drivers/STM32F4xx_HAL_Driver/Src/stm32f4xx_hal_dma.o
LOAD ./Drivers/STM32F4xx_HAL_Driver/Src/stm32f4xx_hal_dma_ex.o
LOAD ./Drivers/STM32F4xx_HAL_Driver/Src/stm32f4xx_hal_eth.o
LOAD ./Drivers/STM32F4xx_HAL_Driver/Src/stm32f4xx_hal_exti.o
LOAD ./Drivers/STM32F4xx_HAL_Driver/Src/stm32f4xx_hal_flash.o
LOAD ./Drivers/STM32F4xx_HAL_Driver/Src/stm32f4xx_hal_flash_ex.o
LOAD ./Drivers/STM32F4xx_HAL_Driver/Src/stm32f4xx_hal_flash_ramfunc.o
LOAD ./Drivers/STM32F4xx_HAL_Driver/Src/stm32f4xx_hal_gpio.o
LOAD ./Drivers/STM32F4xx_HAL_Driver/Src/stm32f4xx_hal_i2c.o
LOAD ./Drivers/STM32F4xx_HAL_Driver/Src/stm32f4xx_hal_i2c_ex.o
LOAD ./Drivers/STM32F4xx_HAL_Driver/Src/stm32f4xx_hal_pcd.o
LOAD ./Drivers/STM32F4xx_HAL_Driver/Src/stm32f4xx_hal_pcd_ex.o
LOAD ./Drivers/STM32F4xx_HAL_Driver/Src/stm32f4xx_hal_pwr.o
LOAD ./Drivers/STM32F4xx_HAL_Driver/Src/stm32f4xx_hal_pwr_ex.o
LOAD ./Drivers/STM32F4xx_HAL_Driver/Src/stm32f4xx_hal_rcc.o
LOAD ./Drivers/STM32F4xx_HAL_Driver/Src/stm32f4xx_hal_rcc_ex.o
LOAD ./Drivers/STM32F4xx_HAL_Driver/Src/stm32f4xx_hal_rtc.o
LOAD ./Drivers/STM32F4xx_HAL_Driver/Src/stm32f4xx_hal_rtc_ex.o
LOAD ./Drivers/STM32F4xx_HAL_Driver/Src/stm32f4xx_hal_spi.o
LOAD ./Drivers/STM32F4xx_HAL_Driver/Src/stm32f4xx_hal_tim.o
LOAD ./Drivers/STM32F4xx_HAL_Driver/Src/stm32f4xx_hal_tim_ex.o
LOAD ./Drivers/STM32F4xx_HAL_Driver/Src/stm32f4xx_hal_uart.o
LOAD ./Drivers/STM32F4xx_HAL_Driver/Src/stm32f4xx_ll_usb.o
START GROUP
LOAD /opt/st/stm32cubeide_1.15.1/plugins/com.st.stm32cube.ide.mcu.externaltools.gnu-tools-for-stm32.12.3.rel1.linux64_1.0.100.202403111256/tools/bin/../lib/gcc/arm-none-eabi/12.3.1/../../../../arm-none-eabi/lib/thumb/v7e-m+fp/hard/libc_nano.a
LOAD /opt/st/stm32cubeide_1.15.1/plugins/com.st.stm32cube.ide.mcu.externaltools.gnu-tools-for-stm32.12.3.rel1.linux64_1.0.100.202403111256/tools/bin/../lib/gcc/arm-none-eabi/12.3.1/../../../../arm-none-eabi/lib/thumb/v7e-m+fp/hard/libm.a
END GROUP
START GROUP
LOAD /opt/st/stm32cubeide_1.15.1/plugins/com.st.stm32cube.ide.mcu.externaltools.gnu-tools-for-stm32.12.3.rel1.linux64_1.0.100.202403111256/tools/bin/../lib/gcc/arm-none-eabi/12.3.1/thumb/v7e-m+fp/hard/libgcc.a
LOAD /opt/st/stm32cubeide_1.15.1/plugins/com.st.stm32cube.ide.mcu.externaltools.gnu-tools-for-stm32.12.3.rel1.linux64_1.0.100.202403111256/tools/bin/../lib/gcc/arm-none-eabi/12.3.1/../../../../arm-none-eabi/lib/thumb/v7e-m+fp/hard/libc_nano.a
END GROUP
START GROUP
LOAD /opt/st/stm32cubeide_1.15.1/plugins/com.st.stm32cube.ide.mcu.externaltools.gnu-tools-for-stm32.12.3.rel1.linux64_1.0.100.202403111256/tools/bin/../lib/gcc/arm-none-eabi/12.3.1/thumb/v7e-m+fp/hard/libgcc.a
LOAD /opt/st/stm32cubeide_1.15.1/plugins/com.st.stm32cube.ide.mcu.externaltools.gnu-tools-for-stm32.12.3.rel1.linux64_1.0.100.202403111256/tools/bin/../lib/gcc/arm-none-eabi/12.3.1/../../../../arm-none-eabi/lib/thumb/v7e-m+fp/hard/libc_nano.a
LOAD /opt/st/stm32cubeide_1.15.1/plugins/com.st.stm32cube.ide.mcu.externaltools.gnu-tools-for-stm32.12.3.rel1.linux64_1.0.100.202403111256/tools/bin/../lib/gcc/arm-none-eabi/12.3.1/../../../../arm-none-eabi/lib/thumb/v7e-m+fp/hard/libnosys.a
END GROUP
START GROUP
LOAD /opt/st/stm32cubeide_1.15.1/plugins/com.st.stm32cube.ide.mcu.externaltools.gnu-tools-for-stm32.12.3.rel1.linux64_1.0.100.202403111256/tools/bin/../lib/gcc/arm-none-eabi/12.3.1/thumb/v7e-m+fp/hard/libgcc.a
LOAD /opt/st/stm32cubeide_1.15.1/plugins/com.st.stm32cube.ide.mcu.externaltools.gnu-tools-for-stm32.12.3.rel1.linux64_1.0.100.202403111256/tools/bin/../lib/gcc/arm-none-eabi/12.3.1/../../../../arm-none-eabi/lib/thumb/v7e-m+fp/hard/libc_nano.a
LOAD /opt/st/stm32cubeide_1.15.1/plugins/com.st.stm32cube.ide.mcu.externaltools.gnu-tools-for-stm32.12.3.rel1.linux64_1.0.100.202403111256/tools/bin/../lib/gcc/arm-none-eabi/12.3.1/../../../../arm-none-eabi/lib/thumb/v7e-m+fp/hard/libnosys.a
END GROUP
LOAD /opt/st/stm32cubeide_1.15.1/plugins/com.st.stm32cube.ide.mcu.externaltools.gnu-tools-for-stm32.12.3.rel1.linux64_1.0.100.202403111256/tools/bin/../lib/gcc/arm-none-eabi/12.3.1/thumb/v7e-m+fp/hard/crtend.o
LOAD /opt/st/stm32cubeide_1.15.1/plugins/com.st.stm32cube.ide.mcu.externaltools.gnu-tools-for-stm32.12.3.rel1.linux64_1.0.100.202403111256/tools/bin/../lib/gcc/arm-none-eabi/12.3.1/thumb/v7e-m+fp/hard/crtn.o
                0x20030000                        _estack = (ORIGIN (RAM) + LENGTH (RAM))
                0x00000200                        _Min_Heap_Size = 0x200
                0x00000400                        _Min_Stack_Size = 0x400

.isr_vector     0x08000000      0x1ac
                0x08000000                        . = ALIGN (0x4)
 *(.isr_vector)
 .isr_vector    0x08000000      0x1ac ./Core/Startup/startup_stm32f429zitx.o
                0x08000000                g_pfnVectors
                0x080001ac                        . = ALIGN (0x4)

.text           0x080001ac     0x51c4
                0x080001ac                        . = ALIGN (0x4)
 *(.text)
 .text          0x080001ac       0x40 /opt/st/stm32cubeide_1.15.1/plugins/com.st.stm32cube.ide.mcu.externaltools.gnu-tools-for-stm32.12.3.rel1.linux64_1.0.100.202403111256/tools/bin/../lib/gcc/arm-none-eabi/12.3.1/thumb/v7e-m+fp/hard/crtbegin.o
 .text          0x080001ec       0x10 /opt/st/stm32cubeide_1.15.1/plugins/com.st.stm32cube.ide.mcu.externaltools.gnu-tools-for-stm32.12.3.rel1.linux64_1.0.100.202403111256/tools/bin/../lib/gcc/arm-none-eabi/12.3.1/../../../../arm-none-eabi/lib/thumb/v7e-m+fp/hard/libc_nano.a(libc_a-strlen.o)
                0x080001ec                strlen
 .text          0x080001fc       0x30 /opt/st/stm32cubeide_1.15.1/plugins/com.st.stm32cube.ide.mcu.externaltools.gnu-tools-for-stm32.12.3.rel1.linux64_1.0.100.202403111256/tools/bin/../lib/gcc/arm-none-eabi/12.3.1/thumb/v7e-m+fp/hard/libgcc.a(_aeabi_uldivmod.o)
                0x080001fc                __aeabi_uldivmod
 .text          0x0800022c      0x2bc /opt/st/stm32cubeide_1.15.1/plugins/com.st.stm32cube.ide.mcu.externaltools.gnu-tools-for-stm32.12.3.rel1.linux64_1.0.100.202403111256/tools/bin/../lib/gcc/arm-none-eabi/12.3.1/thumb/v7e-m+fp/hard/libgcc.a(_udivmoddi4.o)
                0x0800022c                __udivmoddi4
 .text          0x080004e8        0x4 /opt/st/stm32cubeide_1.15.1/plugins/com.st.stm32cube.ide.mcu.externaltools.gnu-tools-for-stm32.12.3.rel1.linux64_1.0.100.202403111256/tools/bin/../lib/gcc/arm-none-eabi/12.3.1/thumb/v7e-m+fp/hard/libgcc.a(_dvmd_tls.o)
                0x080004e8                __aeabi_ldiv0
                0x080004e8                __aeabi_idiv0
 *(.text*)
 .text.main     0x080004ec       0x40 ./Core/Src/main.o
                0x080004ec                main
 .text.SystemClock_Config
                0x0800052c       0xd8 ./Core/Src/main.o
                0x0800052c                SystemClock_Config
 .text.MX_I2C1_Init
                0x08000604       0xe8 ./Core/Src/main.o
 .text.MX_SPI1_Init
                0x080006ec       0x6c ./Core/Src/main.o
 .text.MX_GPIO_Init
                0x08000758      0x15c ./Core/Src/main.o
 .text.MX_RTC_Init
                0x080008b4       0x4c ./Core/Src/main.o
 .text.Error_Handler
                0x08000900        0xc ./Core/Src/main.o
                0x08000900                Error_Handler
 .text.HAL_MspInit
                0x0800090c       0x50 ./Core/Src/stm32f4xx_hal_msp.o
                0x0800090c                HAL_MspInit
 .text.HAL_I2C_MspInit
                0x0800095c       0x90 ./Core/Src/stm32f4xx_hal_msp.o
                0x0800095c                HAL_I2C_MspInit
 .text.HAL_RTC_MspInit
                0x080009ec       0x54 ./Core/Src/stm32f4xx_hal_msp.o
                0x080009ec                HAL_RTC_MspInit
 .text.HAL_SPI_MspInit
                0x08000a40       0xd0 ./Core/Src/stm32f4xx_hal_msp.o
                0x08000a40                HAL_SPI_MspInit
 .text.HAL_UART_MspInit
                0x08000b10       0x90 ./Core/Src/stm32f4xx_hal_msp.o
                0x08000b10                HAL_UART_MspInit
 .text.NMI_Handler
                0x08000ba0        0x8 ./Core/Src/stm32f4xx_it.o
                0x08000ba0                NMI_Handler
 .text.HardFault_Handler
                0x08000ba8        0x8 ./Core/Src/stm32f4xx_it.o
                0x08000ba8                HardFault_Handler
 .text.MemManage_Handler
                0x08000bb0        0x8 ./Core/Src/stm32f4xx_it.o
                0x08000bb0                MemManage_Handler
 .text.BusFault_Handler
                0x08000bb8        0x8 ./Core/Src/stm32f4xx_it.o
                0x08000bb8                BusFault_Handler
 .text.UsageFault_Handler
                0x08000bc0        0x8 ./Core/Src/stm32f4xx_it.o
                0x08000bc0                UsageFault_Handler
 .text.SVC_Handler
                0x08000bc8        0xe ./Core/Src/stm32f4xx_it.o
                0x08000bc8                SVC_Handler
 .text.DebugMon_Handler
                0x08000bd6        0xe ./Core/Src/stm32f4xx_it.o
                0x08000bd6                DebugMon_Handler
 .text.PendSV_Handler
                0x08000be4        0xe ./Core/Src/stm32f4xx_it.o
                0x08000be4                PendSV_Handler
 .text.SysTick_Handler
                0x08000bf2        0xc ./Core/Src/stm32f4xx_it.o
                0x08000bf2                SysTick_Handler
 *fill*         0x08000bfe        0x2 
 .text.SystemInit
                0x08000c00       0x24 ./Core/Src/system_stm32f4xx.o
                0x08000c00                SystemInit
 .text.Reset_Handler
                0x08000c24       0x50 ./Core/Startup/startup_stm32f429zitx.o
                0x08000c24                Reset_Handler
 .text.Default_Handler
                0x08000c74        0x2 ./Core/Startup/startup_stm32f429zitx.o
                0x08000c74                RTC_Alarm_IRQHandler
                0x08000c74                HASH_RNG_IRQHandler
                0x08000c74                EXTI2_IRQHandler
                0x08000c74                TIM8_CC_IRQHandler
                0x08000c74                UART8_IRQHandler
                0x08000c74                SPI4_IRQHandler
                0x08000c74                TIM1_CC_IRQHandler
                0x08000c74                DMA2_Stream5_IRQHandler
                0x08000c74                DMA1_Stream5_IRQHandler
                0x08000c74                PVD_IRQHandler
                0x08000c74                SDIO_IRQHandler
                0x08000c74                TAMP_STAMP_IRQHandler
                0x08000c74                CAN2_RX1_IRQHandler
                0x08000c74                EXTI3_IRQHandler
                0x08000c74                TIM8_TRG_COM_TIM14_IRQHandler
                0x08000c74                TIM1_UP_TIM10_IRQHandler
                0x08000c74                TIM8_UP_TIM13_IRQHandler
                0x08000c74                I2C3_ER_IRQHandler
                0x08000c74                EXTI0_IRQHandler
                0x08000c74                I2C2_EV_IRQHandler
                0x08000c74                DMA1_Stream2_IRQHandler
                0x08000c74                CAN1_RX0_IRQHandler
                0x08000c74                FPU_IRQHandler
                0x08000c74                OTG_HS_WKUP_IRQHandler
                0x08000c74                LTDC_ER_IRQHandler
                0x08000c74                CAN2_SCE_IRQHandler
                0x08000c74                DMA2_Stream2_IRQHandler
                0x08000c74                SPI1_IRQHandler
                0x08000c74                TIM6_DAC_IRQHandler
                0x08000c74                TIM1_BRK_TIM9_IRQHandler
                0x08000c74                DCMI_IRQHandler
                0x08000c74                CAN2_RX0_IRQHandler
                0x08000c74                DMA2_Stream3_IRQHandler
                0x08000c74                USART6_IRQHandler
                0x08000c74                USART3_IRQHandler
                0x08000c74                CAN1_RX1_IRQHandler
                0x08000c74                UART5_IRQHandler
                0x08000c74                DMA2_Stream0_IRQHandler
                0x08000c74                TIM4_IRQHandler
                0x08000c74                I2C1_EV_IRQHandler
                0x08000c74                DMA1_Stream6_IRQHandler
                0x08000c74                DMA1_Stream1_IRQHandler
                0x08000c74                UART4_IRQHandler
                0x08000c74                TIM3_IRQHandler
                0x08000c74                RCC_IRQHandler
                0x08000c74                TIM8_BRK_TIM12_IRQHandler
                0x08000c74                Default_Handler
                0x08000c74                EXTI15_10_IRQHandler
                0x08000c74                ADC_IRQHandler
                0x08000c74                DMA1_Stream7_IRQHandler
                0x08000c74                SPI5_IRQHandler
                0x08000c74                TIM7_IRQHandler
                0x08000c74                CAN2_TX_IRQHandler
                0x08000c74                TIM5_IRQHandler
                0x08000c74                DMA2_Stream7_IRQHandler
                0x08000c74                I2C3_EV_IRQHandler
                0x08000c74                EXTI9_5_IRQHandler
                0x08000c74                RTC_WKUP_IRQHandler
                0x08000c74                LTDC_IRQHandler
                0x08000c74                ETH_WKUP_IRQHandler
                0x08000c74                SPI2_IRQHandler
                0x08000c74                OTG_HS_EP1_IN_IRQHandler
                0x08000c74                DMA1_Stream0_IRQHandler
                0x08000c74                CAN1_TX_IRQHandler
                0x08000c74                EXTI4_IRQHandler
                0x08000c74                ETH_IRQHandler
                0x08000c74                OTG_HS_EP1_OUT_IRQHandler
                0x08000c74                WWDG_IRQHandler
                0x08000c74                SPI6_IRQHandler
                0x08000c74                TIM2_IRQHandler
                0x08000c74                OTG_FS_WKUP_IRQHandler
                0x08000c74                TIM1_TRG_COM_TIM11_IRQHandler
                0x08000c74                OTG_HS_IRQHandler
                0x08000c74                DMA2D_IRQHandler
                0x08000c74                EXTI1_IRQHandler
                0x08000c74                UART7_IRQHandler
                0x08000c74                USART2_IRQHandler
                0x08000c74                I2C2_ER_IRQHandler
                0x08000c74                DMA2_Stream1_IRQHandler
                0x08000c74                CAN1_SCE_IRQHandler
                0x08000c74                FLASH_IRQHandler
                0x08000c74                DMA2_Stream4_IRQHandler
                0x08000c74                USART1_IRQHandler
                0x08000c74                OTG_FS_IRQHandler
                0x08000c74                SPI3_IRQHandler
                0x08000c74                DMA1_Stream4_IRQHandler
                0x08000c74                I2C1_ER_IRQHandler
                0x08000c74                FMC_IRQHandler
                0x08000c74                DMA2_Stream6_IRQHandler
                0x08000c74                SAI1_IRQHandler
                0x08000c74                DMA1_Stream3_IRQHandler
 .text.combineBytes
                0x08000c76       0x2c ./Drivers/API/Src/API_bme280.o
 .text.extractBits
                0x08000ca2       0x36 ./Drivers/API/Src/API_bme280.o
 .text.errorLedSignal
                0x08000cd8       0x2e ./Drivers/API/Src/API_bme280.o
 *fill*         0x08000d06        0x2 
 .text.calibrationParams
                0x08000d08       0xe8 ./Drivers/API/Src/API_bme280.o
 .text.BME280_compensate_T_int32
                0x08000df0       0x90 ./Drivers/API/Src/API_bme280.o
 .text.BME280_compensate_H_int32
                0x08000e80       0xe8 ./Drivers/API/Src/API_bme280.o
 .text.API_BME280_Init
                0x08000f68       0x6a ./Drivers/API/Src/API_bme280.o
                0x08000f68                API_BME280_Init
 *fill*         0x08000fd2        0x2 
 .text.API_BME280_ReadAndProcess
                0x08000fd4       0xb4 ./Drivers/API/Src/API_bme280.o
                0x08000fd4                API_BME280_ReadAndProcess
 .text.API_BME280_ErrorHandler
                0x08001088        0xa ./Drivers/API/Src/API_bme280.o
                0x08001088                API_BME280_ErrorHandler
 *fill*         0x08001092        0x2 
 .text.BME280_HAL_SPI_Write
                0x08001094       0x5c ./Drivers/API/Src/API_bme280_port.o
                0x08001094                BME280_HAL_SPI_Write
 .text.BME280_HAL_SPI_Read
                0x080010f0       0x5c ./Drivers/API/Src/API_bme280_port.o
                0x080010f0                BME280_HAL_SPI_Read
 .text.BME280_HAL_Delay
                0x0800114c       0x16 ./Drivers/API/Src/API_bme280_port.o
                0x0800114c                BME280_HAL_Delay
 .text.BME280_HAL_Blink
                0x08001162       0x1a ./Drivers/API/Src/API_bme280_port.o
                0x08001162                BME280_HAL_Blink
 .text.RTC_Error_Handler
                0x0800117c        0x8 ./Drivers/API/Src/API_clock_date.o
                0x0800117c                RTC_Error_Handler
 .text.clock_init_code
                0x08001184       0x74 ./Drivers/API/Src/API_clock_date.o
                0x08001184                clock_init_code
 .text.update_lcd_clock
                0x080011f8       0x28 ./Drivers/API/Src/API_clock_date.o
                0x080011f8                update_lcd_clock
 .text.tempFSM_init
                0x08001220       0x18 ./Drivers/API/Src/API_fsm.o
                0x08001220                tempFSM_init
 .text.eval_data
                0x08001238       0x80 ./Drivers/API/Src/API_fsm.o
                0x08001238                eval_data
 .text.prepare_sensor_data_for_uart
                0x080012b8      0x178 ./Drivers/API/Src/API_fsm.o
                0x080012b8                prepare_sensor_data_for_uart
 .text.uart_display_data
                0x08001430       0x1e ./Drivers/API/Src/API_fsm.o
                0x08001430                uart_display_data
 *fill*         0x0800144e        0x2 
 .text.prepare_sensor_data_for_lcd
                0x08001450      0x100 ./Drivers/API/Src/API_fsm.o
                0x08001450                prepare_sensor_data_for_lcd
 .text.lcd_display_sensor_data
                0x08001550       0x3c ./Drivers/API/Src/API_fsm.o
                0x08001550                lcd_display_sensor_data
 .text.lcd_alarm
                0x0800158c       0x18 ./Drivers/API/Src/API_fsm.o
                0x0800158c                lcd_alarm
 .text.lcd_display_clock
                0x080015a4       0x3c ./Drivers/API/Src/API_fsm.o
                0x080015a4                lcd_display_clock
 .text.lcd_display_date
                0x080015e0       0x3c ./Drivers/API/Src/API_fsm.o
                0x080015e0                lcd_display_date
 .text.FSM_update
                0x0800161c       0x2c ./Drivers/API/Src/API_fsm.o
                0x0800161c                FSM_update
 .text.APP_init
                0x08001648       0x1c ./Drivers/API/Src/API_fsm.o
                0x08001648                APP_init
 .text.APP_updateLCD
                0x08001664       0x10 ./Drivers/API/Src/API_fsm.o
                0x08001664                APP_updateLCD
 .text.APP_updateSensorData
                0x08001674        0xc ./Drivers/API/Src/API_fsm.o
                0x08001674                APP_updateSensorData
 .text.APP_prepareAndDisplaySensorData
                0x08001680       0x10 ./Drivers/API/Src/API_fsm.o
                0x08001680                APP_prepareAndDisplaySensorData
 .text.APP_prepareAndSendUARTData
                0x08001690       0x2a ./Drivers/API/Src/API_fsm.o
                0x08001690                APP_prepareAndSendUARTData
 .text.APP_update
                0x080016ba       0x1c ./Drivers/API/Src/API_fsm.o
                0x080016ba                APP_update
 *fill*         0x080016d6        0x2 
 .text.Init_Lcd
                0x080016d8       0x88 ./Drivers/API/Src/API_lcd.o
                0x080016d8                Init_Lcd
 .text.ControlLcd
                0x08001760       0x1c ./Drivers/API/Src/API_lcd.o
 .text.DatoLcd  0x0800177c       0x1c ./Drivers/API/Src/API_lcd.o
                0x0800177c                DatoLcd
 .text.DatoAsciiLcd
                0x08001798       0x20 ./Drivers/API/Src/API_lcd.o
                0x08001798                DatoAsciiLcd
 .text.DatoBCD  0x080017b8       0x2c ./Drivers/API/Src/API_lcd.o
                0x080017b8                DatoBCD
 .text.Envia8bitsLcd
                0x080017e4       0x3a ./Drivers/API/Src/API_lcd.o
 .text.Envia4bitsLcd
                0x0800181e       0x48 ./Drivers/API/Src/API_lcd.o
 .text.SacaTextoLcd
                0x08001866       0x2a ./Drivers/API/Src/API_lcd.o
                0x08001866                SacaTextoLcd
 .text.PosCaracHLcd
                0x08001890       0x20 ./Drivers/API/Src/API_lcd.o
                0x08001890                PosCaracHLcd
 .text.PosCaracLLcd
                0x080018b0       0x20 ./Drivers/API/Src/API_lcd.o
                0x080018b0                PosCaracLLcd
 .text.LCD_HAL_I2C_Write
                0x080018d0       0x28 ./Drivers/API/Src/API_lcd_port.o
                0x080018d0                LCD_HAL_I2C_Write
 .text.LCD_HAL_Delay
                0x080018f8       0x16 ./Drivers/API/Src/API_lcd_port.o
                0x080018f8                LCD_HAL_Delay
 .text.LCD_HAL_Blink
                0x0800190e       0x1a ./Drivers/API/Src/API_lcd_port.o
                0x0800190e                LCD_HAL_Blink
 .text.uartInit
                0x08001928       0x60 ./Drivers/API/Src/API_uart.o
                0x08001928                uartInit
 .text.uartSendString
                0x08001988       0x50 ./Drivers/API/Src/API_uart.o
                0x08001988                uartSendString
 .text.Error_Handler
                0x080019d8        0x8 ./Drivers/API/Src/API_uart.o
 .text.BSP_LED_Init
                0x080019e0       0xa0 ./Drivers/BSP/STM32F4xx_Nucleo_144/stm32f4xx_nucleo_144.o
                0x080019e0                BSP_LED_Init
 .text.BSP_LED_Toggle
                0x08001a80       0x34 ./Drivers/BSP/STM32F4xx_Nucleo_144/stm32f4xx_nucleo_144.o
                0x08001a80                BSP_LED_Toggle
 .text.HAL_Init
                0x08001ab4       0x44 ./Drivers/STM32F4xx_HAL_Driver/Src/stm32f4xx_hal.o
                0x08001ab4                HAL_Init
 .text.HAL_InitTick
                0x08001af8       0x60 ./Drivers/STM32F4xx_HAL_Driver/Src/stm32f4xx_hal.o
                0x08001af8                HAL_InitTick
 .text.HAL_IncTick
                0x08001b58       0x28 ./Drivers/STM32F4xx_HAL_Driver/Src/stm32f4xx_hal.o
                0x08001b58                HAL_IncTick
 .text.HAL_GetTick
                0x08001b80       0x18 ./Drivers/STM32F4xx_HAL_Driver/Src/stm32f4xx_hal.o
                0x08001b80                HAL_GetTick
 .text.HAL_Delay
                0x08001b98       0x48 ./Drivers/STM32F4xx_HAL_Driver/Src/stm32f4xx_hal.o
                0x08001b98                HAL_Delay
 .text.__NVIC_SetPriorityGrouping
                0x08001be0       0x48 ./Drivers/STM32F4xx_HAL_Driver/Src/stm32f4xx_hal_cortex.o
 .text.__NVIC_GetPriorityGrouping
                0x08001c28       0x1c ./Drivers/STM32F4xx_HAL_Driver/Src/stm32f4xx_hal_cortex.o
 .text.__NVIC_SetPriority
                0x08001c44       0x54 ./Drivers/STM32F4xx_HAL_Driver/Src/stm32f4xx_hal_cortex.o
 .text.NVIC_EncodePriority
                0x08001c98       0x66 ./Drivers/STM32F4xx_HAL_Driver/Src/stm32f4xx_hal_cortex.o
 *fill*         0x08001cfe        0x2 
 .text.SysTick_Config
                0x08001d00       0x44 ./Drivers/STM32F4xx_HAL_Driver/Src/stm32f4xx_hal_cortex.o
 .text.HAL_NVIC_SetPriorityGrouping
                0x08001d44       0x16 ./Drivers/STM32F4xx_HAL_Driver/Src/stm32f4xx_hal_cortex.o
                0x08001d44                HAL_NVIC_SetPriorityGrouping
 .text.HAL_NVIC_SetPriority
                0x08001d5a       0x38 ./Drivers/STM32F4xx_HAL_Driver/Src/stm32f4xx_hal_cortex.o
                0x08001d5a                HAL_NVIC_SetPriority
 .text.HAL_SYSTICK_Config
                0x08001d92       0x18 ./Drivers/STM32F4xx_HAL_Driver/Src/stm32f4xx_hal_cortex.o
                0x08001d92                HAL_SYSTICK_Config
 *fill*         0x08001daa        0x2 
 .text.HAL_GPIO_Init
                0x08001dac      0x358 ./Drivers/STM32F4xx_HAL_Driver/Src/stm32f4xx_hal_gpio.o
                0x08001dac                HAL_GPIO_Init
 .text.HAL_GPIO_WritePin
                0x08002104       0x32 ./Drivers/STM32F4xx_HAL_Driver/Src/stm32f4xx_hal_gpio.o
                0x08002104                HAL_GPIO_WritePin
 .text.HAL_GPIO_TogglePin
                0x08002136       0x34 ./Drivers/STM32F4xx_HAL_Driver/Src/stm32f4xx_hal_gpio.o
                0x08002136                HAL_GPIO_TogglePin
 *fill*         0x0800216a        0x2 
 .text.HAL_I2C_Init
                0x0800216c      0x288 ./Drivers/STM32F4xx_HAL_Driver/Src/stm32f4xx_hal_i2c.o
                0x0800216c                HAL_I2C_Init
 .text.HAL_I2C_Master_Transmit
                0x080023f4      0x1fc ./Drivers/STM32F4xx_HAL_Driver/Src/stm32f4xx_hal_i2c.o
                0x080023f4                HAL_I2C_Master_Transmit
 .text.I2C_MasterRequestWrite
                0x080025f0      0x104 ./Drivers/STM32F4xx_HAL_Driver/Src/stm32f4xx_hal_i2c.o
 .text.I2C_WaitOnFlagUntilTimeout
                0x080026f4       0xf4 ./Drivers/STM32F4xx_HAL_Driver/Src/stm32f4xx_hal_i2c.o
 .text.I2C_WaitOnMasterAddressFlagUntilTimeout
                0x080027e8      0x140 ./Drivers/STM32F4xx_HAL_Driver/Src/stm32f4xx_hal_i2c.o
 .text.I2C_WaitOnTXEFlagUntilTimeout
                0x08002928       0x90 ./Drivers/STM32F4xx_HAL_Driver/Src/stm32f4xx_hal_i2c.o
 .text.I2C_WaitOnBTFFlagUntilTimeout
                0x080029b8       0x90 ./Drivers/STM32F4xx_HAL_Driver/Src/stm32f4xx_hal_i2c.o
 .text.I2C_IsAcknowledgeFailed
                0x08002a48       0x5e ./Drivers/STM32F4xx_HAL_Driver/Src/stm32f4xx_hal_i2c.o
 .text.HAL_I2CEx_ConfigAnalogFilter
                0x08002aa6       0x78 ./Drivers/STM32F4xx_HAL_Driver/Src/stm32f4xx_hal_i2c_ex.o
                0x08002aa6                HAL_I2CEx_ConfigAnalogFilter
 .text.HAL_I2CEx_ConfigDigitalFilter
                0x08002b1e       0x7e ./Drivers/STM32F4xx_HAL_Driver/Src/stm32f4xx_hal_i2c_ex.o
                0x08002b1e                HAL_I2CEx_ConfigDigitalFilter
 .text.HAL_RCC_OscConfig
                0x08002b9c      0x4f0 ./Drivers/STM32F4xx_HAL_Driver/Src/stm32f4xx_hal_rcc.o
                0x08002b9c                HAL_RCC_OscConfig
 .text.HAL_RCC_ClockConfig
                0x0800308c      0x1cc ./Drivers/STM32F4xx_HAL_Driver/Src/stm32f4xx_hal_rcc.o
                0x0800308c                HAL_RCC_ClockConfig
 .text.HAL_RCC_GetSysClockFreq
                0x08003258      0x20c ./Drivers/STM32F4xx_HAL_Driver/Src/stm32f4xx_hal_rcc.o
                0x08003258                HAL_RCC_GetSysClockFreq
 .text.HAL_RCC_GetHCLKFreq
                0x08003464       0x18 ./Drivers/STM32F4xx_HAL_Driver/Src/stm32f4xx_hal_rcc.o
                0x08003464                HAL_RCC_GetHCLKFreq
 .text.HAL_RCC_GetPCLK1Freq
                0x0800347c       0x28 ./Drivers/STM32F4xx_HAL_Driver/Src/stm32f4xx_hal_rcc.o
                0x0800347c                HAL_RCC_GetPCLK1Freq
 .text.HAL_RCC_GetPCLK2Freq
                0x080034a4       0x28 ./Drivers/STM32F4xx_HAL_Driver/Src/stm32f4xx_hal_rcc.o
                0x080034a4                HAL_RCC_GetPCLK2Freq
 .text.HAL_RCCEx_PeriphCLKConfig
                0x080034cc      0x380 ./Drivers/STM32F4xx_HAL_Driver/Src/stm32f4xx_hal_rcc_ex.o
                0x080034cc                HAL_RCCEx_PeriphCLKConfig
 .text.HAL_RTC_Init
                0x0800384c      0x106 ./Drivers/STM32F4xx_HAL_Driver/Src/stm32f4xx_hal_rtc.o
                0x0800384c                HAL_RTC_Init
 .text.HAL_RTC_SetTime
                0x08003952      0x134 ./Drivers/STM32F4xx_HAL_Driver/Src/stm32f4xx_hal_rtc.o
                0x08003952                HAL_RTC_SetTime
 .text.HAL_RTC_GetTime
                0x08003a86       0xbc ./Drivers/STM32F4xx_HAL_Driver/Src/stm32f4xx_hal_rtc.o
                0x08003a86                HAL_RTC_GetTime
 .text.HAL_RTC_SetDate
                0x08003b42      0x108 ./Drivers/STM32F4xx_HAL_Driver/Src/stm32f4xx_hal_rtc.o
                0x08003b42                HAL_RTC_SetDate
 .text.HAL_RTC_GetDate
                0x08003c4a       0x9e ./Drivers/STM32F4xx_HAL_Driver/Src/stm32f4xx_hal_rtc.o
                0x08003c4a                HAL_RTC_GetDate
 .text.HAL_RTC_WaitForSynchro
                0x08003ce8       0x4c ./Drivers/STM32F4xx_HAL_Driver/Src/stm32f4xx_hal_rtc.o
                0x08003ce8                HAL_RTC_WaitForSynchro
 .text.RTC_EnterInitMode
                0x08003d34       0x6e ./Drivers/STM32F4xx_HAL_Driver/Src/stm32f4xx_hal_rtc.o
                0x08003d34                RTC_EnterInitMode
 .text.RTC_ExitInitMode
                0x08003da2       0x4a ./Drivers/STM32F4xx_HAL_Driver/Src/stm32f4xx_hal_rtc.o
                0x08003da2                RTC_ExitInitMode
 .text.RTC_ByteToBcd2
                0x08003dec       0x3c ./Drivers/STM32F4xx_HAL_Driver/Src/stm32f4xx_hal_rtc.o
                0x08003dec                RTC_ByteToBcd2
 .text.RTC_Bcd2ToByte
                0x08003e28       0x3c ./Drivers/STM32F4xx_HAL_Driver/Src/stm32f4xx_hal_rtc.o
                0x08003e28                RTC_Bcd2ToByte
 .text.HAL_SPI_Init
                0x08003e64      0x112 ./Drivers/STM32F4xx_HAL_Driver/Src/stm32f4xx_hal_spi.o
                0x08003e64                HAL_SPI_Init
 .text.HAL_SPI_Transmit
                0x08003f76      0x286 ./Drivers/STM32F4xx_HAL_Driver/Src/stm32f4xx_hal_spi.o
                0x08003f76                HAL_SPI_Transmit
 .text.HAL_SPI_Receive
                0x080041fc      0x230 ./Drivers/STM32F4xx_HAL_Driver/Src/stm32f4xx_hal_spi.o
                0x080041fc                HAL_SPI_Receive
 .text.HAL_SPI_TransmitReceive
                0x0800442c      0x360 ./Drivers/STM32F4xx_HAL_Driver/Src/stm32f4xx_hal_spi.o
                0x0800442c                HAL_SPI_TransmitReceive
 .text.SPI_WaitFlagStateUntilTimeout
                0x0800478c      0x110 ./Drivers/STM32F4xx_HAL_Driver/Src/stm32f4xx_hal_spi.o
 .text.SPI_EndRxTransaction
                0x0800489c       0xca ./Drivers/STM32F4xx_HAL_Driver/Src/stm32f4xx_hal_spi.o
 *fill*         0x08004966        0x2 
 .text.SPI_EndRxTxTransaction
                0x08004968       0xa8 ./Drivers/STM32F4xx_HAL_Driver/Src/stm32f4xx_hal_spi.o
 .text.HAL_UART_Init
                0x08004a10       0xa0 ./Drivers/STM32F4xx_HAL_Driver/Src/stm32f4xx_hal_uart.o
                0x08004a10                HAL_UART_Init
 .text.HAL_UART_Transmit
                0x08004ab0      0x116 ./Drivers/STM32F4xx_HAL_Driver/Src/stm32f4xx_hal_uart.o
                0x08004ab0                HAL_UART_Transmit
 .text.UART_WaitOnFlagUntilTimeout
                0x08004bc6       0xb2 ./Drivers/STM32F4xx_HAL_Driver/Src/stm32f4xx_hal_uart.o
 .text.UART_EndRxTransfer
                0x08004c78       0xc6 ./Drivers/STM32F4xx_HAL_Driver/Src/stm32f4xx_hal_uart.o
 *fill*         0x08004d3e        0x2 
 .text.UART_SetConfig
                0x08004d40      0x4e8 ./Drivers/STM32F4xx_HAL_Driver/Src/stm32f4xx_hal_uart.o
 .text.__itoa   0x08005228       0x30 /opt/st/stm32cubeide_1.15.1/plugins/com.st.stm32cube.ide.mcu.externaltools.gnu-tools-for-stm32.12.3.rel1.linux64_1.0.100.202403111256/tools/bin/../lib/gcc/arm-none-eabi/12.3.1/../../../../arm-none-eabi/lib/thumb/v7e-m+fp/hard/libc_nano.a(libc_a-itoa.o)
                0x08005228                __itoa
 .text.itoa     0x08005258        0x4 /opt/st/stm32cubeide_1.15.1/plugins/com.st.stm32cube.ide.mcu.externaltools.gnu-tools-for-stm32.12.3.rel1.linux64_1.0.100.202403111256/tools/bin/../lib/gcc/arm-none-eabi/12.3.1/../../../../arm-none-eabi/lib/thumb/v7e-m+fp/hard/libc_nano.a(libc_a-itoa.o)
                0x08005258                itoa
 .text.__utoa   0x0800525c       0x84 /opt/st/stm32cubeide_1.15.1/plugins/com.st.stm32cube.ide.mcu.externaltools.gnu-tools-for-stm32.12.3.rel1.linux64_1.0.100.202403111256/tools/bin/../lib/gcc/arm-none-eabi/12.3.1/../../../../arm-none-eabi/lib/thumb/v7e-m+fp/hard/libc_nano.a(libc_a-utoa.o)
                0x0800525c                __utoa
 .text.memset   0x080052e0       0x10 /opt/st/stm32cubeide_1.15.1/plugins/com.st.stm32cube.ide.mcu.externaltools.gnu-tools-for-stm32.12.3.rel1.linux64_1.0.100.202403111256/tools/bin/../lib/gcc/arm-none-eabi/12.3.1/../../../../arm-none-eabi/lib/thumb/v7e-m+fp/hard/libc_nano.a(libc_a-memset.o)
                0x080052e0                memset
 .text.strcat   0x080052f0       0x1e /opt/st/stm32cubeide_1.15.1/plugins/com.st.stm32cube.ide.mcu.externaltools.gnu-tools-for-stm32.12.3.rel1.linux64_1.0.100.202403111256/tools/bin/../lib/gcc/arm-none-eabi/12.3.1/../../../../arm-none-eabi/lib/thumb/v7e-m+fp/hard/libc_nano.a(libc_a-strcat.o)
                0x080052f0                strcat
 *fill*         0x0800530e        0x2 
 .text.__libc_init_array
                0x08005310       0x48 /opt/st/stm32cubeide_1.15.1/plugins/com.st.stm32cube.ide.mcu.externaltools.gnu-tools-for-stm32.12.3.rel1.linux64_1.0.100.202403111256/tools/bin/../lib/gcc/arm-none-eabi/12.3.1/../../../../arm-none-eabi/lib/thumb/v7e-m+fp/hard/libc_nano.a(libc_a-init.o)
                0x08005310                __libc_init_array
 *(.glue_7)
 .glue_7        0x08005358        0x0 linker stubs
 *(.glue_7t)
 .glue_7t       0x08005358        0x0 linker stubs
 *(.eh_frame)
 .eh_frame      0x08005358        0x0 /opt/st/stm32cubeide_1.15.1/plugins/com.st.stm32cube.ide.mcu.externaltools.gnu-tools-for-stm32.12.3.rel1.linux64_1.0.100.202403111256/tools/bin/../lib/gcc/arm-none-eabi/12.3.1/thumb/v7e-m+fp/hard/crtbegin.o
 *(.init)
 .init          0x08005358        0x4 /opt/st/stm32cubeide_1.15.1/plugins/com.st.stm32cube.ide.mcu.externaltools.gnu-tools-for-stm32.12.3.rel1.linux64_1.0.100.202403111256/tools/bin/../lib/gcc/arm-none-eabi/12.3.1/thumb/v7e-m+fp/hard/crti.o
                0x08005358                _init
 .init          0x0800535c        0x8 /opt/st/stm32cubeide_1.15.1/plugins/com.st.stm32cube.ide.mcu.externaltools.gnu-tools-for-stm32.12.3.rel1.linux64_1.0.100.202403111256/tools/bin/../lib/gcc/arm-none-eabi/12.3.1/thumb/v7e-m+fp/hard/crtn.o
 *(.fini)
 .fini          0x08005364        0x4 /opt/st/stm32cubeide_1.15.1/plugins/com.st.stm32cube.ide.mcu.externaltools.gnu-tools-for-stm32.12.3.rel1.linux64_1.0.100.202403111256/tools/bin/../lib/gcc/arm-none-eabi/12.3.1/thumb/v7e-m+fp/hard/crti.o
                0x08005364                _fini
 .fini          0x08005368        0x8 /opt/st/stm32cubeide_1.15.1/plugins/com.st.stm32cube.ide.mcu.externaltools.gnu-tools-for-stm32.12.3.rel1.linux64_1.0.100.202403111256/tools/bin/../lib/gcc/arm-none-eabi/12.3.1/thumb/v7e-m+fp/hard/crtn.o
                0x08005370                        . = ALIGN (0x4)
                0x08005370                        _etext = .

.vfp11_veneer   0x08005370        0x0
 .vfp11_veneer  0x08005370        0x0 linker stubs

.v4_bx          0x08005370        0x0
 .v4_bx         0x08005370        0x0 linker stubs

.iplt           0x08005370        0x0
 .iplt          0x08005370        0x0 /opt/st/stm32cubeide_1.15.1/plugins/com.st.stm32cube.ide.mcu.externaltools.gnu-tools-for-stm32.12.3.rel1.linux64_1.0.100.202403111256/tools/bin/../lib/gcc/arm-none-eabi/12.3.1/thumb/v7e-m+fp/hard/crtbegin.o

.rodata         0x08005370      0x118
                0x08005370                        . = ALIGN (0x4)
 *(.rodata)
 .rodata        0x08005370       0x79 ./Drivers/API/Src/API_fsm.o
 *fill*         0x080053e9        0x3 
 .rodata        0x080053ec       0x4d ./Drivers/API/Src/API_uart.o
 *(.rodata*)
 *fill*         0x08005439        0x3 
 .rodata.AHBPrescTable
                0x0800543c       0x10 ./Core/Src/system_stm32f4xx.o
                0x0800543c                AHBPrescTable
 .rodata.APBPrescTable
                0x0800544c        0x8 ./Core/Src/system_stm32f4xx.o
                0x0800544c                APBPrescTable
 .rodata.LCD_INIT_CMD
                0x08005454        0x6 ./Drivers/API/Src/API_lcd.o
 *fill*         0x0800545a        0x2 
 .rodata.GPIO_PIN
                0x0800545c        0x6 ./Drivers/BSP/STM32F4xx_Nucleo_144/stm32f4xx_nucleo_144.o
                0x0800545c                GPIO_PIN
 .rodata.__utoa.str1.1
                0x08005462       0x25 /opt/st/stm32cubeide_1.15.1/plugins/com.st.stm32cube.ide.mcu.externaltools.gnu-tools-for-stm32.12.3.rel1.linux64_1.0.100.202403111256/tools/bin/../lib/gcc/arm-none-eabi/12.3.1/../../../../arm-none-eabi/lib/thumb/v7e-m+fp/hard/libc_nano.a(libc_a-utoa.o)
                0x08005488                        . = ALIGN (0x4)
 *fill*         0x08005487        0x1 

.ARM.extab      0x08005488        0x0
                0x08005488                        . = ALIGN (0x4)
 *(.ARM.extab* .gnu.linkonce.armextab.*)
                0x08005488                        . = ALIGN (0x4)

.ARM            0x08005488        0x8
                0x08005488                        . = ALIGN (0x4)
                0x08005488                        __exidx_start = .
 *(.ARM.exidx*)
 .ARM.exidx     0x08005488        0x8 /opt/st/stm32cubeide_1.15.1/plugins/com.st.stm32cube.ide.mcu.externaltools.gnu-tools-for-stm32.12.3.rel1.linux64_1.0.100.202403111256/tools/bin/../lib/gcc/arm-none-eabi/12.3.1/../../../../arm-none-eabi/lib/thumb/v7e-m+fp/hard/libc_nano.a(libc_a-strlen.o)
 .ARM.exidx     0x08005490        0x0 /opt/st/stm32cubeide_1.15.1/plugins/com.st.stm32cube.ide.mcu.externaltools.gnu-tools-for-stm32.12.3.rel1.linux64_1.0.100.202403111256/tools/bin/../lib/gcc/arm-none-eabi/12.3.1/thumb/v7e-m+fp/hard/libgcc.a(_udivmoddi4.o)
                                  0x8 (size before relaxing)
                0x08005490                        __exidx_end = .
                0x08005490                        . = ALIGN (0x4)

.preinit_array  0x08005490        0x0
                0x08005490                        . = ALIGN (0x4)
                0x08005490                        PROVIDE (__preinit_array_start = .)
 *(.preinit_array*)
                0x08005490                        PROVIDE (__preinit_array_end = .)
                0x08005490                        . = ALIGN (0x4)

.init_array     0x08005490        0x4
                0x08005490                        . = ALIGN (0x4)
                0x08005490                        PROVIDE (__init_array_start = .)
 *(SORT_BY_NAME(.init_array.*))
 *(.init_array*)
 .init_array    0x08005490        0x4 /opt/st/stm32cubeide_1.15.1/plugins/com.st.stm32cube.ide.mcu.externaltools.gnu-tools-for-stm32.12.3.rel1.linux64_1.0.100.202403111256/tools/bin/../lib/gcc/arm-none-eabi/12.3.1/thumb/v7e-m+fp/hard/crtbegin.o
                0x08005494                        PROVIDE (__init_array_end = .)
                0x08005494                        . = ALIGN (0x4)

.fini_array     0x08005494        0x4
                0x08005494                        . = ALIGN (0x4)
                [!provide]                        PROVIDE (__fini_array_start = .)
 *(SORT_BY_NAME(.fini_array.*))
 *(.fini_array*)
 .fini_array    0x08005494        0x4 /opt/st/stm32cubeide_1.15.1/plugins/com.st.stm32cube.ide.mcu.externaltools.gnu-tools-for-stm32.12.3.rel1.linux64_1.0.100.202403111256/tools/bin/../lib/gcc/arm-none-eabi/12.3.1/thumb/v7e-m+fp/hard/crtbegin.o
                [!provide]                        PROVIDE (__fini_array_end = .)
                0x08005498                        . = ALIGN (0x4)
                0x08005498                        _sidata = LOADADDR (.data)

.rel.dyn        0x08005498        0x0
 .rel.iplt      0x08005498        0x0 /opt/st/stm32cubeide_1.15.1/plugins/com.st.stm32cube.ide.mcu.externaltools.gnu-tools-for-stm32.12.3.rel1.linux64_1.0.100.202403111256/tools/bin/../lib/gcc/arm-none-eabi/12.3.1/thumb/v7e-m+fp/hard/crtbegin.o

.data           0x20000000       0x18 load address 0x08005498
                0x20000000                        . = ALIGN (0x4)
                0x20000000                        _sdata = .
 *(.data)
 *(.data*)
 .data.SystemCoreClock
                0x20000000        0x4 ./Core/Src/system_stm32f4xx.o
                0x20000000                SystemCoreClock
 .data.GPIO_PORT
                0x20000004        0xc ./Drivers/BSP/STM32F4xx_Nucleo_144/stm32f4xx_nucleo_144.o
                0x20000004                GPIO_PORT
 .data.uwTickPrio
                0x20000010        0x4 ./Drivers/STM32F4xx_HAL_Driver/Src/stm32f4xx_hal.o
                0x20000010                uwTickPrio
 .data.uwTickFreq
                0x20000014        0x1 ./Drivers/STM32F4xx_HAL_Driver/Src/stm32f4xx_hal.o
                0x20000014                uwTickFreq
 *(.RamFunc)
 *(.RamFunc*)
                0x20000018                        . = ALIGN (0x4)
 *fill*         0x20000015        0x3 
                0x20000018                        _edata = .
                0x080054b0                        _siccmram = LOADADDR (.ccmram)

.igot.plt       0x20000018        0x0 load address 0x080054b0
 .igot.plt      0x20000018        0x0 /opt/st/stm32cubeide_1.15.1/plugins/com.st.stm32cube.ide.mcu.externaltools.gnu-tools-for-stm32.12.3.rel1.linux64_1.0.100.202403111256/tools/bin/../lib/gcc/arm-none-eabi/12.3.1/thumb/v7e-m+fp/hard/crtbegin.o

.ccmram         0x10000000        0x0 load address 0x080054b0
                0x10000000                        . = ALIGN (0x4)
                0x10000000                        _sccmram = .
 *(.ccmram)
 *(.ccmram*)
                0x10000000                        . = ALIGN (0x4)
                0x10000000                        _eccmram = .
                0x10000000                        . = ALIGN (0x4)

.bss            0x20000018      0x1c8
                0x20000018                        _sbss = .
                0x20000018                        __bss_start__ = _sbss
 *(.bss)
 .bss           0x20000018       0x1c /opt/st/stm32cubeide_1.15.1/plugins/com.st.stm32cube.ide.mcu.externaltools.gnu-tools-for-stm32.12.3.rel1.linux64_1.0.100.202403111256/tools/bin/../lib/gcc/arm-none-eabi/12.3.1/thumb/v7e-m+fp/hard/crtbegin.o
 *(.bss*)
 .bss.hi2c1     0x20000034       0x54 ./Core/Src/main.o
                0x20000034                hi2c1
 .bss.hspi1     0x20000088       0x58 ./Core/Src/main.o
                0x20000088                hspi1
 .bss.hrtc      0x200000e0       0x20 ./Core/Src/main.o
                0x200000e0                hrtc
 .bss.bme280_temperature
                0x20000100        0x4 ./Drivers/API/Src/API_bme280.o
                0x20000100                bme280_temperature
 .bss.bme280_humidity
                0x20000104        0x4 ./Drivers/API/Src/API_bme280.o
                0x20000104                bme280_humidity
 .bss.dig_T1    0x20000108        0x2 ./Drivers/API/Src/API_bme280.o
 .bss.dig_T2    0x2000010a        0x2 ./Drivers/API/Src/API_bme280.o
 .bss.dig_T3    0x2000010c        0x2 ./Drivers/API/Src/API_bme280.o
 .bss.dig_H1    0x2000010e        0x1 ./Drivers/API/Src/API_bme280.o
 *fill*         0x2000010f        0x1 
 .bss.dig_H2    0x20000110        0x2 ./Drivers/API/Src/API_bme280.o
 .bss.dig_H3    0x20000112        0x1 ./Drivers/API/Src/API_bme280.o
 *fill*         0x20000113        0x1 
 .bss.dig_H4    0x20000114        0x2 ./Drivers/API/Src/API_bme280.o
 .bss.dig_H5    0x20000116        0x2 ./Drivers/API/Src/API_bme280.o
 .bss.dig_H6    0x20000118        0x1 ./Drivers/API/Src/API_bme280.o
 *fill*         0x20000119        0x3 
 .bss.temp_adc  0x2000011c        0x4 ./Drivers/API/Src/API_bme280.o
 .bss.hum_adc   0x20000120        0x4 ./Drivers/API/Src/API_bme280.o
 .bss.t_fine    0x20000124        0x4 ./Drivers/API/Src/API_bme280.o
 .bss.sTime     0x20000128       0x14 ./Drivers/API/Src/API_clock_date.o
                0x20000128                sTime
 .bss.sDate     0x2000013c        0x4 ./Drivers/API/Src/API_clock_date.o
                0x2000013c                sDate
 .bss.currentTempState
                0x20000140        0x1 ./Drivers/API/Src/API_fsm.o
 *fill*         0x20000141        0x3 
 .bss.tempStr   0x20000144       0x14 ./Drivers/API/Src/API_fsm.o
                0x20000144                tempStr
 .bss.humStr    0x20000158       0x14 ./Drivers/API/Src/API_fsm.o
                0x20000158                humStr
 .bss.lcdTempStr
                0x2000016c       0x14 ./Drivers/API/Src/API_fsm.o
                0x2000016c                lcdTempStr
 .bss.lcdHumStr
                0x20000180       0x14 ./Drivers/API/Src/API_fsm.o
                0x20000180                lcdHumStr
 .bss.UartHandle
                0x20000194       0x48 ./Drivers/API/Src/API_uart.o
                0x20000194                UartHandle
 .bss.uwTick    0x200001dc        0x4 ./Drivers/STM32F4xx_HAL_Driver/Src/stm32f4xx_hal.o
                0x200001dc                uwTick
 *(COMMON)
                0x200001e0                        . = ALIGN (0x4)
                0x200001e0                        _ebss = .
                0x200001e0                        __bss_end__ = _ebss

._user_heap_stack
                0x200001e0      0x600
                0x200001e0                        . = ALIGN (0x8)
                [!provide]                        PROVIDE (end = .)
                0x200001e0                        PROVIDE (_end = .)
                0x200003e0                        . = (. + _Min_Heap_Size)
 *fill*         0x200001e0      0x200 
                0x200007e0                        . = (. + _Min_Stack_Size)
 *fill*         0x200003e0      0x400 
                0x200007e0                        . = ALIGN (0x8)

/DISCARD/
 libc.a(*)
 libm.a(*)
 libgcc.a(*)

.ARM.attributes
                0x00000000       0x30
 *(.ARM.attributes)
 .ARM.attributes
                0x00000000       0x22 /opt/st/stm32cubeide_1.15.1/plugins/com.st.stm32cube.ide.mcu.externaltools.gnu-tools-for-stm32.12.3.rel1.linux64_1.0.100.202403111256/tools/bin/../lib/gcc/arm-none-eabi/12.3.1/thumb/v7e-m+fp/hard/crti.o
 .ARM.attributes
                0x00000022       0x34 /opt/st/stm32cubeide_1.15.1/plugins/com.st.stm32cube.ide.mcu.externaltools.gnu-tools-for-stm32.12.3.rel1.linux64_1.0.100.202403111256/tools/bin/../lib/gcc/arm-none-eabi/12.3.1/thumb/v7e-m+fp/hard/crtbegin.o
 .ARM.attributes
                0x00000056       0x34 ./Core/Src/main.o
 .ARM.attributes
                0x0000008a       0x34 ./Core/Src/stm32f4xx_hal_msp.o
 .ARM.attributes
                0x000000be       0x34 ./Core/Src/stm32f4xx_it.o
 .ARM.attributes
                0x000000f2       0x34 ./Core/Src/system_stm32f4xx.o
 .ARM.attributes
                0x00000126       0x21 ./Core/Startup/startup_stm32f429zitx.o
 .ARM.attributes
                0x00000147       0x34 ./Drivers/API/Src/API_bme280.o
 .ARM.attributes
                0x0000017b       0x34 ./Drivers/API/Src/API_bme280_port.o
 .ARM.attributes
                0x000001af       0x34 ./Drivers/API/Src/API_clock_date.o
 .ARM.attributes
                0x000001e3       0x34 ./Drivers/API/Src/API_fsm.o
 .ARM.attributes
                0x00000217       0x34 ./Drivers/API/Src/API_lcd.o
 .ARM.attributes
                0x0000024b       0x34 ./Drivers/API/Src/API_lcd_port.o
 .ARM.attributes
                0x0000027f       0x34 ./Drivers/API/Src/API_uart.o
 .ARM.attributes
                0x000002b3       0x34 ./Drivers/BSP/STM32F4xx_Nucleo_144/stm32f4xx_nucleo_144.o
 .ARM.attributes
                0x000002e7       0x34 ./Drivers/STM32F4xx_HAL_Driver/Src/stm32f4xx_hal.o
 .ARM.attributes
                0x0000031b       0x34 ./Drivers/STM32F4xx_HAL_Driver/Src/stm32f4xx_hal_cortex.o
 .ARM.attributes
                0x0000034f       0x34 ./Drivers/STM32F4xx_HAL_Driver/Src/stm32f4xx_hal_gpio.o
 .ARM.attributes
                0x00000383       0x34 ./Drivers/STM32F4xx_HAL_Driver/Src/stm32f4xx_hal_i2c.o
 .ARM.attributes
                0x000003b7       0x34 ./Drivers/STM32F4xx_HAL_Driver/Src/stm32f4xx_hal_i2c_ex.o
 .ARM.attributes
                0x000003eb       0x34 ./Drivers/STM32F4xx_HAL_Driver/Src/stm32f4xx_hal_rcc.o
 .ARM.attributes
                0x0000041f       0x34 ./Drivers/STM32F4xx_HAL_Driver/Src/stm32f4xx_hal_rcc_ex.o
 .ARM.attributes
                0x00000453       0x34 ./Drivers/STM32F4xx_HAL_Driver/Src/stm32f4xx_hal_rtc.o
 .ARM.attributes
                0x00000487       0x34 ./Drivers/STM32F4xx_HAL_Driver/Src/stm32f4xx_hal_spi.o
 .ARM.attributes
                0x000004bb       0x34 ./Drivers/STM32F4xx_HAL_Driver/Src/stm32f4xx_hal_uart.o
 .ARM.attributes
                0x000004ef       0x34 /opt/st/stm32cubeide_1.15.1/plugins/com.st.stm32cube.ide.mcu.externaltools.gnu-tools-for-stm32.12.3.rel1.linux64_1.0.100.202403111256/tools/bin/../lib/gcc/arm-none-eabi/12.3.1/../../../../arm-none-eabi/lib/thumb/v7e-m+fp/hard/libc_nano.a(libc_a-itoa.o)
 .ARM.attributes
                0x00000523       0x34 /opt/st/stm32cubeide_1.15.1/plugins/com.st.stm32cube.ide.mcu.externaltools.gnu-tools-for-stm32.12.3.rel1.linux64_1.0.100.202403111256/tools/bin/../lib/gcc/arm-none-eabi/12.3.1/../../../../arm-none-eabi/lib/thumb/v7e-m+fp/hard/libc_nano.a(libc_a-utoa.o)
 .ARM.attributes
                0x00000557       0x34 /opt/st/stm32cubeide_1.15.1/plugins/com.st.stm32cube.ide.mcu.externaltools.gnu-tools-for-stm32.12.3.rel1.linux64_1.0.100.202403111256/tools/bin/../lib/gcc/arm-none-eabi/12.3.1/../../../../arm-none-eabi/lib/thumb/v7e-m+fp/hard/libc_nano.a(libc_a-memset.o)
 .ARM.attributes
                0x0000058b       0x34 /opt/st/stm32cubeide_1.15.1/plugins/com.st.stm32cube.ide.mcu.externaltools.gnu-tools-for-stm32.12.3.rel1.linux64_1.0.100.202403111256/tools/bin/../lib/gcc/arm-none-eabi/12.3.1/../../../../arm-none-eabi/lib/thumb/v7e-m+fp/hard/libc_nano.a(libc_a-strcat.o)
 .ARM.attributes
                0x000005bf       0x34 /opt/st/stm32cubeide_1.15.1/plugins/com.st.stm32cube.ide.mcu.externaltools.gnu-tools-for-stm32.12.3.rel1.linux64_1.0.100.202403111256/tools/bin/../lib/gcc/arm-none-eabi/12.3.1/../../../../arm-none-eabi/lib/thumb/v7e-m+fp/hard/libc_nano.a(libc_a-init.o)
 .ARM.attributes
                0x000005f3       0x17 /opt/st/stm32cubeide_1.15.1/plugins/com.st.stm32cube.ide.mcu.externaltools.gnu-tools-for-stm32.12.3.rel1.linux64_1.0.100.202403111256/tools/bin/../lib/gcc/arm-none-eabi/12.3.1/../../../../arm-none-eabi/lib/thumb/v7e-m+fp/hard/libc_nano.a(libc_a-strlen.o)
 .ARM.attributes
                0x0000060a       0x22 /opt/st/stm32cubeide_1.15.1/plugins/com.st.stm32cube.ide.mcu.externaltools.gnu-tools-for-stm32.12.3.rel1.linux64_1.0.100.202403111256/tools/bin/../lib/gcc/arm-none-eabi/12.3.1/thumb/v7e-m+fp/hard/libgcc.a(_aeabi_uldivmod.o)
 .ARM.attributes
                0x0000062c       0x34 /opt/st/stm32cubeide_1.15.1/plugins/com.st.stm32cube.ide.mcu.externaltools.gnu-tools-for-stm32.12.3.rel1.linux64_1.0.100.202403111256/tools/bin/../lib/gcc/arm-none-eabi/12.3.1/thumb/v7e-m+fp/hard/libgcc.a(_udivmoddi4.o)
 .ARM.attributes
                0x00000660       0x22 /opt/st/stm32cubeide_1.15.1/plugins/com.st.stm32cube.ide.mcu.externaltools.gnu-tools-for-stm32.12.3.rel1.linux64_1.0.100.202403111256/tools/bin/../lib/gcc/arm-none-eabi/12.3.1/thumb/v7e-m+fp/hard/libgcc.a(_dvmd_tls.o)
 .ARM.attributes
                0x00000682       0x22 /opt/st/stm32cubeide_1.15.1/plugins/com.st.stm32cube.ide.mcu.externaltools.gnu-tools-for-stm32.12.3.rel1.linux64_1.0.100.202403111256/tools/bin/../lib/gcc/arm-none-eabi/12.3.1/thumb/v7e-m+fp/hard/crtn.o
OUTPUT(SPI_test.elf elf32-littlearm)
LOAD linker stubs
LOAD /opt/st/stm32cubeide_1.15.1/plugins/com.st.stm32cube.ide.mcu.externaltools.gnu-tools-for-stm32.12.3.rel1.linux64_1.0.100.202403111256/tools/bin/../lib/gcc/arm-none-eabi/12.3.1/../../../../arm-none-eabi/lib/thumb/v7e-m+fp/hard/libc.a
LOAD /opt/st/stm32cubeide_1.15.1/plugins/com.st.stm32cube.ide.mcu.externaltools.gnu-tools-for-stm32.12.3.rel1.linux64_1.0.100.202403111256/tools/bin/../lib/gcc/arm-none-eabi/12.3.1/../../../../arm-none-eabi/lib/thumb/v7e-m+fp/hard/libm.a
LOAD /opt/st/stm32cubeide_1.15.1/plugins/com.st.stm32cube.ide.mcu.externaltools.gnu-tools-for-stm32.12.3.rel1.linux64_1.0.100.202403111256/tools/bin/../lib/gcc/arm-none-eabi/12.3.1/thumb/v7e-m+fp/hard/libgcc.a

.debug_info     0x00000000    0x1225a
 .debug_info    0x00000000     0x1389 ./Core/Src/main.o
 .debug_info    0x00001389     0x22fb ./Core/Src/stm32f4xx_hal_msp.o
 .debug_info    0x00003684      0x12e ./Core/Src/stm32f4xx_it.o
 .debug_info    0x000037b2      0x52e ./Core/Src/system_stm32f4xx.o
 .debug_info    0x00003ce0       0x30 ./Core/Startup/startup_stm32f429zitx.o
 .debug_info    0x00003d10      0x513 ./Drivers/API/Src/API_bme280.o
 .debug_info    0x00004223      0x848 ./Drivers/API/Src/API_bme280_port.o
 .debug_info    0x00004a6b      0x5a6 ./Drivers/API/Src/API_clock_date.o
 .debug_info    0x00005011      0x503 ./Drivers/API/Src/API_fsm.o
 .debug_info    0x00005514      0x328 ./Drivers/API/Src/API_lcd.o
 .debug_info    0x0000583c      0x700 ./Drivers/API/Src/API_lcd_port.o
 .debug_info    0x00005f3c      0x704 ./Drivers/API/Src/API_uart.o
 .debug_info    0x00006640     0x12e1 ./Drivers/BSP/STM32F4xx_Nucleo_144/stm32f4xx_nucleo_144.o
 .debug_info    0x00007921      0x9ba ./Drivers/STM32F4xx_HAL_Driver/Src/stm32f4xx_hal.o
 .debug_info    0x000082db      0xd8d ./Drivers/STM32F4xx_HAL_Driver/Src/stm32f4xx_hal_cortex.o
 .debug_info    0x00009068      0x6db ./Drivers/STM32F4xx_HAL_Driver/Src/stm32f4xx_hal_gpio.o
 .debug_info    0x00009743     0x2421 ./Drivers/STM32F4xx_HAL_Driver/Src/stm32f4xx_hal_i2c.o
 .debug_info    0x0000bb64      0x672 ./Drivers/STM32F4xx_HAL_Driver/Src/stm32f4xx_hal_i2c_ex.o
 .debug_info    0x0000c1d6      0x8c9 ./Drivers/STM32F4xx_HAL_Driver/Src/stm32f4xx_hal_rcc.o
 .debug_info    0x0000ca9f      0x651 ./Drivers/STM32F4xx_HAL_Driver/Src/stm32f4xx_hal_rcc_ex.o
 .debug_info    0x0000d0f0      0xc20 ./Drivers/STM32F4xx_HAL_Driver/Src/stm32f4xx_hal_rtc.o
 .debug_info    0x0000dd10     0x15fb ./Drivers/STM32F4xx_HAL_Driver/Src/stm32f4xx_hal_spi.o
 .debug_info    0x0000f30b     0x2f4f ./Drivers/STM32F4xx_HAL_Driver/Src/stm32f4xx_hal_uart.o

.debug_abbrev   0x00000000     0x2c42
 .debug_abbrev  0x00000000      0x2e9 ./Core/Src/main.o
 .debug_abbrev  0x000002e9      0x297 ./Core/Src/stm32f4xx_hal_msp.o
 .debug_abbrev  0x00000580       0x73 ./Core/Src/stm32f4xx_it.o
 .debug_abbrev  0x000005f3      0x11a ./Core/Src/system_stm32f4xx.o
 .debug_abbrev  0x0000070d       0x24 ./Core/Startup/startup_stm32f429zitx.o
 .debug_abbrev  0x00000731      0x1bb ./Drivers/API/Src/API_bme280.o
 .debug_abbrev  0x000008ec      0x1e4 ./Drivers/API/Src/API_bme280_port.o
 .debug_abbrev  0x00000ad0      0x14a ./Drivers/API/Src/API_clock_date.o
 .debug_abbrev  0x00000c1a      0x1c3 ./Drivers/API/Src/API_fsm.o
 .debug_abbrev  0x00000ddd      0x14d ./Drivers/API/Src/API_lcd.o
 .debug_abbrev  0x00000f2a      0x1a9 ./Drivers/API/Src/API_lcd_port.o
 .debug_abbrev  0x000010d3      0x1a8 ./Drivers/API/Src/API_uart.o
 .debug_abbrev  0x0000127b      0x2ce ./Drivers/BSP/STM32F4xx_Nucleo_144/stm32f4xx_nucleo_144.o
 .debug_abbrev  0x00001549      0x214 ./Drivers/STM32F4xx_HAL_Driver/Src/stm32f4xx_hal.o
 .debug_abbrev  0x0000175d      0x328 ./Drivers/STM32F4xx_HAL_Driver/Src/stm32f4xx_hal_cortex.o
 .debug_abbrev  0x00001a85      0x1d4 ./Drivers/STM32F4xx_HAL_Driver/Src/stm32f4xx_hal_gpio.o
 .debug_abbrev  0x00001c59      0x2ad ./Drivers/STM32F4xx_HAL_Driver/Src/stm32f4xx_hal_i2c.o
 .debug_abbrev  0x00001f06      0x157 ./Drivers/STM32F4xx_HAL_Driver/Src/stm32f4xx_hal_i2c_ex.o
 .debug_abbrev  0x0000205d      0x2b6 ./Drivers/STM32F4xx_HAL_Driver/Src/stm32f4xx_hal_rcc.o
 .debug_abbrev  0x00002313      0x1af ./Drivers/STM32F4xx_HAL_Driver/Src/stm32f4xx_hal_rcc_ex.o
 .debug_abbrev  0x000024c2      0x1ee ./Drivers/STM32F4xx_HAL_Driver/Src/stm32f4xx_hal_rtc.o
 .debug_abbrev  0x000026b0      0x284 ./Drivers/STM32F4xx_HAL_Driver/Src/stm32f4xx_hal_spi.o
 .debug_abbrev  0x00002934      0x30e ./Drivers/STM32F4xx_HAL_Driver/Src/stm32f4xx_hal_uart.o

.debug_aranges  0x00000000      0xf90
 .debug_aranges
                0x00000000       0x50 ./Core/Src/main.o
 .debug_aranges
                0x00000050       0x80 ./Core/Src/stm32f4xx_hal_msp.o
 .debug_aranges
                0x000000d0       0x60 ./Core/Src/stm32f4xx_it.o
 .debug_aranges
                0x00000130       0x28 ./Core/Src/system_stm32f4xx.o
 .debug_aranges
                0x00000158       0x28 ./Core/Startup/startup_stm32f429zitx.o
 .debug_aranges
                0x00000180       0x68 ./Drivers/API/Src/API_bme280.o
 .debug_aranges
                0x000001e8       0x38 ./Drivers/API/Src/API_bme280_port.o
 .debug_aranges
                0x00000220       0x30 ./Drivers/API/Src/API_clock_date.o
 .debug_aranges
                0x00000250       0x98 ./Drivers/API/Src/API_fsm.o
 .debug_aranges
                0x000002e8       0x80 ./Drivers/API/Src/API_lcd.o
 .debug_aranges
                0x00000368       0x30 ./Drivers/API/Src/API_lcd_port.o
 .debug_aranges
                0x00000398       0x40 ./Drivers/API/Src/API_uart.o
 .debug_aranges
                0x000003d8       0xd0 ./Drivers/BSP/STM32F4xx_Nucleo_144/stm32f4xx_nucleo_144.o
 .debug_aranges
                0x000004a8      0x100 ./Drivers/STM32F4xx_HAL_Driver/Src/stm32f4xx_hal.o
 .debug_aranges
                0x000005a8      0x120 ./Drivers/STM32F4xx_HAL_Driver/Src/stm32f4xx_hal_cortex.o
 .debug_aranges
                0x000006c8       0x58 ./Drivers/STM32F4xx_HAL_Driver/Src/stm32f4xx_hal_gpio.o
 .debug_aranges
                0x00000720      0x2a8 ./Drivers/STM32F4xx_HAL_Driver/Src/stm32f4xx_hal_i2c.o
 .debug_aranges
                0x000009c8       0x28 ./Drivers/STM32F4xx_HAL_Driver/Src/stm32f4xx_hal_i2c_ex.o
 .debug_aranges
                0x000009f0       0x88 ./Drivers/STM32F4xx_HAL_Driver/Src/stm32f4xx_hal_rcc.o
 .debug_aranges
                0x00000a78       0x58 ./Drivers/STM32F4xx_HAL_Driver/Src/stm32f4xx_hal_rcc_ex.o
 .debug_aranges
                0x00000ad0       0xe8 ./Drivers/STM32F4xx_HAL_Driver/Src/stm32f4xx_hal_rtc.o
 .debug_aranges
                0x00000bb8      0x1d0 ./Drivers/STM32F4xx_HAL_Driver/Src/stm32f4xx_hal_spi.o
 .debug_aranges
                0x00000d88      0x208 ./Drivers/STM32F4xx_HAL_Driver/Src/stm32f4xx_hal_uart.o

.debug_rnglists
                0x00000000      0xbff
 .debug_rnglists
                0x00000000       0x3a ./Core/Src/main.o
 .debug_rnglists
                0x0000003a       0x60 ./Core/Src/stm32f4xx_hal_msp.o
 .debug_rnglists
                0x0000009a       0x43 ./Core/Src/stm32f4xx_it.o
 .debug_rnglists
                0x000000dd       0x1a ./Core/Src/system_stm32f4xx.o
 .debug_rnglists
                0x000000f7       0x19 ./Core/Startup/startup_stm32f429zitx.o
 .debug_rnglists
                0x00000110       0x4d ./Drivers/API/Src/API_bme280.o
 .debug_rnglists
                0x0000015d       0x25 ./Drivers/API/Src/API_bme280_port.o
 .debug_rnglists
                0x00000182       0x1f ./Drivers/API/Src/API_clock_date.o
 .debug_rnglists
                0x000001a1       0x70 ./Drivers/API/Src/API_fsm.o
 .debug_rnglists
                0x00000211       0x5c ./Drivers/API/Src/API_lcd.o
 .debug_rnglists
                0x0000026d       0x1f ./Drivers/API/Src/API_lcd_port.o
 .debug_rnglists
                0x0000028c       0x2b ./Drivers/API/Src/API_uart.o
 .debug_rnglists
                0x000002b7       0x9d ./Drivers/BSP/STM32F4xx_Nucleo_144/stm32f4xx_nucleo_144.o
 .debug_rnglists
                0x00000354       0xbb ./Drivers/STM32F4xx_HAL_Driver/Src/stm32f4xx_hal.o
 .debug_rnglists
                0x0000040f       0xd4 ./Drivers/STM32F4xx_HAL_Driver/Src/stm32f4xx_hal_cortex.o
 .debug_rnglists
                0x000004e3       0x3f ./Drivers/STM32F4xx_HAL_Driver/Src/stm32f4xx_hal_gpio.o
 .debug_rnglists
                0x00000522      0x23c ./Drivers/STM32F4xx_HAL_Driver/Src/stm32f4xx_hal_i2c.o
 .debug_rnglists
                0x0000075e       0x19 ./Drivers/STM32F4xx_HAL_Driver/Src/stm32f4xx_hal_i2c_ex.o
 .debug_rnglists
                0x00000777       0x66 ./Drivers/STM32F4xx_HAL_Driver/Src/stm32f4xx_hal_rcc.o
 .debug_rnglists
                0x000007dd       0x43 ./Drivers/STM32F4xx_HAL_Driver/Src/stm32f4xx_hal_rcc_ex.o
 .debug_rnglists
                0x00000820       0xb4 ./Drivers/STM32F4xx_HAL_Driver/Src/stm32f4xx_hal_rtc.o
 .debug_rnglists
                0x000008d4      0x16f ./Drivers/STM32F4xx_HAL_Driver/Src/stm32f4xx_hal_spi.o
 .debug_rnglists
                0x00000a43      0x1bc ./Drivers/STM32F4xx_HAL_Driver/Src/stm32f4xx_hal_uart.o

.debug_macro    0x00000000    0x27883
 .debug_macro   0x00000000      0x3f3 ./Core/Src/main.o
 .debug_macro   0x000003f3      0xab4 ./Core/Src/main.o
 .debug_macro   0x00000ea7      0x2b3 ./Core/Src/main.o
 .debug_macro   0x0000115a       0x2e ./Core/Src/main.o
 .debug_macro   0x00001188       0x28 ./Core/Src/main.o
 .debug_macro   0x000011b0       0x22 ./Core/Src/main.o
 .debug_macro   0x000011d2       0x8e ./Core/Src/main.o
 .debug_macro   0x00001260       0x51 ./Core/Src/main.o
 .debug_macro   0x000012b1      0x103 ./Core/Src/main.o
 .debug_macro   0x000013b4       0x6a ./Core/Src/main.o
 .debug_macro   0x0000141e      0x1df ./Core/Src/main.o
 .debug_macro   0x000015fd       0x1c ./Core/Src/main.o
 .debug_macro   0x00001619       0x22 ./Core/Src/main.o
 .debug_macro   0x0000163b       0xfb ./Core/Src/main.o
 .debug_macro   0x00001736     0x1011 ./Core/Src/main.o
 .debug_macro   0x00002747      0x11f ./Core/Src/main.o
 .debug_macro   0x00002866    0x17fd8 ./Core/Src/main.o
 .debug_macro   0x0001a83e       0x6d ./Core/Src/main.o
 .debug_macro   0x0001a8ab     0x3703 ./Core/Src/main.o
 .debug_macro   0x0001dfae      0x189 ./Core/Src/main.o
 .debug_macro   0x0001e137       0x5c ./Core/Src/main.o
 .debug_macro   0x0001e193      0xcba ./Core/Src/main.o
 .debug_macro   0x0001ee4d      0x9e9 ./Core/Src/main.o
 .debug_macro   0x0001f836      0x115 ./Core/Src/main.o
 .debug_macro   0x0001f94b      0x156 ./Core/Src/main.o
 .debug_macro   0x0001faa1       0xa5 ./Core/Src/main.o
 .debug_macro   0x0001fb46      0x182 ./Core/Src/main.o
 .debug_macro   0x0001fcc8      0x287 ./Core/Src/main.o
 .debug_macro   0x0001ff4f       0x5f ./Core/Src/main.o
 .debug_macro   0x0001ffae      0x236 ./Core/Src/main.o
 .debug_macro   0x000201e4      0xd44 ./Core/Src/main.o
 .debug_macro   0x00020f28      0x132 ./Core/Src/main.o
 .debug_macro   0x0002105a      0x41d ./Core/Src/main.o
 .debug_macro   0x00021477       0x2e ./Core/Src/main.o
 .debug_macro   0x000214a5      0x1b5 ./Core/Src/main.o
 .debug_macro   0x0002165a       0x22 ./Core/Src/main.o
 .debug_macro   0x0002167c       0xd6 ./Core/Src/main.o
 .debug_macro   0x00021752      0x127 ./Core/Src/main.o
 .debug_macro   0x00021879       0xe2 ./Core/Src/main.o
 .debug_macro   0x0002195b       0x89 ./Core/Src/main.o
 .debug_macro   0x000219e4      0x30c ./Core/Src/main.o
 .debug_macro   0x00021cf0      0x44b ./Core/Src/main.o
 .debug_macro   0x0002213b       0xeb ./Core/Src/main.o
 .debug_macro   0x00022226      0x225 ./Core/Src/main.o
 .debug_macro   0x0002244b      0x2aa ./Core/Src/main.o
 .debug_macro   0x000226f5      0x293 ./Core/Src/main.o
 .debug_macro   0x00022988       0xba ./Core/Src/main.o
 .debug_macro   0x00022a42      0x134 ./Core/Src/main.o
 .debug_macro   0x00022b76      0x250 ./Core/Src/main.o
 .debug_macro   0x00022dc6       0x61 ./Core/Src/main.o
 .debug_macro   0x00022e27       0x2a ./Core/Src/main.o
 .debug_macro   0x00022e51       0x43 ./Core/Src/main.o
 .debug_macro   0x00022e94       0x34 ./Core/Src/main.o
 .debug_macro   0x00022ec8       0x16 ./Core/Src/main.o
 .debug_macro   0x00022ede       0x43 ./Core/Src/main.o
 .debug_macro   0x00022f21       0x34 ./Core/Src/main.o
 .debug_macro   0x00022f55       0x10 ./Core/Src/main.o
 .debug_macro   0x00022f65       0x58 ./Core/Src/main.o
 .debug_macro   0x00022fbd       0x8e ./Core/Src/main.o
 .debug_macro   0x0002304b       0x1c ./Core/Src/main.o
 .debug_macro   0x00023067      0x177 ./Core/Src/main.o
 .debug_macro   0x000231de      0x369 ./Core/Src/main.o
 .debug_macro   0x00023547       0x10 ./Core/Src/main.o
 .debug_macro   0x00023557       0x35 ./Core/Src/main.o
 .debug_macro   0x0002358c       0x20 ./Core/Src/main.o
 .debug_macro   0x000235ac       0x1c ./Core/Src/main.o
 .debug_macro   0x000235c8       0x10 ./Core/Src/main.o
 .debug_macro   0x000235d8       0x1c ./Core/Src/main.o
 .debug_macro   0x000235f4       0x16 ./Core/Src/main.o
 .debug_macro   0x0002360a      0x146 ./Core/Src/main.o
 .debug_macro   0x00023750       0x16 ./Core/Src/main.o
 .debug_macro   0x00023766       0x16 ./Core/Src/main.o
 .debug_macro   0x0002377c       0x29 ./Core/Src/main.o
 .debug_macro   0x000237a5       0x22 ./Core/Src/main.o
 .debug_macro   0x000237c7       0x6a ./Core/Src/main.o
 .debug_macro   0x00023831       0x9a ./Core/Src/main.o
 .debug_macro   0x000238cb      0x19b ./Core/Src/main.o
 .debug_macro   0x00023a66      0x130 ./Core/Src/main.o
 .debug_macro   0x00023b96      0x130 ./Core/Src/main.o
 .debug_macro   0x00023cc6      0x3ed ./Core/Src/stm32f4xx_hal_msp.o
 .debug_macro   0x000240b3      0x3f7 ./Core/Src/stm32f4xx_it.o
 .debug_macro   0x000244aa      0x224 ./Core/Src/system_stm32f4xx.o
 .debug_macro   0x000246ce      0x323 ./Drivers/API/Src/API_bme280.o
 .debug_macro   0x000249f1       0x56 ./Drivers/API/Src/API_bme280.o
 .debug_macro   0x00024a47      0x329 ./Drivers/API/Src/API_bme280_port.o
 .debug_macro   0x00024d70      0x23d ./Drivers/API/Src/API_clock_date.o
 .debug_macro   0x00024fad      0x3e4 ./Drivers/API/Src/API_fsm.o
 .debug_macro   0x00025391       0x16 ./Drivers/API/Src/API_fsm.o
 .debug_macro   0x000253a7       0x64 ./Drivers/API/Src/API_fsm.o
 .debug_macro   0x0002540b      0x31f ./Drivers/API/Src/API_lcd.o
 .debug_macro   0x0002572a      0x323 ./Drivers/API/Src/API_lcd_port.o
 .debug_macro   0x00025a4d      0x33e ./Drivers/API/Src/API_uart.o
 .debug_macro   0x00025d8b      0x25d ./Drivers/BSP/STM32F4xx_Nucleo_144/stm32f4xx_nucleo_144.o
 .debug_macro   0x00025fe8      0x24a ./Drivers/BSP/STM32F4xx_Nucleo_144/stm32f4xx_nucleo_144.o
 .debug_macro   0x00026232      0x284 ./Drivers/STM32F4xx_HAL_Driver/Src/stm32f4xx_hal.o
 .debug_macro   0x000264b6      0x224 ./Drivers/STM32F4xx_HAL_Driver/Src/stm32f4xx_hal_cortex.o
 .debug_macro   0x000266da      0x22a ./Drivers/STM32F4xx_HAL_Driver/Src/stm32f4xx_hal_gpio.o
 .debug_macro   0x00026904      0x272 ./Drivers/STM32F4xx_HAL_Driver/Src/stm32f4xx_hal_i2c.o
 .debug_macro   0x00026b76      0x224 ./Drivers/STM32F4xx_HAL_Driver/Src/stm32f4xx_hal_i2c_ex.o
 .debug_macro   0x00026d9a      0x248 ./Drivers/STM32F4xx_HAL_Driver/Src/stm32f4xx_hal_rcc.o
 .debug_macro   0x00026fe2      0x224 ./Drivers/STM32F4xx_HAL_Driver/Src/stm32f4xx_hal_rcc_ex.o
 .debug_macro   0x00027206      0x225 ./Drivers/STM32F4xx_HAL_Driver/Src/stm32f4xx_hal_rtc.o
 .debug_macro   0x0002742b      0x233 ./Drivers/STM32F4xx_HAL_Driver/Src/stm32f4xx_hal_spi.o
 .debug_macro   0x0002765e      0x225 ./Drivers/STM32F4xx_HAL_Driver/Src/stm32f4xx_hal_uart.o

.debug_line     0x00000000    0x1553a
 .debug_line    0x00000000      0xbbe ./Core/Src/main.o
 .debug_line    0x00000bbe      0xc39 ./Core/Src/stm32f4xx_hal_msp.o
 .debug_line    0x000017f7      0xad3 ./Core/Src/stm32f4xx_it.o
 .debug_line    0x000022ca      0x7be ./Core/Src/system_stm32f4xx.o
 .debug_line    0x00002a88       0x7a ./Core/Startup/startup_stm32f429zitx.o
 .debug_line    0x00002b02      0xbf7 ./Drivers/API/Src/API_bme280.o
 .debug_line    0x000036f9      0x99e ./Drivers/API/Src/API_bme280_port.o
 .debug_line    0x00004097      0x83f ./Drivers/API/Src/API_clock_date.o
 .debug_line    0x000048d6      0xbf9 ./Drivers/API/Src/API_fsm.o
 .debug_line    0x000054cf      0xac5 ./Drivers/API/Src/API_lcd.o
 .debug_line    0x00005f94      0x970 ./Drivers/API/Src/API_lcd_port.o
 .debug_line    0x00006904      0x9bf ./Drivers/API/Src/API_uart.o
 .debug_line    0x000072c3      0xb77 ./Drivers/BSP/STM32F4xx_Nucleo_144/stm32f4xx_nucleo_144.o
 .debug_line    0x00007e3a      0xa5d ./Drivers/STM32F4xx_HAL_Driver/Src/stm32f4xx_hal.o
 .debug_line    0x00008897      0xcef ./Drivers/STM32F4xx_HAL_Driver/Src/stm32f4xx_hal_cortex.o
 .debug_line    0x00009586      0xbdb ./Drivers/STM32F4xx_HAL_Driver/Src/stm32f4xx_hal_gpio.o
 .debug_line    0x0000a161     0x3b6d ./Drivers/STM32F4xx_HAL_Driver/Src/stm32f4xx_hal_i2c.o
 .debug_line    0x0000dcce      0x7b4 ./Drivers/STM32F4xx_HAL_Driver/Src/stm32f4xx_hal_i2c_ex.o
 .debug_line    0x0000e482      0xd9a ./Drivers/STM32F4xx_HAL_Driver/Src/stm32f4xx_hal_rcc.o
 .debug_line    0x0000f21c      0xbf8 ./Drivers/STM32F4xx_HAL_Driver/Src/stm32f4xx_hal_rcc_ex.o
 .debug_line    0x0000fe14     0x110b ./Drivers/STM32F4xx_HAL_Driver/Src/stm32f4xx_hal_rtc.o
 .debug_line    0x00010f1f     0x1d22 ./Drivers/STM32F4xx_HAL_Driver/Src/stm32f4xx_hal_spi.o
 .debug_line    0x00012c41     0x28f9 ./Drivers/STM32F4xx_HAL_Driver/Src/stm32f4xx_hal_uart.o

.debug_str      0x00000000    0xe5500
 .debug_str     0x00000000    0xe0f0e ./Core/Src/main.o
                              0xe129e (size before relaxing)
 .debug_str     0x000e0f0e      0xc17 ./Core/Src/stm32f4xx_hal_msp.o
                              0xe1c1f (size before relaxing)
 .debug_str     0x000e1b25       0xc9 ./Core/Src/stm32f4xx_it.o
                              0xe05f7 (size before relaxing)
 .debug_str     0x000e1bee       0xdb ./Core/Src/system_stm32f4xx.o
                              0xdaa10 (size before relaxing)
 .debug_str     0x000e1cc9       0x44 ./Core/Startup/startup_stm32f429zitx.o
                                 0x77 (size before relaxing)
 .debug_str     0x000e1d0d      0x251 ./Drivers/API/Src/API_bme280.o
                              0xdfdc4 (size before relaxing)
 .debug_str     0x000e1f5e       0x57 ./Drivers/API/Src/API_bme280_port.o
                              0xe00d7 (size before relaxing)
 .debug_str     0x000e1fb5      0x12b ./Drivers/API/Src/API_clock_date.o
                              0xdbb6a (size before relaxing)
 .debug_str     0x000e20e0      0x23c ./Drivers/API/Src/API_fsm.o
                              0xe03eb (size before relaxing)
 .debug_str     0x000e231c       0xcc ./Drivers/API/Src/API_lcd.o
                              0xdf1d6 (size before relaxing)
 .debug_str     0x000e23e8       0x3a ./Drivers/API/Src/API_lcd_port.o
                              0xdf673 (size before relaxing)
 .debug_str     0x000e2422       0x8b ./Drivers/API/Src/API_uart.o
                              0xde75d (size before relaxing)
 .debug_str     0x000e24ad      0x9c2 ./Drivers/BSP/STM32F4xx_Nucleo_144/stm32f4xx_nucleo_144.o
                              0xdc8a3 (size before relaxing)
 .debug_str     0x000e2e6f      0x63e ./Drivers/STM32F4xx_HAL_Driver/Src/stm32f4xx_hal.o
                              0xdb633 (size before relaxing)
 .debug_str     0x000e34ad      0x31f ./Drivers/STM32F4xx_HAL_Driver/Src/stm32f4xx_hal_cortex.o
                              0xdb32f (size before relaxing)
 .debug_str     0x000e37cc       0xfd ./Drivers/STM32F4xx_HAL_Driver/Src/stm32f4xx_hal_gpio.o
                              0xdab8b (size before relaxing)
 .debug_str     0x000e38c9      0xb44 ./Drivers/STM32F4xx_HAL_Driver/Src/stm32f4xx_hal_i2c.o
                              0xdba20 (size before relaxing)
 .debug_str     0x000e440d       0x3b ./Drivers/STM32F4xx_HAL_Driver/Src/stm32f4xx_hal_i2c_ex.o
                              0xdaddf (size before relaxing)
 .debug_str     0x000e4448      0x213 ./Drivers/STM32F4xx_HAL_Driver/Src/stm32f4xx_hal_rcc.o
                              0xdae44 (size before relaxing)
 .debug_str     0x000e465b      0x133 ./Drivers/STM32F4xx_HAL_Driver/Src/stm32f4xx_hal_rcc_ex.o
                              0xdac0b (size before relaxing)
 .debug_str     0x000e478e      0x285 ./Drivers/STM32F4xx_HAL_Driver/Src/stm32f4xx_hal_rtc.o
                              0xdae6c (size before relaxing)
 .debug_str     0x000e4a13      0x507 ./Drivers/STM32F4xx_HAL_Driver/Src/stm32f4xx_hal_spi.o
                              0xdb2c1 (size before relaxing)
 .debug_str     0x000e4f1a      0x5e6 ./Drivers/STM32F4xx_HAL_Driver/Src/stm32f4xx_hal_uart.o
                              0xdb412 (size before relaxing)

.comment        0x00000000       0x43
 .comment       0x00000000       0x43 ./Core/Src/main.o
                                 0x44 (size before relaxing)
 .comment       0x00000043       0x44 ./Core/Src/stm32f4xx_hal_msp.o
 .comment       0x00000043       0x44 ./Core/Src/stm32f4xx_it.o
 .comment       0x00000043       0x44 ./Core/Src/system_stm32f4xx.o
 .comment       0x00000043       0x44 ./Drivers/API/Src/API_bme280.o
 .comment       0x00000043       0x44 ./Drivers/API/Src/API_bme280_port.o
 .comment       0x00000043       0x44 ./Drivers/API/Src/API_clock_date.o
 .comment       0x00000043       0x44 ./Drivers/API/Src/API_fsm.o
 .comment       0x00000043       0x44 ./Drivers/API/Src/API_lcd.o
 .comment       0x00000043       0x44 ./Drivers/API/Src/API_lcd_port.o
 .comment       0x00000043       0x44 ./Drivers/API/Src/API_uart.o
 .comment       0x00000043       0x44 ./Drivers/BSP/STM32F4xx_Nucleo_144/stm32f4xx_nucleo_144.o
 .comment       0x00000043       0x44 ./Drivers/STM32F4xx_HAL_Driver/Src/stm32f4xx_hal.o
 .comment       0x00000043       0x44 ./Drivers/STM32F4xx_HAL_Driver/Src/stm32f4xx_hal_cortex.o
 .comment       0x00000043       0x44 ./Drivers/STM32F4xx_HAL_Driver/Src/stm32f4xx_hal_gpio.o
 .comment       0x00000043       0x44 ./Drivers/STM32F4xx_HAL_Driver/Src/stm32f4xx_hal_i2c.o
 .comment       0x00000043       0x44 ./Drivers/STM32F4xx_HAL_Driver/Src/stm32f4xx_hal_i2c_ex.o
 .comment       0x00000043       0x44 ./Drivers/STM32F4xx_HAL_Driver/Src/stm32f4xx_hal_rcc.o
 .comment       0x00000043       0x44 ./Drivers/STM32F4xx_HAL_Driver/Src/stm32f4xx_hal_rcc_ex.o
 .comment       0x00000043       0x44 ./Drivers/STM32F4xx_HAL_Driver/Src/stm32f4xx_hal_rtc.o
 .comment       0x00000043       0x44 ./Drivers/STM32F4xx_HAL_Driver/Src/stm32f4xx_hal_spi.o
 .comment       0x00000043       0x44 ./Drivers/STM32F4xx_HAL_Driver/Src/stm32f4xx_hal_uart.o

.debug_frame    0x00000000     0x3f78
 .debug_frame   0x00000000       0xe8 ./Core/Src/main.o
 .debug_frame   0x000000e8      0x1ec ./Core/Src/stm32f4xx_hal_msp.o
 .debug_frame   0x000002d4      0x104 ./Core/Src/stm32f4xx_it.o
 .debug_frame   0x000003d8       0x58 ./Core/Src/system_stm32f4xx.o
 .debug_frame   0x00000430      0x178 ./Drivers/API/Src/API_bme280.o
 .debug_frame   0x000005a8       0xa0 ./Drivers/API/Src/API_bme280_port.o
 .debug_frame   0x00000648       0x60 ./Drivers/API/Src/API_clock_date.o
 .debug_frame   0x000006a8      0x210 ./Drivers/API/Src/API_fsm.o
 .debug_frame   0x000008b8      0x1cc ./Drivers/API/Src/API_lcd.o
 .debug_frame   0x00000a84       0x7c ./Drivers/API/Src/API_lcd_port.o
 .debug_frame   0x00000b00       0xb0 ./Drivers/API/Src/API_uart.o
 .debug_frame   0x00000bb0      0x338 ./Drivers/BSP/STM32F4xx_Nucleo_144/stm32f4xx_nucleo_144.o
 .debug_frame   0x00000ee8      0x3b4 ./Drivers/STM32F4xx_HAL_Driver/Src/stm32f4xx_hal.o
 .debug_frame   0x0000129c      0x4b8 ./Drivers/STM32F4xx_HAL_Driver/Src/stm32f4xx_hal_cortex.o
 .debug_frame   0x00001754      0x14c ./Drivers/STM32F4xx_HAL_Driver/Src/stm32f4xx_hal_gpio.o
 .debug_frame   0x000018a0      0xc84 ./Drivers/STM32F4xx_HAL_Driver/Src/stm32f4xx_hal_i2c.o
 .debug_frame   0x00002524       0x60 ./Drivers/STM32F4xx_HAL_Driver/Src/stm32f4xx_hal_i2c_ex.o
 .debug_frame   0x00002584      0x1f4 ./Drivers/STM32F4xx_HAL_Driver/Src/stm32f4xx_hal_rcc.o
 .debug_frame   0x00002778      0x13c ./Drivers/STM32F4xx_HAL_Driver/Src/stm32f4xx_hal_rcc_ex.o
 .debug_frame   0x000028b4      0x3f4 ./Drivers/STM32F4xx_HAL_Driver/Src/stm32f4xx_hal_rtc.o
 .debug_frame   0x00002ca8      0x828 ./Drivers/STM32F4xx_HAL_Driver/Src/stm32f4xx_hal_spi.o
 .debug_frame   0x000034d0      0x954 ./Drivers/STM32F4xx_HAL_Driver/Src/stm32f4xx_hal_uart.o
 .debug_frame   0x00003e24       0x38 /opt/st/stm32cubeide_1.15.1/plugins/com.st.stm32cube.ide.mcu.externaltools.gnu-tools-for-stm32.12.3.rel1.linux64_1.0.100.202403111256/tools/bin/../lib/gcc/arm-none-eabi/12.3.1/../../../../arm-none-eabi/lib/thumb/v7e-m+fp/hard/libc_nano.a(libc_a-itoa.o)
 .debug_frame   0x00003e5c       0x48 /opt/st/stm32cubeide_1.15.1/plugins/com.st.stm32cube.ide.mcu.externaltools.gnu-tools-for-stm32.12.3.rel1.linux64_1.0.100.202403111256/tools/bin/../lib/gcc/arm-none-eabi/12.3.1/../../../../arm-none-eabi/lib/thumb/v7e-m+fp/hard/libc_nano.a(libc_a-utoa.o)
 .debug_frame   0x00003ea4       0x20 /opt/st/stm32cubeide_1.15.1/plugins/com.st.stm32cube.ide.mcu.externaltools.gnu-tools-for-stm32.12.3.rel1.linux64_1.0.100.202403111256/tools/bin/../lib/gcc/arm-none-eabi/12.3.1/../../../../arm-none-eabi/lib/thumb/v7e-m+fp/hard/libc_nano.a(libc_a-memset.o)
 .debug_frame   0x00003ec4       0x28 /opt/st/stm32cubeide_1.15.1/plugins/com.st.stm32cube.ide.mcu.externaltools.gnu-tools-for-stm32.12.3.rel1.linux64_1.0.100.202403111256/tools/bin/../lib/gcc/arm-none-eabi/12.3.1/../../../../arm-none-eabi/lib/thumb/v7e-m+fp/hard/libc_nano.a(libc_a-strcat.o)
 .debug_frame   0x00003eec       0x2c /opt/st/stm32cubeide_1.15.1/plugins/com.st.stm32cube.ide.mcu.externaltools.gnu-tools-for-stm32.12.3.rel1.linux64_1.0.100.202403111256/tools/bin/../lib/gcc/arm-none-eabi/12.3.1/../../../../arm-none-eabi/lib/thumb/v7e-m+fp/hard/libc_nano.a(libc_a-init.o)
 .debug_frame   0x00003f18       0x2c /opt/st/stm32cubeide_1.15.1/plugins/com.st.stm32cube.ide.mcu.externaltools.gnu-tools-for-stm32.12.3.rel1.linux64_1.0.100.202403111256/tools/bin/../lib/gcc/arm-none-eabi/12.3.1/thumb/v7e-m+fp/hard/libgcc.a(_aeabi_uldivmod.o)
 .debug_frame   0x00003f44       0x34 /opt/st/stm32cubeide_1.15.1/plugins/com.st.stm32cube.ide.mcu.externaltools.gnu-tools-for-stm32.12.3.rel1.linux64_1.0.100.202403111256/tools/bin/../lib/gcc/arm-none-eabi/12.3.1/thumb/v7e-m+fp/hard/libgcc.a(_udivmoddi4.o)

.debug_line_str
                0x00000000       0x5b
 .debug_line_str
                0x00000000       0x5b ./Core/Startup/startup_stm32f429zitx.o
