../Drivers/API/Src/API_bme280.c:11:6:update_lcd_clock	8	static
../Drivers/API/Src/API_bme280.c:17:6:clock_init_code	8	static
../Drivers/API/Src/API_bme280.c:48:6:BME280_Error_Handler	4	static
../Drivers/API/Src/API_bme280.c:57:13:SPI_Write	24	static
../Drivers/API/Src/API_bme280.c:66:13:SPI_Read	24	static
../Drivers/API/Src/API_bme280.c:77:6:tempFSM_init	4	static
../Drivers/API/Src/API_bme280.c:103:13:trimmingParametersRead	48	static
../Drivers/API/Src/API_bme280.c:135:6:BME280_init	16	static
../Drivers/API/Src/API_bme280.c:173:21:BME280_compensate_T_int32	32	static
../Drivers/API/Src/API_bme280.c:186:21:bme280_compensate_H_int32	24	static
../Drivers/API/Src/API_bme280.c:197:7:BME280_getTemp	4	static
../Drivers/API/Src/API_bme280.c:202:7:BME280_getHum	4	static
../Drivers/API/Src/API_bme280.c:207:16:BME280_read	24	static
../Drivers/API/Src/API_bme280.c:247:6:eval_data	72	static
../Drivers/API/Src/API_bme280.c:272:6:BME280_calculate	8	static
../Drivers/API/Src/API_bme280.c:281:6:prepare_sensor_data_for_uart	32	static
../Drivers/API/Src/API_bme280.c:304:6:uart_display_data	16	static
../Drivers/API/Src/API_bme280.c:313:6:prepare_sensor_data_for_lcd	16	static
../Drivers/API/Src/API_bme280.c:326:6:lcd_display_sensor_data	8	static
../Drivers/API/Src/API_bme280.c:339:6:lcd_alarm	8	static
../Drivers/API/Src/API_bme280.c:345:6:lcd_display_clock	8	static
../Drivers/API/Src/API_bme280.c:355:6:lcd_display_date	8	static
../Drivers/API/Src/API_bme280.c:365:6:FSM_update	8	static
../Drivers/API/Src/API_bme280.c:382:6:APP_init	8	static
../Drivers/API/Src/API_bme280.c:389:6:APP_updateLCD	8	static
../Drivers/API/Src/API_bme280.c:395:6:APP_updateSensorData	8	static
../Drivers/API/Src/API_bme280.c:401:6:APP_prepareAndDisplaySensorData	8	static
../Drivers/API/Src/API_bme280.c:407:6:APP_prepareAndSendUARTData	112	static
../Drivers/API/Src/API_bme280.c:415:6:APP_update	8	static
