../Drivers/API/Src/API_bme280.c:15:6:BME280_Error_Handler	4	static
../Drivers/API/Src/API_bme280.c:24:13:SPI_Write	24	static
../Drivers/API/Src/API_bme280.c:33:13:SPI_Read	24	static
../Drivers/API/Src/API_bme280.c:44:6:tempFSM_init	4	static
../Drivers/API/Src/API_bme280.c:69:13:trimmingParametersRead	48	static
../Drivers/API/Src/API_bme280.c:100:6:update_lcd_clock	8	static
../Drivers/API/Src/API_bme280.c:120:6:lcd_init_code	8	static
../Drivers/API/Src/API_bme280.c:147:6:BME280_init	16	static
../Drivers/API/Src/API_bme280.c:183:21:BME280_compensate_T_int32	32	static
../Drivers/API/Src/API_bme280.c:196:21:bme280_compensate_H_int32	24	static
../Drivers/API/Src/API_bme280.c:207:7:BME280_getTemp	4	static
../Drivers/API/Src/API_bme280.c:212:7:BME280_getHum	4	static
../Drivers/API/Src/API_bme280.c:217:16:BME280_read	32	static
../Drivers/API/Src/API_bme280.c:255:6:eval_data	104	static
../Drivers/API/Src/API_bme280.c:295:6:BME280_calculate	64	static
../Drivers/API/Src/API_bme280.c:312:6:lcd_display_data	168	static
../Drivers/API/Src/API_bme280.c:369:6:FSM_update	72	static
../Drivers/API/Src/API_bme280.c:396:6:APP_update	8	static
