../Drivers/API/Src/API_fsm.c:5:6:tempFSM_init	4	static
../Drivers/API/Src/API_fsm.c:15:6:update_lcd_clock	8	static
../Drivers/API/Src/API_fsm.c:21:6:clock_init_code	8	static
../Drivers/API/Src/API_fsm.c:44:6:eval_data	72	static
../Drivers/API/Src/API_fsm.c:72:6:prepare_sensor_data_for_uart	32	static
../Drivers/API/Src/API_fsm.c:95:6:uart_display_data	16	static
../Drivers/API/Src/API_fsm.c:104:6:prepare_sensor_data_for_lcd	16	static
../Drivers/API/Src/API_fsm.c:117:6:lcd_display_sensor_data	8	static
../Drivers/API/Src/API_fsm.c:130:6:lcd_alarm	8	static
../Drivers/API/Src/API_fsm.c:136:6:lcd_display_clock	8	static
../Drivers/API/Src/API_fsm.c:146:6:lcd_display_date	8	static
../Drivers/API/Src/API_fsm.c:156:6:FSM_update	8	static
../Drivers/API/Src/API_fsm.c:173:6:APP_init	8	static
../Drivers/API/Src/API_fsm.c:182:6:APP_updateLCD	8	static
../Drivers/API/Src/API_fsm.c:188:6:APP_updateSensorData	8	static
../Drivers/API/Src/API_fsm.c:194:6:APP_prepareAndDisplaySensorData	8	static
../Drivers/API/Src/API_fsm.c:200:6:APP_prepareAndSendUARTData	112	static
../Drivers/API/Src/API_fsm.c:208:6:APP_update	8	static
