../Drivers/API/Src/API_bme280.c:18:6:BME280_Error_Handler	4	static
../Drivers/API/Src/API_bme280.c:32:6:MX_SPI1_Init	8	static
../Drivers/API/Src/API_bme280.c:68:6:MX_GPIO_Init	56	static
../Drivers/API/Src/API_bme280.c:118:13:SPI_Write	24	static
../Drivers/API/Src/API_bme280.c:127:13:SPI_Read	24	static
../Drivers/API/Src/API_bme280.c:145:6:tempFSM_init	4	static
../Drivers/API/Src/API_bme280.c:223:13:trimmingParametersRead	48	static
../Drivers/API/Src/API_bme280.c:255:6:BME280_init	16	static
../Drivers/API/Src/API_bme280.c:291:21:BME280_compensate_T_int32	32	static
../Drivers/API/Src/API_bme280.c:304:21:bme280_compensate_H_int32	24	static
../Drivers/API/Src/API_bme280.c:315:7:BME280_getTemp	4	static
../Drivers/API/Src/API_bme280.c:320:7:BME280_getHum	4	static
../Drivers/API/Src/API_bme280.c:326:16:BME280_read	32	static
../Drivers/API/Src/API_bme280.c:364:6:eval_data	104	static
../Drivers/API/Src/API_bme280.c:405:6:BME280_calculate	168	static
../Drivers/API/Src/API_bme280.c:480:6:FSM_update	72	static
../Drivers/API/Src/API_bme280.c:508:13:DebounceFsmErrorHandler	8	static,ignoring_inline_asm
../Drivers/API/Src/API_bme280.c:520:6:TEST_SPI	16	static
