../Drivers/API/Src/API_bme280.c:23:6:BME280_Error_Handler	4	static
../Drivers/API/Src/API_bme280.c:30:13:SPI_Write	24	static
../Drivers/API/Src/API_bme280.c:39:13:SPI_Read	24	static
../Drivers/API/Src/API_bme280.c:75:17:combineBytes	16	static
../Drivers/API/Src/API_bme280.c:80:16:extractBits	16	static
../Drivers/API/Src/API_bme280.c:85:13:trimmingParametersRead	56	static
../Drivers/API/Src/API_bme280.c:117:6:BME280_init	16	static
../Drivers/API/Src/API_bme280.c:150:21:BME280_compensate_T_int32	32	static
../Drivers/API/Src/API_bme280.c:163:21:bme280_compensate_H_int32	24	static
../Drivers/API/Src/API_bme280.c:174:7:BME280_getTemp	4	static
../Drivers/API/Src/API_bme280.c:179:7:BME280_getHum	4	static
../Drivers/API/Src/API_bme280.c:184:9:BME280_read	24	static
../Drivers/API/Src/API_bme280.c:224:6:BME280_calculate	8	static
