../Drivers/API/Src/API_app.c:30:6:APP_FSM_init	4	static
../Drivers/API/Src/API_app.c:35:6:APP_evalData	16	static
../Drivers/API/Src/API_app.c:66:6:APP_uartPrepareData	32	static
../Drivers/API/Src/API_app.c:90:6:APP_uartPrepareSensorTempHum	16	static
../Drivers/API/Src/API_app.c:96:6:APP_uartDisplaySensorData	16	static
../Drivers/API/Src/API_app.c:102:6:APP_lcdPrepareSensorData	16	static
../Drivers/API/Src/API_app.c:113:6:APP_lcdDisplaySensorData	8	static
../Drivers/API/Src/API_app.c:119:6:APP_lcdAlarm	8	static
../Drivers/API/Src/API_app.c:124:6:APP_lcdDisplayClock	8	static
../Drivers/API/Src/API_app.c:134:6:APP_lcdDisplayDate	8	static
../Drivers/API/Src/API_app.c:144:6:APP_FSM_update	8	static
../Drivers/API/Src/API_app.c:160:6:APP_lcdUpdateTime	8	static
../Drivers/API/Src/API_app.c:167:6:APP_updateSensorData	8	static
../Drivers/API/Src/API_app.c:172:6:APP_prepareAndDisplaySensorData	8	static
../Drivers/API/Src/API_app.c:178:6:APP_prepareAndSendUARTData	8	static
../Drivers/API/Src/API_app.c:188:6:APP_init	8	static
../Drivers/API/Src/API_app.c:198:6:APP_update	8	static
