../Drivers/API/Src/API_fsm.c:13:6:tempFSM_init	4	static
../Drivers/API/Src/API_fsm.c:20:6:eval_data	72	static
../Drivers/API/Src/API_fsm.c:58:6:prepareUartData	32	static
../Drivers/API/Src/API_fsm.c:82:6:prepare_sensor_data_for_uart	16	static
../Drivers/API/Src/API_fsm.c:88:6:uart_display_data	16	static
../Drivers/API/Src/API_fsm.c:94:6:prepare_sensor_data_for_lcd	16	static
../Drivers/API/Src/API_fsm.c:105:6:lcd_display_sensor_data	8	static
../Drivers/API/Src/API_fsm.c:111:6:lcd_alarm	8	static
../Drivers/API/Src/API_fsm.c:116:6:lcd_display_clock	8	static
../Drivers/API/Src/API_fsm.c:126:6:lcd_display_date	8	static
../Drivers/API/Src/API_fsm.c:136:6:FSM_update	8	static
../Drivers/API/Src/API_fsm.c:152:6:APP_init	8	static
../Drivers/API/Src/API_fsm.c:161:6:APP_updateLCD	8	static
../Drivers/API/Src/API_fsm.c:167:6:APP_updateSensorData	8	static
../Drivers/API/Src/API_fsm.c:172:6:APP_prepareAndDisplaySensorData	8	static
../Drivers/API/Src/API_fsm.c:178:6:APP_prepareAndSendUARTData	8	static
../Drivers/API/Src/API_fsm.c:187:6:APP_update	8	static
