../Drivers/API/Src/API_bme280.c:15:6:BME280_Error_Handler	4	static
../Drivers/API/Src/API_bme280.c:24:13:SPI_Write	24	static
../Drivers/API/Src/API_bme280.c:33:13:SPI_Read	24	static
../Drivers/API/Src/API_bme280.c:44:6:tempFSM_init	4	static
../Drivers/API/Src/API_bme280.c:69:13:trimmingParametersRead	48	static
../Drivers/API/Src/API_bme280.c:101:6:BME280_init	16	static
../Drivers/API/Src/API_bme280.c:163:21:BME280_compensate_T_int32	32	static
../Drivers/API/Src/API_bme280.c:176:21:bme280_compensate_H_int32	24	static
../Drivers/API/Src/API_bme280.c:187:7:BME280_getTemp	4	static
../Drivers/API/Src/API_bme280.c:192:7:BME280_getHum	4	static
../Drivers/API/Src/API_bme280.c:198:16:BME280_read	32	static
../Drivers/API/Src/API_bme280.c:236:6:eval_data	104	static
../Drivers/API/Src/API_bme280.c:276:6:BME280_calculate	168	static
../Drivers/API/Src/API_bme280.c:347:6:FSM_update	72	static
../Drivers/API/Src/API_bme280.c:371:6:APP	8	static
