../Drivers/API/Src/API_lcd.c:12:7:Init_Lcd	16	static
../Drivers/API/Src/API_lcd.c:30:13:SleepLcdBlocking	16	static
../Drivers/API/Src/API_lcd.c:34:13:ControlLcd	16	static
../Drivers/API/Src/API_lcd.c:38:6:DatoLcd	16	static
../Drivers/API/Src/API_lcd.c:42:6:DatoAsciiLcd	16	static
../Drivers/API/Src/API_lcd.c:46:6:DatoBCD	16	static
../Drivers/API/Src/API_lcd.c:51:6:Envia8bitsLcd	16	static
../Drivers/API/Src/API_lcd.c:56:13:Envia4bitsLcd	16	static
../Drivers/API/Src/API_lcd.c:63:6:SacaTextoLcd	16	static
../Drivers/API/Src/API_lcd.c:67:6:ClrLcd	8	static
../Drivers/API/Src/API_lcd.c:72:6:PosCaracHLcd	16	static
../Drivers/API/Src/API_lcd.c:76:6:PosCaracLLcd	16	static
../Drivers/API/Src/API_lcd.c:80:6:CursorOffLcd	8	static
../Drivers/API/Src/API_lcd.c:84:6:CursorOnLcd	8	static
