../Drivers/API/Src/API_bme280.c:11:6:update_lcd_clock	8	static
../Drivers/API/Src/API_bme280.c:31:6:clock_init_code	8	static
../Drivers/API/Src/API_bme280.c:61:6:BME280_Error_Handler	4	static
../Drivers/API/Src/API_bme280.c:70:13:SPI_Write	24	static
../Drivers/API/Src/API_bme280.c:79:13:SPI_Read	24	static
../Drivers/API/Src/API_bme280.c:90:6:tempFSM_init	4	static
../Drivers/API/Src/API_bme280.c:115:13:trimmingParametersRead	48	static
../Drivers/API/Src/API_bme280.c:147:6:BME280_init	16	static
../Drivers/API/Src/API_bme280.c:185:21:BME280_compensate_T_int32	32	static
../Drivers/API/Src/API_bme280.c:198:21:bme280_compensate_H_int32	24	static
../Drivers/API/Src/API_bme280.c:209:7:BME280_getTemp	4	static
../Drivers/API/Src/API_bme280.c:214:7:BME280_getHum	4	static
../Drivers/API/Src/API_bme280.c:219:16:BME280_read	32	static
../Drivers/API/Src/API_bme280.c:257:6:eval_data	152	static
../Drivers/API/Src/API_bme280.c:298:6:BME280_calculate	8	static
../Drivers/API/Src/API_bme280.c:304:6:uart_display_data	120	static
../Drivers/API/Src/API_bme280.c:340:6:lcd_display_data	56	static
../Drivers/API/Src/API_bme280.c:366:6:lcd_alarm	8	static
../Drivers/API/Src/API_bme280.c:371:6:FSM_update	8	static
../Drivers/API/Src/API_bme280.c:387:6:APP_init	8	static
../Drivers/API/Src/API_bme280.c:394:6:APP_update	8	static
