../Drivers/API/Src/API_bme280.c:18:6:BME280_Error_Handler	4	static
../Drivers/API/Src/API_bme280.c:32:6:MX_SPI1_Init	8	static
../Drivers/API/Src/API_bme280.c:68:6:MX_GPIO_Init	56	static
../Drivers/API/Src/API_bme280.c:118:13:SPI_Write	24	static
../Drivers/API/Src/API_bme280.c:127:13:SPI_Read	24	static
../Drivers/API/Src/API_bme280.c:202:13:trimmingParametersRead	48	static
../Drivers/API/Src/API_bme280.c:234:6:BME280_init	16	static
../Drivers/API/Src/API_bme280.c:268:21:BME280_compensate_T_int32	32	static
../Drivers/API/Src/API_bme280.c:281:21:bme280_compensate_H_int32	24	static
../Drivers/API/Src/API_bme280.c:292:7:BME280_getTemp	4	static
../Drivers/API/Src/API_bme280.c:297:7:BME280_getHum	4	static
../Drivers/API/Src/API_bme280.c:302:16:BME280_read	32	static
../Drivers/API/Src/API_bme280.c:340:6:BME280_calculate	168	static
../Drivers/API/Src/API_bme280.c:417:6:TEST_SPI	16	static
