../Drivers/API/Src/API_bme280.c:19:6:BME280_Error_Handler	4	static
../Drivers/API/Src/API_bme280.c:33:6:MX_SPI1_Init	8	static
../Drivers/API/Src/API_bme280.c:69:6:MX_GPIO_Init	56	static
../Drivers/API/Src/API_bme280.c:119:13:SPI_Write	24	static
../Drivers/API/Src/API_bme280.c:128:13:SPI_Read	24	static
../Drivers/API/Src/API_bme280.c:203:13:trimmingParametersRead	48	static
../Drivers/API/Src/API_bme280.c:235:6:BME280_init	16	static
../Drivers/API/Src/API_bme280.c:269:21:BME280_compensate_T_int32	32	static
../Drivers/API/Src/API_bme280.c:282:21:bme280_compensate_H_int32	24	static
../Drivers/API/Src/API_bme280.c:293:7:BME280_getTemp	4	static
../Drivers/API/Src/API_bme280.c:298:7:BME280_getHum	4	static
../Drivers/API/Src/API_bme280.c:303:16:BME280_read	32	static
../Drivers/API/Src/API_bme280.c:341:6:BME280_calculate	168	static
../Drivers/API/Src/API_bme280.c:418:6:TEST_SPI	16	static
