../Drivers/API/Src/API_app.c:37:6:APP_FSM_init	4	static
../Drivers/API/Src/API_app.c:47:6:APP_evalData	16	static
../Drivers/API/Src/API_app.c:73:6:APP_uartPrepareData	32	static
../Drivers/API/Src/API_app.c:97:6:APP_uartPrepareSensorTempHum	16	static
../Drivers/API/Src/API_app.c:109:6:APP_uartDisplaySensorData	16	static
../Drivers/API/Src/API_app.c:119:6:APP_lcdPrepareSensorData	16	static
../Drivers/API/Src/API_app.c:134:6:APP_lcdDisplaySensorData	8	static
../Drivers/API/Src/API_app.c:144:6:APP_lcdAlarm	8	static
../Drivers/API/Src/API_app.c:153:6:APP_lcdDisplayClock	8	static
../Drivers/API/Src/API_app.c:167:6:APP_lcdDisplayDate	8	static
../Drivers/API/Src/API_app.c:181:6:APP_FSM_update	8	static
../Drivers/API/Src/API_app.c:201:6:APP_lcdUpdateTime	8	static
../Drivers/API/Src/API_app.c:211:6:APP_updateSensorData	8	static
../Drivers/API/Src/API_app.c:220:6:APP_prepareAndDisplaySensorData	8	static
../Drivers/API/Src/API_app.c:230:6:APP_prepareAndSendUARTData	8	static
../Drivers/API/Src/API_app.c:243:6:APP_init	8	static
../Drivers/API/Src/API_app.c:256:6:APP_update	8	static
