../Drivers/API/Src/API_bme280.c:17:6:BME280_Error_Handler	4	static
../Drivers/API/Src/API_bme280.c:26:13:SPI_Write	24	static
../Drivers/API/Src/API_bme280.c:35:13:SPI_Read	24	static
../Drivers/API/Src/API_bme280.c:53:6:tempFSM_init	4	static
../Drivers/API/Src/API_bme280.c:131:13:trimmingParametersRead	48	static
../Drivers/API/Src/API_bme280.c:163:6:BME280_init	16	static
../Drivers/API/Src/API_bme280.c:199:21:BME280_compensate_T_int32	32	static
../Drivers/API/Src/API_bme280.c:212:21:bme280_compensate_H_int32	24	static
../Drivers/API/Src/API_bme280.c:223:7:BME280_getTemp	4	static
../Drivers/API/Src/API_bme280.c:228:7:BME280_getHum	4	static
../Drivers/API/Src/API_bme280.c:234:16:BME280_read	32	static
../Drivers/API/Src/API_bme280.c:272:6:eval_data	104	static
../Drivers/API/Src/API_bme280.c:313:6:BME280_calculate	168	static
../Drivers/API/Src/API_bme280.c:388:6:FSM_update	72	static
../Drivers/API/Src/API_bme280.c:416:13:DebounceFsmErrorHandler	8	static,ignoring_inline_asm
../Drivers/API/Src/API_bme280.c:428:6:TEST_SPI	16	static
