../Drivers/API/Src/API_bme280.c:13:6:BME280_Error_Handler	4	static
../Drivers/API/Src/API_bme280.c:27:6:MX_SPI1_Init	8	static
../Drivers/API/Src/API_bme280.c:63:6:MX_GPIO_Init	56	static
../Drivers/API/Src/API_bme280.c:113:13:SPI_Write	24	static
../Drivers/API/Src/API_bme280.c:122:13:SPI_Read	24	static
../Drivers/API/Src/API_bme280.c:197:13:trimmingParametersRead	48	static
../Drivers/API/Src/API_bme280.c:229:6:BME280_init	16	static
../Drivers/API/Src/API_bme280.c:263:21:BME280_compensate_T_int32	32	static
../Drivers/API/Src/API_bme280.c:276:21:bme280_compensate_H_int32	24	static
../Drivers/API/Src/API_bme280.c:287:7:BME280_getTemp	4	static
../Drivers/API/Src/API_bme280.c:292:7:BME280_getHum	4	static
../Drivers/API/Src/API_bme280.c:297:16:BME280_read	32	static
../Drivers/API/Src/API_bme280.c:335:6:BME280_calculate	64	static
../Drivers/API/Src/API_bme280.c:354:6:TEST_SPI	16	static
