../Drivers/API/Src/API_fsm.c:5:6:tempFSM_init	4	static
../Drivers/API/Src/API_fsm.c:12:6:eval_data	72	static
../Drivers/API/Src/API_fsm.c:40:6:prepare_sensor_data_for_uart	32	static
../Drivers/API/Src/API_fsm.c:63:6:uart_display_data	16	static
../Drivers/API/Src/API_fsm.c:72:6:prepare_sensor_data_for_lcd	16	static
../Drivers/API/Src/API_fsm.c:85:6:lcd_display_sensor_data	8	static
../Drivers/API/Src/API_fsm.c:98:6:lcd_alarm	8	static
../Drivers/API/Src/API_fsm.c:104:6:lcd_display_clock	8	static
../Drivers/API/Src/API_fsm.c:114:6:lcd_display_date	8	static
../Drivers/API/Src/API_fsm.c:124:6:FSM_update	8	static
../Drivers/API/Src/API_fsm.c:140:6:APP_init	8	static
../Drivers/API/Src/API_fsm.c:149:6:APP_updateLCD	8	static
../Drivers/API/Src/API_fsm.c:155:6:APP_updateSensorData	8	static
../Drivers/API/Src/API_fsm.c:160:6:APP_prepareAndDisplaySensorData	8	static
../Drivers/API/Src/API_fsm.c:166:6:APP_prepareAndSendUARTData	112	static
../Drivers/API/Src/API_fsm.c:174:6:APP_update	8	static
