../Drivers/API/Src/API_app.c:37:6:APP_FSM_init	4	static
../Drivers/API/Src/API_app.c:50:6:APP_uartPrepareData	32	static
../Drivers/API/Src/API_app.c:74:6:APP_uartPrepareSensorTempHum	16	static
../Drivers/API/Src/API_app.c:86:6:APP_uartDisplaySensorData	16	static
../Drivers/API/Src/API_app.c:96:6:APP_lcdPrepareSensorData	16	static
../Drivers/API/Src/API_app.c:111:6:APP_lcdDisplaySensorData	8	static
../Drivers/API/Src/API_app.c:121:6:APP_lcdAlarm	8	static
../Drivers/API/Src/API_app.c:130:6:APP_lcdDisplayClock	8	static
../Drivers/API/Src/API_app.c:144:6:APP_lcdDisplayDate	8	static
../Drivers/API/Src/API_app.c:158:6:APP_FSM_update	16	static
../Drivers/API/Src/API_app.c:208:6:APP_lcdUpdateTime	8	static
../Drivers/API/Src/API_app.c:218:6:APP_updateSensorData	8	static
../Drivers/API/Src/API_app.c:227:6:APP_prepareAndDisplaySensorData	8	static
../Drivers/API/Src/API_app.c:237:6:APP_prepareAndSendUARTData	8	static
../Drivers/API/Src/API_app.c:250:6:APP_init	8	static
../Drivers/API/Src/API_app.c:263:6:APP_update	8	static
