../Drivers/API/Src/API_bme280.c:15:6:BME280_Error_Handler	4	static
../Drivers/API/Src/API_bme280.c:24:13:SPI_Write	24	static
../Drivers/API/Src/API_bme280.c:33:13:SPI_Read	24	static
../Drivers/API/Src/API_bme280.c:44:6:tempFSM_init	4	static
../Drivers/API/Src/API_bme280.c:69:13:trimmingParametersRead	48	static
../Drivers/API/Src/API_bme280.c:102:6:update_lcd_clock	8	static
../Drivers/API/Src/API_bme280.c:123:6:BME280_init	16	static
../Drivers/API/Src/API_bme280.c:185:21:BME280_compensate_T_int32	32	static
../Drivers/API/Src/API_bme280.c:198:21:bme280_compensate_H_int32	24	static
../Drivers/API/Src/API_bme280.c:209:7:BME280_getTemp	4	static
../Drivers/API/Src/API_bme280.c:214:7:BME280_getHum	4	static
../Drivers/API/Src/API_bme280.c:219:16:BME280_read	32	static
../Drivers/API/Src/API_bme280.c:257:6:eval_data	104	static
../Drivers/API/Src/API_bme280.c:297:6:BME280_calculate	64	static
../Drivers/API/Src/API_bme280.c:314:6:lcd_display_data	168	static
../Drivers/API/Src/API_bme280.c:371:6:FSM_update	72	static
../Drivers/API/Src/API_bme280.c:398:6:APP_update	8	static
