../Drivers/API/Src/API_fsm.c:25:6:tempFSM_init	4	static
../Drivers/API/Src/API_fsm.c:30:6:eval_data	72	static
../Drivers/API/Src/API_fsm.c:68:6:prepareUartData	32	static
../Drivers/API/Src/API_fsm.c:92:6:prepare_sensor_data_for_uart	16	static
../Drivers/API/Src/API_fsm.c:98:6:uart_display_data	16	static
../Drivers/API/Src/API_fsm.c:104:6:prepare_sensor_data_for_lcd	16	static
../Drivers/API/Src/API_fsm.c:115:6:lcd_display_sensor_data	8	static
../Drivers/API/Src/API_fsm.c:121:6:lcd_alarm	8	static
../Drivers/API/Src/API_fsm.c:126:6:lcd_display_clock	8	static
../Drivers/API/Src/API_fsm.c:136:6:lcd_display_date	8	static
../Drivers/API/Src/API_fsm.c:146:6:FSM_update	8	static
../Drivers/API/Src/API_fsm.c:162:6:APP_init	8	static
../Drivers/API/Src/API_fsm.c:171:6:APP_updateLCD	8	static
../Drivers/API/Src/API_fsm.c:177:6:APP_updateSensorData	8	static
../Drivers/API/Src/API_fsm.c:182:6:APP_prepareAndDisplaySensorData	8	static
../Drivers/API/Src/API_fsm.c:188:6:APP_prepareAndSendUARTData	8	static
../Drivers/API/Src/API_fsm.c:197:6:APP_update	8	static
